<?xml version="1.0"?>
<link_info>
   <banner>TMS320C55x Linker PC v4.4.1</banner>
   <copyright>Copyright (c) 1996-2012 Texas Instruments Incorporated</copyright>
   <link_time>0x5abcd43c</link_time>
   <output_file>EQ.out</output_file>
   <entry_point>
      <name>_c_int00</name>
      <address>0x285df</address>
   </entry_point>
   <input_file_list>
      <input_file id="fl-2">
         <path>.\</path>
         <kind>object</kind>
         <file>aic3204.obj</file>
         <name>aic3204.obj</name>
      </input_file>
      <input_file id="fl-3">
         <path>.\</path>
         <kind>object</kind>
         <file>aic3204_init.obj</file>
         <name>aic3204_init.obj</name>
      </input_file>
      <input_file id="fl-4">
         <path>.\</path>
         <kind>object</kind>
         <file>ezdsp5535_aic3204_dma.obj</file>
         <name>ezdsp5535_aic3204_dma.obj</name>
      </input_file>
      <input_file id="fl-5">
         <path>.\</path>
         <kind>object</kind>
         <file>iir.obj</file>
         <name>iir.obj</name>
      </input_file>
      <input_file id="fl-6">
         <path>.\</path>
         <kind>object</kind>
         <file>main.obj</file>
         <name>main.obj</name>
      </input_file>
      <input_file id="fl-7">
         <path>.\</path>
         <kind>object</kind>
         <file>print_number.obj</file>
         <name>print_number.obj</name>
      </input_file>
      <input_file id="fl-8">
         <path>.\</path>
         <kind>object</kind>
         <file>processing.obj</file>
         <name>processing.obj</name>
      </input_file>
      <input_file id="fl-11">
         <path>..\c55xx_csl\lib\</path>
         <kind>archive</kind>
         <file>cslVC5505.lib</file>
         <name>vectors.obj</name>
      </input_file>
      <input_file id="fl-12">
         <path>..\c55xx_csl\lib\</path>
         <kind>archive</kind>
         <file>cslVC5505.lib</file>
         <name>csl_irqplug.obj</name>
      </input_file>
      <input_file id="fl-13">
         <path>..\c55xx_csl\lib\</path>
         <kind>archive</kind>
         <file>cslVC5505.lib</file>
         <name>csl_intc.obj</name>
      </input_file>
      <input_file id="fl-14">
         <path>..\c55xx_csl\lib\</path>
         <kind>archive</kind>
         <file>cslVC5505.lib</file>
         <name>csl_i2s.obj</name>
      </input_file>
      <input_file id="fl-15">
         <path>..\lib\</path>
         <kind>archive</kind>
         <file>ezdsp5535bsl.lib</file>
         <name>ezdsp5535_sar.obj</name>
      </input_file>
      <input_file id="fl-16">
         <path>..\lib\</path>
         <kind>archive</kind>
         <file>ezdsp5535bsl.lib</file>
         <name>ezdsp5535_lcd.obj</name>
      </input_file>
      <input_file id="fl-17">
         <path>..\lib\</path>
         <kind>archive</kind>
         <file>ezdsp5535bsl.lib</file>
         <name>ezdsp5535_i2s.obj</name>
      </input_file>
      <input_file id="fl-18">
         <path>..\lib\</path>
         <kind>archive</kind>
         <file>ezdsp5535bsl.lib</file>
         <name>ezdsp5535_i2c.obj</name>
      </input_file>
      <input_file id="fl-19">
         <path>..\lib\</path>
         <kind>archive</kind>
         <file>ezdsp5535bsl.lib</file>
         <name>ezdsp5535_gpio.obj</name>
      </input_file>
      <input_file id="fl-1a">
         <path>..\lib\</path>
         <kind>archive</kind>
         <file>ezdsp5535bsl.lib</file>
         <name>ezdsp5535.obj</name>
      </input_file>
      <input_file id="fl-1b">
         <path>C:\ti\ccs620\ccsv6\tools\compiler\c5500_4.4.1\lib\</path>
         <kind>archive</kind>
         <file>rts55x.lib</file>
         <name>boot.obj</name>
      </input_file>
      <input_file id="fl-1c">
         <path>C:\ti\ccs620\ccsv6\tools\compiler\c5500_4.4.1\lib\</path>
         <kind>archive</kind>
         <file>rts55x.lib</file>
         <name>exit.obj</name>
      </input_file>
      <input_file id="fl-1d">
         <path>C:\ti\ccs620\ccsv6\tools\compiler\c5500_4.4.1\lib\</path>
         <kind>archive</kind>
         <file>rts55x.lib</file>
         <name>fixdi.obj</name>
      </input_file>
      <input_file id="fl-1e">
         <path>C:\ti\ccs620\ccsv6\tools\compiler\c5500_4.4.1\lib\</path>
         <kind>archive</kind>
         <file>rts55x.lib</file>
         <name>fixdli.obj</name>
      </input_file>
      <input_file id="fl-1f">
         <path>C:\ti\ccs620\ccsv6\tools\compiler\c5500_4.4.1\lib\</path>
         <kind>archive</kind>
         <file>rts55x.lib</file>
         <name>fltid.obj</name>
      </input_file>
      <input_file id="fl-20">
         <path>C:\ti\ccs620\ccsv6\tools\compiler\c5500_4.4.1\lib\</path>
         <kind>archive</kind>
         <file>rts55x.lib</file>
         <name>fltlid.obj</name>
      </input_file>
      <input_file id="fl-21">
         <path>C:\ti\ccs620\ccsv6\tools\compiler\c5500_4.4.1\lib\</path>
         <kind>archive</kind>
         <file>rts55x.lib</file>
         <name>memset.obj</name>
      </input_file>
      <input_file id="fl-22">
         <path>C:\ti\ccs620\ccsv6\tools\compiler\c5500_4.4.1\lib\</path>
         <kind>archive</kind>
         <file>rts55x.lib</file>
         <name>mpyd.obj</name>
      </input_file>
      <input_file id="fl-23">
         <path>C:\ti\ccs620\ccsv6\tools\compiler\c5500_4.4.1\lib\</path>
         <kind>archive</kind>
         <file>rts55x.lib</file>
         <name>printf.obj</name>
      </input_file>
      <input_file id="fl-24">
         <path>C:\ti\ccs620\ccsv6\tools\compiler\c5500_4.4.1\lib\</path>
         <kind>archive</kind>
         <file>rts55x.lib</file>
         <name>vectors.obj</name>
      </input_file>
      <input_file id="fl-25">
         <path>C:\ti\ccs620\ccsv6\tools\compiler\c5500_4.4.1\lib\</path>
         <kind>archive</kind>
         <file>rts55x.lib</file>
         <name>_lock.obj</name>
      </input_file>
      <input_file id="fl-26">
         <path>C:\ti\ccs620\ccsv6\tools\compiler\c5500_4.4.1\lib\</path>
         <kind>archive</kind>
         <file>rts55x.lib</file>
         <name>_printfi.obj</name>
      </input_file>
      <input_file id="fl-27">
         <path>C:\ti\ccs620\ccsv6\tools\compiler\c5500_4.4.1\lib\</path>
         <kind>archive</kind>
         <file>rts55x.lib</file>
         <name>args_main.obj</name>
      </input_file>
      <input_file id="fl-28">
         <path>C:\ti\ccs620\ccsv6\tools\compiler\c5500_4.4.1\lib\</path>
         <kind>archive</kind>
         <file>rts55x.lib</file>
         <name>atoi.obj</name>
      </input_file>
      <input_file id="fl-29">
         <path>C:\ti\ccs620\ccsv6\tools\compiler\c5500_4.4.1\lib\</path>
         <kind>archive</kind>
         <file>rts55x.lib</file>
         <name>autoinit.obj</name>
      </input_file>
      <input_file id="fl-2a">
         <path>C:\ti\ccs620\ccsv6\tools\compiler\c5500_4.4.1\lib\</path>
         <kind>archive</kind>
         <file>rts55x.lib</file>
         <name>cmpd.obj</name>
      </input_file>
      <input_file id="fl-2b">
         <path>C:\ti\ccs620\ccsv6\tools\compiler\c5500_4.4.1\lib\</path>
         <kind>archive</kind>
         <file>rts55x.lib</file>
         <name>ctype.obj</name>
      </input_file>
      <input_file id="fl-2c">
         <path>C:\ti\ccs620\ccsv6\tools\compiler\c5500_4.4.1\lib\</path>
         <kind>archive</kind>
         <file>rts55x.lib</file>
         <name>defs.obj</name>
      </input_file>
      <input_file id="fl-2d">
         <path>C:\ti\ccs620\ccsv6\tools\compiler\c5500_4.4.1\lib\</path>
         <kind>archive</kind>
         <file>rts55x.lib</file>
         <name>divd.obj</name>
      </input_file>
      <input_file id="fl-2e">
         <path>C:\ti\ccs620\ccsv6\tools\compiler\c5500_4.4.1\lib\</path>
         <kind>archive</kind>
         <file>rts55x.lib</file>
         <name>divul.obj</name>
      </input_file>
      <input_file id="fl-2f">
         <path>C:\ti\ccs620\ccsv6\tools\compiler\c5500_4.4.1\lib\</path>
         <kind>archive</kind>
         <file>rts55x.lib</file>
         <name>fputc.obj</name>
      </input_file>
      <input_file id="fl-30">
         <path>C:\ti\ccs620\ccsv6\tools\compiler\c5500_4.4.1\lib\</path>
         <kind>archive</kind>
         <file>rts55x.lib</file>
         <name>fputs.obj</name>
      </input_file>
      <input_file id="fl-31">
         <path>C:\ti\ccs620\ccsv6\tools\compiler\c5500_4.4.1\lib\</path>
         <kind>archive</kind>
         <file>rts55x.lib</file>
         <name>frcmpyd.obj</name>
      </input_file>
      <input_file id="fl-32">
         <path>C:\ti\ccs620\ccsv6\tools\compiler\c5500_4.4.1\lib\</path>
         <kind>archive</kind>
         <file>rts55x.lib</file>
         <name>frcmpyd_div.obj</name>
      </input_file>
      <input_file id="fl-33">
         <path>C:\ti\ccs620\ccsv6\tools\compiler\c5500_4.4.1\lib\</path>
         <kind>archive</kind>
         <file>rts55x.lib</file>
         <name>isinf.obj</name>
      </input_file>
      <input_file id="fl-34">
         <path>C:\ti\ccs620\ccsv6\tools\compiler\c5500_4.4.1\lib\</path>
         <kind>archive</kind>
         <file>rts55x.lib</file>
         <name>llmpy.obj</name>
      </input_file>
      <input_file id="fl-35">
         <path>C:\ti\ccs620\ccsv6\tools\compiler\c5500_4.4.1\lib\</path>
         <kind>archive</kind>
         <file>rts55x.lib</file>
         <name>lmpy.obj</name>
      </input_file>
      <input_file id="fl-36">
         <path>C:\ti\ccs620\ccsv6\tools\compiler\c5500_4.4.1\lib\</path>
         <kind>archive</kind>
         <file>rts55x.lib</file>
         <name>lowlev.obj</name>
      </input_file>
      <input_file id="fl-37">
         <path>C:\ti\ccs620\ccsv6\tools\compiler\c5500_4.4.1\lib\</path>
         <kind>archive</kind>
         <file>rts55x.lib</file>
         <name>ltoa.obj</name>
      </input_file>
      <input_file id="fl-38">
         <path>C:\ti\ccs620\ccsv6\tools\compiler\c5500_4.4.1\lib\</path>
         <kind>archive</kind>
         <file>rts55x.lib</file>
         <name>memccpy.obj</name>
      </input_file>
      <input_file id="fl-39">
         <path>C:\ti\ccs620\ccsv6\tools\compiler\c5500_4.4.1\lib\</path>
         <kind>archive</kind>
         <file>rts55x.lib</file>
         <name>memcpy.obj</name>
      </input_file>
      <input_file id="fl-3a">
         <path>C:\ti\ccs620\ccsv6\tools\compiler\c5500_4.4.1\lib\</path>
         <kind>archive</kind>
         <file>rts55x.lib</file>
         <name>negd.obj</name>
      </input_file>
      <input_file id="fl-3b">
         <path>C:\ti\ccs620\ccsv6\tools\compiler\c5500_4.4.1\lib\</path>
         <kind>archive</kind>
         <file>rts55x.lib</file>
         <name>remli.obj</name>
      </input_file>
      <input_file id="fl-3c">
         <path>C:\ti\ccs620\ccsv6\tools\compiler\c5500_4.4.1\lib\</path>
         <kind>archive</kind>
         <file>rts55x.lib</file>
         <name>remul.obj</name>
      </input_file>
      <input_file id="fl-3d">
         <path>C:\ti\ccs620\ccsv6\tools\compiler\c5500_4.4.1\lib\</path>
         <kind>archive</kind>
         <file>rts55x.lib</file>
         <name>subd.obj</name>
      </input_file>
      <input_file id="fl-3e">
         <path>C:\ti\ccs620\ccsv6\tools\compiler\c5500_4.4.1\lib\</path>
         <kind>archive</kind>
         <file>rts55x.lib</file>
         <name>trgdrv.obj</name>
      </input_file>
      <input_file id="fl-3f">
         <path>C:\ti\ccs620\ccsv6\tools\compiler\c5500_4.4.1\lib\</path>
         <kind>archive</kind>
         <file>rts55x.lib</file>
         <name>trgmsg.obj</name>
      </input_file>
      <input_file id="fl-40">
         <path>C:\ti\ccs620\ccsv6\tools\compiler\c5500_4.4.1\lib\</path>
         <kind>archive</kind>
         <file>rts55x.lib</file>
         <name>udiv.obj</name>
      </input_file>
      <input_file id="fl-41">
         <path>C:\ti\ccs620\ccsv6\tools\compiler\c5500_4.4.1\lib\</path>
         <kind>archive</kind>
         <file>rts55x.lib</file>
         <name>_io_perm.obj</name>
      </input_file>
      <input_file id="fl-42">
         <path>C:\ti\ccs620\ccsv6\tools\compiler\c5500_4.4.1\lib\</path>
         <kind>archive</kind>
         <file>rts55x.lib</file>
         <name>addd.obj</name>
      </input_file>
      <input_file id="fl-43">
         <path>C:\ti\ccs620\ccsv6\tools\compiler\c5500_4.4.1\lib\</path>
         <kind>archive</kind>
         <file>rts55x.lib</file>
         <name>divli.obj</name>
      </input_file>
      <input_file id="fl-44">
         <path>C:\ti\ccs620\ccsv6\tools\compiler\c5500_4.4.1\lib\</path>
         <kind>archive</kind>
         <file>rts55x.lib</file>
         <name>fflush.obj</name>
      </input_file>
      <input_file id="fl-45">
         <path>C:\ti\ccs620\ccsv6\tools\compiler\c5500_4.4.1\lib\</path>
         <kind>archive</kind>
         <file>rts55x.lib</file>
         <name>fseek.obj</name>
      </input_file>
      <input_file id="fl-46">
         <path>C:\ti\ccs620\ccsv6\tools\compiler\c5500_4.4.1\lib\</path>
         <kind>archive</kind>
         <file>rts55x.lib</file>
         <name>setvbuf.obj</name>
      </input_file>
      <input_file id="fl-47">
         <path>C:\ti\ccs620\ccsv6\tools\compiler\c5500_4.4.1\lib\</path>
         <kind>archive</kind>
         <file>rts55x.lib</file>
         <name>fopen.obj</name>
      </input_file>
      <input_file id="fl-48">
         <path>C:\ti\ccs620\ccsv6\tools\compiler\c5500_4.4.1\lib\</path>
         <kind>archive</kind>
         <file>rts55x.lib</file>
         <name>memory.obj</name>
      </input_file>
      <input_file id="fl-49">
         <path>C:\ti\ccs620\ccsv6\tools\compiler\c5500_4.4.1\lib\</path>
         <kind>archive</kind>
         <file>rts55x.lib</file>
         <name>fclose.obj</name>
      </input_file>
      <input_file id="fl-4a">
         <path>C:\ti\ccs620\ccsv6\tools\compiler\c5500_4.4.1\lib\</path>
         <kind>archive</kind>
         <file>rts55x.lib</file>
         <name>remove.obj</name>
      </input_file>
      <input_file id="fl-4b">
         <path>..\c55xx_csl\lib\</path>
         <kind>archive</kind>
         <file>cslVC5505.lib</file>
         <name>csl_sar.obj</name>
      </input_file>
      <input_file id="fl-4c">
         <path>..\c55xx_csl\lib\</path>
         <kind>archive</kind>
         <file>cslVC5505.lib</file>
         <name>csl_i2c.obj</name>
      </input_file>
      <input_file id="fl-4d">
         <path>..\c55xx_csl\lib\</path>
         <kind>archive</kind>
         <file>cslVC5505.lib</file>
         <name>csl_gpio.obj</name>
      </input_file>
   </input_file_list>
   <object_component_list>
      <object_component id="oc-a9">
         <name>.text</name>
         <load_address>0x20000</load_address>
         <run_address>0x20000</run_address>
         <size>0x15a4</size>
         <input_file_ref idref="fl-26"/>
      </object_component>
      <object_component id="oc-14d">
         <name>.text</name>
         <load_address>0x215a4</load_address>
         <run_address>0x215a4</run_address>
         <size>0xc3c</size>
         <input_file_ref idref="fl-4c"/>
      </object_component>
      <object_component id="oc-148">
         <name>.text</name>
         <load_address>0x221e0</load_address>
         <run_address>0x221e0</run_address>
         <size>0xb18</size>
         <input_file_ref idref="fl-4b"/>
      </object_component>
      <object_component id="oc-4e">
         <name>.text</name>
         <load_address>0x22cf8</load_address>
         <run_address>0x22cf8</run_address>
         <size>0x9f3</size>
         <input_file_ref idref="fl-14"/>
      </object_component>
      <object_component id="oc-153">
         <name>.text</name>
         <load_address>0x236eb</load_address>
         <run_address>0x236eb</run_address>
         <size>0x68d</size>
         <input_file_ref idref="fl-4d"/>
      </object_component>
      <object_component id="oc-18">
         <name>.text</name>
         <load_address>0x23d78</load_address>
         <run_address>0x23d78</run_address>
         <size>0x5b5</size>
         <input_file_ref idref="fl-3"/>
      </object_component>
      <object_component id="oc-48">
         <name>.text</name>
         <load_address>0x2432d</load_address>
         <run_address>0x2432d</run_address>
         <size>0x554</size>
         <input_file_ref idref="fl-13"/>
      </object_component>
      <object_component id="oc-ea">
         <name>.text</name>
         <load_address>0x24881</load_address>
         <run_address>0x24881</run_address>
         <size>0x543</size>
         <input_file_ref idref="fl-36"/>
      </object_component>
      <object_component id="oc-10c">
         <name>.text</name>
         <load_address>0x24dc4</load_address>
         <run_address>0x24dc4</run_address>
         <size>0x528</size>
         <input_file_ref idref="fl-3e"/>
      </object_component>
      <object_component id="oc-139">
         <name>.text</name>
         <load_address>0x252ec</load_address>
         <run_address>0x252ec</run_address>
         <size>0x4b5</size>
         <input_file_ref idref="fl-48"/>
      </object_component>
      <object_component id="oc-c5">
         <name>.text</name>
         <load_address>0x257a1</load_address>
         <run_address>0x257a1</run_address>
         <size>0x3cc</size>
         <input_file_ref idref="fl-2d"/>
      </object_component>
      <object_component id="oc-1e">
         <name>.text</name>
         <load_address>0x25b6d</load_address>
         <run_address>0x25b6d</run_address>
         <size>0x31b</size>
         <input_file_ref idref="fl-4"/>
      </object_component>
      <object_component id="oc-33">
         <name>.text</name>
         <load_address>0x25e88</load_address>
         <run_address>0x25e88</run_address>
         <size>0x2d2</size>
         <input_file_ref idref="fl-7"/>
      </object_component>
      <object_component id="oc-133">
         <name>.text</name>
         <load_address>0x2615a</load_address>
         <run_address>0x2615a</run_address>
         <size>0x27f</size>
         <input_file_ref idref="fl-47"/>
      </object_component>
      <object_component id="oc-39">
         <name>.text</name>
         <load_address>0x263d9</load_address>
         <run_address>0x263d9</run_address>
         <size>0x266</size>
         <input_file_ref idref="fl-8"/>
      </object_component>
      <object_component id="oc-e2">
         <name>.text</name>
         <load_address>0x2663f</load_address>
         <run_address>0x2663f</run_address>
         <size>0x25e</size>
         <input_file_ref idref="fl-34"/>
      </object_component>
      <object_component id="oc-11f">
         <name>.text</name>
         <load_address>0x2689d</load_address>
         <run_address>0x2689d</run_address>
         <size>0x25a</size>
         <input_file_ref idref="fl-42"/>
      </object_component>
      <object_component id="oc-2a">
         <name>.text</name>
         <load_address>0x26af7</load_address>
         <run_address>0x26af7</run_address>
         <size>0x250</size>
         <input_file_ref idref="fl-6"/>
      </object_component>
      <object_component id="oc-bb">
         <name>.text</name>
         <load_address>0x26d47</load_address>
         <run_address>0x26d47</run_address>
         <size>0x1ea</size>
         <input_file_ref idref="fl-2a"/>
      </object_component>
      <object_component id="oc-5c">
         <name>.text</name>
         <load_address>0x26f31</load_address>
         <run_address>0x26f31</run_address>
         <size>0x192</size>
         <input_file_ref idref="fl-16"/>
      </object_component>
      <object_component id="oc-55">
         <name>.text</name>
         <load_address>0x270c3</load_address>
         <run_address>0x270c3</run_address>
         <size>0x17a</size>
         <input_file_ref idref="fl-15"/>
      </object_component>
      <object_component id="oc-d1">
         <name>.text</name>
         <load_address>0x2723d</load_address>
         <run_address>0x2723d</run_address>
         <size>0x163</size>
         <input_file_ref idref="fl-30"/>
      </object_component>
      <object_component id="oc-97">
         <name>.text</name>
         <load_address>0x273a0</load_address>
         <run_address>0x273a0</run_address>
         <size>0x14c</size>
         <input_file_ref idref="fl-22"/>
      </object_component>
      <object_component id="oc-25">
         <name>.text</name>
         <load_address>0x274ec</load_address>
         <run_address>0x274ec</run_address>
         <size>0x120</size>
         <input_file_ref idref="fl-5"/>
      </object_component>
      <object_component id="oc-61">
         <name>.text</name>
         <load_address>0x2760c</load_address>
         <run_address>0x2760c</run_address>
         <size>0x107</size>
         <input_file_ref idref="fl-17"/>
      </object_component>
      <object_component id="oc-12f">
         <name>.text</name>
         <load_address>0x27713</load_address>
         <run_address>0x27713</run_address>
         <size>0xe6</size>
         <input_file_ref idref="fl-46"/>
      </object_component>
      <object_component id="oc-11b">
         <name>.text</name>
         <load_address>0x277f9</load_address>
         <run_address>0x277f9</run_address>
         <size>0xdd</size>
         <input_file_ref idref="fl-41"/>
      </object_component>
      <object_component id="oc-21">
         <name>.text:retain</name>
         <load_address>0x278d6</load_address>
         <run_address>0x278d6</run_address>
         <size>0xcc</size>
         <input_file_ref idref="fl-4"/>
      </object_component>
      <object_component id="oc-12">
         <name>.text</name>
         <load_address>0x279a2</load_address>
         <run_address>0x279a2</run_address>
         <size>0xc3</size>
         <input_file_ref idref="fl-2"/>
      </object_component>
      <object_component id="oc-127">
         <name>.text</name>
         <load_address>0x27a65</load_address>
         <run_address>0x27a65</run_address>
         <size>0xc2</size>
         <input_file_ref idref="fl-44"/>
      </object_component>
      <object_component id="oc-114">
         <name>.text:CIO_breakpoint</name>
         <load_address>0x27b27</load_address>
         <run_address>0x27b27</run_address>
         <size>0xba</size>
         <input_file_ref idref="fl-3f"/>
      </object_component>
      <object_component id="oc-cd">
         <name>.text</name>
         <load_address>0x27be1</load_address>
         <run_address>0x27be1</run_address>
         <size>0xa6</size>
         <input_file_ref idref="fl-2f"/>
      </object_component>
      <object_component id="oc-c9">
         <name>.text</name>
         <load_address>0x27c87</load_address>
         <run_address>0x27c87</run_address>
         <size>0xa1</size>
         <input_file_ref idref="fl-2e"/>
      </object_component>
      <object_component id="oc-67">
         <name>.text</name>
         <load_address>0x27d28</load_address>
         <run_address>0x27d28</run_address>
         <size>0x8e</size>
         <input_file_ref idref="fl-18"/>
      </object_component>
      <object_component id="oc-44">
         <name>.text</name>
         <load_address>0x27db6</load_address>
         <run_address>0x27db6</run_address>
         <size>0x8c</size>
         <input_file_ref idref="fl-12"/>
      </object_component>
      <object_component id="oc-6c">
         <name>.text</name>
         <load_address>0x27e42</load_address>
         <run_address>0x27e42</run_address>
         <size>0x87</size>
         <input_file_ref idref="fl-19"/>
      </object_component>
      <object_component id="oc-f0">
         <name>.text</name>
         <load_address>0x27ec9</load_address>
         <run_address>0x27ec9</run_address>
         <size>0x7d</size>
         <input_file_ref idref="fl-37"/>
      </object_component>
      <object_component id="oc-140">
         <name>.text</name>
         <load_address>0x27f46</load_address>
         <run_address>0x27f46</run_address>
         <size>0x7b</size>
         <input_file_ref idref="fl-49"/>
      </object_component>
      <object_component id="oc-d6">
         <name>.text</name>
         <load_address>0x27fc1</load_address>
         <run_address>0x27fc1</run_address>
         <size>0x76</size>
         <input_file_ref idref="fl-31"/>
      </object_component>
      <object_component id="oc-da">
         <name>.text</name>
         <load_address>0x28037</load_address>
         <run_address>0x28037</run_address>
         <size>0x73</size>
         <input_file_ref idref="fl-32"/>
      </object_component>
      <object_component id="oc-104">
         <name>.text</name>
         <load_address>0x280aa</load_address>
         <run_address>0x280aa</run_address>
         <size>0x72</size>
         <input_file_ref idref="fl-3c"/>
      </object_component>
      <object_component id="oc-86">
         <name>.text</name>
         <load_address>0x2811c</load_address>
         <run_address>0x2811c</run_address>
         <size>0x6f</size>
         <input_file_ref idref="fl-1e"/>
      </object_component>
      <object_component id="oc-3f">
         <name>.text</name>
         <load_address>0x2818b</load_address>
         <run_address>0x2818b</run_address>
         <size>0x6d</size>
         <input_file_ref idref="fl-11"/>
      </object_component>
      <object_component id="oc-111">
         <name>.text</name>
         <load_address>0x281f8</load_address>
         <run_address>0x281f8</run_address>
         <size>0x6d</size>
         <input_file_ref idref="fl-3f"/>
      </object_component>
      <object_component id="oc-12b">
         <name>.text</name>
         <load_address>0x28265</load_address>
         <run_address>0x28265</run_address>
         <size>0x6b</size>
         <input_file_ref idref="fl-45"/>
      </object_component>
      <object_component id="oc-8e">
         <name>.text</name>
         <load_address>0x282d0</load_address>
         <run_address>0x282d0</run_address>
         <size>0x67</size>
         <input_file_ref idref="fl-20"/>
      </object_component>
      <object_component id="oc-b3">
         <name>.text</name>
         <load_address>0x28337</load_address>
         <run_address>0x28337</run_address>
         <size>0x5c</size>
         <input_file_ref idref="fl-28"/>
      </object_component>
      <object_component id="oc-72">
         <name>.text</name>
         <load_address>0x28393</load_address>
         <run_address>0x28393</run_address>
         <size>0x54</size>
         <input_file_ref idref="fl-1a"/>
      </object_component>
      <object_component id="oc-9b">
         <name>.text</name>
         <load_address>0x283e7</load_address>
         <run_address>0x283e7</run_address>
         <size>0x50</size>
         <input_file_ref idref="fl-23"/>
      </object_component>
      <object_component id="oc-b7">
         <name>.text</name>
         <load_address>0x28437</load_address>
         <run_address>0x28437</run_address>
         <size>0x4d</size>
         <input_file_ref idref="fl-29"/>
      </object_component>
      <object_component id="oc-af">
         <name>.text</name>
         <load_address>0x28484</load_address>
         <run_address>0x28484</run_address>
         <size>0x4b</size>
         <input_file_ref idref="fl-27"/>
      </object_component>
      <object_component id="oc-100">
         <name>.text</name>
         <load_address>0x284cf</load_address>
         <run_address>0x284cf</run_address>
         <size>0x4b</size>
         <input_file_ref idref="fl-3b"/>
      </object_component>
      <object_component id="oc-123">
         <name>.text</name>
         <load_address>0x2851a</load_address>
         <run_address>0x2851a</run_address>
         <size>0x48</size>
         <input_file_ref idref="fl-43"/>
      </object_component>
      <object_component id="oc-f8">
         <name>.text</name>
         <load_address>0x28562</load_address>
         <run_address>0x28562</run_address>
         <size>0x3f</size>
         <input_file_ref idref="fl-39"/>
      </object_component>
      <object_component id="oc-7b">
         <name>.text</name>
         <load_address>0x285a1</load_address>
         <run_address>0x285a1</run_address>
         <size>0x3e</size>
         <input_file_ref idref="fl-1c"/>
      </object_component>
      <object_component id="oc-10">
         <name>.text</name>
         <load_address>0x285df</load_address>
         <run_address>0x285df</run_address>
         <size>0x34</size>
         <input_file_ref idref="fl-1b"/>
      </object_component>
      <object_component id="oc-82">
         <name>.text</name>
         <load_address>0x28613</load_address>
         <run_address>0x28613</run_address>
         <size>0x2a</size>
         <input_file_ref idref="fl-1d"/>
      </object_component>
      <object_component id="oc-117">
         <name>.text</name>
         <load_address>0x2863d</load_address>
         <run_address>0x2863d</run_address>
         <size>0x2a</size>
         <input_file_ref idref="fl-40"/>
      </object_component>
      <object_component id="oc-f4">
         <name>.text</name>
         <load_address>0x28667</load_address>
         <run_address>0x28667</run_address>
         <size>0x23</size>
         <input_file_ref idref="fl-38"/>
      </object_component>
      <object_component id="oc-de">
         <name>.text</name>
         <load_address>0x2868a</load_address>
         <run_address>0x2868a</run_address>
         <size>0x1a</size>
         <input_file_ref idref="fl-33"/>
      </object_component>
      <object_component id="oc-108">
         <name>.text</name>
         <load_address>0x286a4</load_address>
         <run_address>0x286a4</run_address>
         <size>0x14</size>
         <input_file_ref idref="fl-3d"/>
      </object_component>
      <object_component id="oc-e6">
         <name>.text</name>
         <load_address>0x286b8</load_address>
         <run_address>0x286b8</run_address>
         <size>0x13</size>
         <input_file_ref idref="fl-35"/>
      </object_component>
      <object_component id="oc-a3">
         <name>.text</name>
         <load_address>0x286cb</load_address>
         <run_address>0x286cb</run_address>
         <size>0x12</size>
         <input_file_ref idref="fl-25"/>
      </object_component>
      <object_component id="oc-93">
         <name>.text</name>
         <load_address>0x286dd</load_address>
         <run_address>0x286dd</run_address>
         <size>0x11</size>
         <input_file_ref idref="fl-21"/>
      </object_component>
      <object_component id="oc-fc">
         <name>.text</name>
         <load_address>0x286ee</load_address>
         <run_address>0x286ee</run_address>
         <size>0x10</size>
         <input_file_ref idref="fl-3a"/>
      </object_component>
      <object_component id="oc-8a">
         <name>.text</name>
         <load_address>0x286fe</load_address>
         <run_address>0x286fe</run_address>
         <size>0xc</size>
         <input_file_ref idref="fl-1f"/>
      </object_component>
      <object_component id="oc-144">
         <name>.text</name>
         <load_address>0x2870a</load_address>
         <run_address>0x2870a</run_address>
         <size>0xa</size>
         <input_file_ref idref="fl-4a"/>
      </object_component>
      <object_component id="oc-7f">
         <name>.text:CIO_breakpoint</name>
         <load_address>0x28714</load_address>
         <run_address>0x28714</run_address>
         <size>0x7</size>
         <input_file_ref idref="fl-1c"/>
      </object_component>
      <object_component id="oc-9f">
         <name>.text</name>
         <load_address>0x2871b</load_address>
         <run_address>0x2871b</run_address>
         <size>0x2</size>
         <input_file_ref idref="fl-24"/>
      </object_component>
      <object_component id="oc-77">
         <name>.stack</name>
         <uninitialized>true</uninitialized>
         <run_address>0xc0</run_address>
         <size>0x0</size>
         <input_file_ref idref="fl-1b"/>
      </object_component>
      <object_component id="oc-174">
         <name>.stack</name>
         <uninitialized>true</uninitialized>
         <run_address>0xc0</run_address>
         <size>0x0</size>
      </object_component>
      <object_component id="oc-158">
         <name>.sysstack</name>
         <uninitialized>true</uninitialized>
         <run_address>0x20c0</run_address>
         <size>0x0</size>
         <input_file_ref idref="fl-1b"/>
      </object_component>
      <object_component id="oc-176">
         <name>.sysstack</name>
         <uninitialized>true</uninitialized>
         <run_address>0x20c0</run_address>
         <size>0x0</size>
      </object_component>
      <object_component id="oc-1f">
         <name>.bss</name>
         <uninitialized>true</uninitialized>
         <run_address>0x50c0</run_address>
         <size>0x810</size>
         <input_file_ref idref="fl-4"/>
      </object_component>
      <object_component id="oc-2b">
         <name>.bss</name>
         <uninitialized>true</uninitialized>
         <run_address>0x58d0</run_address>
         <size>0x540</size>
         <input_file_ref idref="fl-6"/>
      </object_component>
      <object_component id="oc-c1">
         <name>.bss</name>
         <uninitialized>true</uninitialized>
         <run_address>0x5e10</run_address>
         <size>0x232</size>
         <input_file_ref idref="fl-2c"/>
      </object_component>
      <object_component id="oc-10d">
         <name>.bss</name>
         <uninitialized>true</uninitialized>
         <run_address>0x6042</run_address>
         <size>0x1a0</size>
         <input_file_ref idref="fl-3e"/>
      </object_component>
      <object_component id="oc-134">
         <name>.bss</name>
         <uninitialized>true</uninitialized>
         <run_address>0x61e2</run_address>
         <size>0x2</size>
         <input_file_ref idref="fl-47"/>
      </object_component>
      <object_component id="oc-49">
         <name>.bss</name>
         <uninitialized>true</uninitialized>
         <run_address>0x61e4</run_address>
         <size>0x108</size>
         <input_file_ref idref="fl-13"/>
      </object_component>
      <object_component id="oc-eb">
         <name>.bss</name>
         <uninitialized>true</uninitialized>
         <run_address>0x62ec</run_address>
         <size>0xe2</size>
         <input_file_ref idref="fl-36"/>
      </object_component>
      <object_component id="oc-4f">
         <name>.bss</name>
         <uninitialized>true</uninitialized>
         <run_address>0x63ce</run_address>
         <size>0x54</size>
         <input_file_ref idref="fl-14"/>
      </object_component>
      <object_component id="oc-14e">
         <name>.bss</name>
         <uninitialized>true</uninitialized>
         <run_address>0x6424</run_address>
         <size>0x24</size>
         <input_file_ref idref="fl-4c"/>
      </object_component>
      <object_component id="oc-56">
         <name>.bss</name>
         <uninitialized>true</uninitialized>
         <run_address>0x6448</run_address>
         <size>0x10</size>
         <input_file_ref idref="fl-15"/>
      </object_component>
      <object_component id="oc-13a">
         <name>.bss</name>
         <uninitialized>true</uninitialized>
         <run_address>0x6458</run_address>
         <size>0xc</size>
         <input_file_ref idref="fl-48"/>
      </object_component>
      <object_component id="oc-6d">
         <name>.bss</name>
         <uninitialized>true</uninitialized>
         <run_address>0x6464</run_address>
         <size>0x8</size>
         <input_file_ref idref="fl-19"/>
      </object_component>
      <object_component id="oc-a4">
         <name>.bss</name>
         <uninitialized>true</uninitialized>
         <run_address>0x646c</run_address>
         <size>0x8</size>
         <input_file_ref idref="fl-25"/>
      </object_component>
      <object_component id="oc-7c">
         <name>.bss</name>
         <uninitialized>true</uninitialized>
         <run_address>0x6474</run_address>
         <size>0x8</size>
         <input_file_ref idref="fl-1c"/>
      </object_component>
      <object_component id="oc-13">
         <name>.bss</name>
         <uninitialized>true</uninitialized>
         <run_address>0x647c</run_address>
         <size>0x4</size>
         <input_file_ref idref="fl-2"/>
      </object_component>
      <object_component id="oc-62">
         <name>.bss</name>
         <uninitialized>true</uninitialized>
         <run_address>0x6480</run_address>
         <size>0x4</size>
         <input_file_ref idref="fl-17"/>
      </object_component>
      <object_component id="oc-1a">
         <name>.const:.string</name>
         <load_address>0x6484</load_address>
         <run_address>0x6484</run_address>
         <size>0x2e8</size>
         <input_file_ref idref="fl-3"/>
      </object_component>
      <object_component id="oc-15b">
         <name>.const:__ctypes_</name>
         <load_address>0x676c</load_address>
         <run_address>0x676c</run_address>
         <size>0x202</size>
         <input_file_ref idref="fl-2b"/>
      </object_component>
      <object_component id="oc-15a">
         <name>.const:_consolas_8ptBitmaps</name>
         <load_address>0x696e</load_address>
         <run_address>0x696e</run_address>
         <size>0xc0</size>
         <input_file_ref idref="fl-7"/>
      </object_component>
      <object_component id="oc-35">
         <name>.const</name>
         <load_address>0x6a2e</load_address>
         <run_address>0x6a2e</run_address>
         <size>0x2</size>
         <input_file_ref idref="fl-7"/>
      </object_component>
      <object_component id="oc-ac">
         <name>.const:.string</name>
         <load_address>0x6a30</load_address>
         <run_address>0x6a30</run_address>
         <size>0x48</size>
         <input_file_ref idref="fl-26"/>
      </object_component>
      <object_component id="oc-2f">
         <name>.const:.string</name>
         <load_address>0x6a78</load_address>
         <run_address>0x6a78</run_address>
         <size>0x3e</size>
         <input_file_ref idref="fl-6"/>
      </object_component>
      <object_component id="oc-ab">
         <name>.const</name>
         <load_address>0x6ab8</load_address>
         <run_address>0x6ab8</run_address>
         <size>0x18</size>
         <input_file_ref idref="fl-26"/>
      </object_component>
      <object_component id="oc-2e">
         <name>.const</name>
         <load_address>0x6ad0</load_address>
         <run_address>0x6ad0</run_address>
         <size>0x14</size>
         <input_file_ref idref="fl-6"/>
      </object_component>
      <object_component id="oc-15c">
         <name>.const:_initial_approx$1</name>
         <load_address>0x6ae4</load_address>
         <run_address>0x6ae4</run_address>
         <size>0x10</size>
         <input_file_ref idref="fl-2d"/>
      </object_component>
      <object_component id="oc-3b">
         <name>.const</name>
         <load_address>0x6af4</load_address>
         <run_address>0x6af4</run_address>
         <size>0x8</size>
         <input_file_ref idref="fl-8"/>
      </object_component>
      <object_component id="oc-d3">
         <name>.const:.string</name>
         <load_address>0x6afc</load_address>
         <run_address>0x6afc</run_address>
         <size>0x4</size>
         <input_file_ref idref="fl-30"/>
      </object_component>
      <object_component id="oc-90">
         <name>.const</name>
         <load_address>0x6b00</load_address>
         <run_address>0x6b00</run_address>
         <size>0x4</size>
         <input_file_ref idref="fl-20"/>
      </object_component>
      <object_component id="oc-13d">
         <name>.sysmem</name>
         <uninitialized>true</uninitialized>
         <run_address>0x30c0</run_address>
         <size>0x0</size>
         <input_file_ref idref="fl-48"/>
      </object_component>
      <object_component id="oc-175">
         <name>.sysmem</name>
         <uninitialized>true</uninitialized>
         <run_address>0x30c0</run_address>
         <size>0x0</size>
      </object_component>
      <object_component id="oc-159">
         <name>.switch:_printChar</name>
         <load_address>0x40370</load_address>
         <run_address>0x40370</run_address>
         <size>0x28</size>
         <input_file_ref idref="fl-7"/>
      </object_component>
      <object_component id="oc-ed">
         <name>.cinit</name>
         <load_address>0x40240</load_address>
         <run_address>0x40240</run_address>
         <size>0x5a</size>
         <input_file_ref idref="fl-36"/>
      </object_component>
      <object_component id="oc-c3">
         <name>.cinit</name>
         <load_address>0x4029a</load_address>
         <run_address>0x4029a</run_address>
         <size>0x54</size>
         <input_file_ref idref="fl-2c"/>
      </object_component>
      <object_component id="oc-2d">
         <name>.cinit</name>
         <load_address>0x402ee</load_address>
         <run_address>0x402ee</run_address>
         <size>0x20</size>
         <input_file_ref idref="fl-6"/>
      </object_component>
      <object_component id="oc-58">
         <name>.cinit</name>
         <load_address>0x4030e</load_address>
         <run_address>0x4030e</run_address>
         <size>0x18</size>
         <input_file_ref idref="fl-15"/>
      </object_component>
      <object_component id="oc-a6">
         <name>.cinit</name>
         <load_address>0x40326</load_address>
         <run_address>0x40326</run_address>
         <size>0x14</size>
         <input_file_ref idref="fl-25"/>
      </object_component>
      <object_component id="oc-7e">
         <name>.cinit</name>
         <load_address>0x4033a</load_address>
         <run_address>0x4033a</run_address>
         <size>0x14</size>
         <input_file_ref idref="fl-1c"/>
      </object_component>
      <object_component id="oc-51">
         <name>.cinit</name>
         <load_address>0x4034e</load_address>
         <run_address>0x4034e</run_address>
         <size>0x10</size>
         <input_file_ref idref="fl-14"/>
      </object_component>
      <object_component id="oc-136">
         <name>.cinit</name>
         <load_address>0x4035e</load_address>
         <run_address>0x4035e</run_address>
         <size>0x8</size>
         <input_file_ref idref="fl-47"/>
      </object_component>
      <object_component id="oc-13c">
         <name>.cinit</name>
         <load_address>0x40366</load_address>
         <run_address>0x40366</run_address>
         <size>0x8</size>
         <input_file_ref idref="fl-48"/>
      </object_component>
      <object_component id="oc-113">
         <name>.cio</name>
         <uninitialized>true</uninitialized>
         <run_address>0x40000</run_address>
         <size>0x240</size>
         <input_file_ref idref="fl-3f"/>
      </object_component>
      <object_component id="oc-40">
         <name>vectors</name>
         <load_address>0x4fe00</load_address>
         <run_address>0x4fe00</run_address>
         <size>0x100</size>
         <input_file_ref idref="fl-11"/>
      </object_component>
      <object_component id="oc-11">
         <name>vectors</name>
         <load_address>0x4ff00</load_address>
         <run_address>0x4ff00</run_address>
         <size>0x100</size>
         <input_file_ref idref="fl-24"/>
      </object_component>
      <object_component id="oc-14">
         <name>.debug_info</name>
         <load_address>0x0</load_address>
         <run_address>0x0</run_address>
         <size>0xc65</size>
         <input_file_ref idref="fl-2"/>
      </object_component>
      <object_component id="oc-19">
         <name>.debug_info</name>
         <load_address>0xc65</load_address>
         <run_address>0xc65</run_address>
         <size>0x1bbc</size>
         <input_file_ref idref="fl-3"/>
      </object_component>
      <object_component id="oc-20">
         <name>.debug_info</name>
         <load_address>0x2821</load_address>
         <run_address>0x2821</run_address>
         <size>0x104f</size>
         <input_file_ref idref="fl-4"/>
      </object_component>
      <object_component id="oc-26">
         <name>.debug_info</name>
         <load_address>0x3870</load_address>
         <run_address>0x3870</run_address>
         <size>0x76c</size>
         <input_file_ref idref="fl-5"/>
      </object_component>
      <object_component id="oc-2c">
         <name>.debug_info</name>
         <load_address>0x3fdc</load_address>
         <run_address>0x3fdc</run_address>
         <size>0xeea</size>
         <input_file_ref idref="fl-6"/>
      </object_component>
      <object_component id="oc-34">
         <name>.debug_info</name>
         <load_address>0x4ec6</load_address>
         <run_address>0x4ec6</run_address>
         <size>0xcee</size>
         <input_file_ref idref="fl-7"/>
      </object_component>
      <object_component id="oc-3a">
         <name>.debug_info</name>
         <load_address>0x5bb4</load_address>
         <run_address>0x5bb4</run_address>
         <size>0xda5</size>
         <input_file_ref idref="fl-8"/>
      </object_component>
      <object_component id="oc-41">
         <name>.debug_info</name>
         <load_address>0x6959</load_address>
         <run_address>0x6959</run_address>
         <size>0x1a4</size>
         <input_file_ref idref="fl-11"/>
      </object_component>
      <object_component id="oc-45">
         <name>.debug_info</name>
         <load_address>0x6afd</load_address>
         <run_address>0x6afd</run_address>
         <size>0x18e</size>
         <input_file_ref idref="fl-12"/>
      </object_component>
      <object_component id="oc-4a">
         <name>.debug_info</name>
         <load_address>0x6c8b</load_address>
         <run_address>0x6c8b</run_address>
         <size>0x6f61</size>
         <input_file_ref idref="fl-13"/>
      </object_component>
      <object_component id="oc-50">
         <name>.debug_info</name>
         <load_address>0xdbec</load_address>
         <run_address>0xdbec</run_address>
         <size>0x710f</size>
         <input_file_ref idref="fl-14"/>
      </object_component>
      <object_component id="oc-57">
         <name>.debug_info</name>
         <load_address>0x14cfb</load_address>
         <run_address>0x14cfb</run_address>
         <size>0x6384</size>
         <input_file_ref idref="fl-15"/>
      </object_component>
      <object_component id="oc-5d">
         <name>.debug_info</name>
         <load_address>0x1b07f</load_address>
         <run_address>0x1b07f</run_address>
         <size>0x5f6b</size>
         <input_file_ref idref="fl-16"/>
      </object_component>
      <object_component id="oc-63">
         <name>.debug_info</name>
         <load_address>0x20fea</load_address>
         <run_address>0x20fea</run_address>
         <size>0x6979</size>
         <input_file_ref idref="fl-17"/>
      </object_component>
      <object_component id="oc-68">
         <name>.debug_info</name>
         <load_address>0x27963</load_address>
         <run_address>0x27963</run_address>
         <size>0x65d7</size>
         <input_file_ref idref="fl-18"/>
      </object_component>
      <object_component id="oc-6e">
         <name>.debug_info</name>
         <load_address>0x2df3a</load_address>
         <run_address>0x2df3a</run_address>
         <size>0x63d2</size>
         <input_file_ref idref="fl-19"/>
      </object_component>
      <object_component id="oc-73">
         <name>.debug_info</name>
         <load_address>0x3430c</load_address>
         <run_address>0x3430c</run_address>
         <size>0x5896</size>
         <input_file_ref idref="fl-1a"/>
      </object_component>
      <object_component id="oc-78">
         <name>.debug_info</name>
         <load_address>0x39ba2</load_address>
         <run_address>0x39ba2</run_address>
         <size>0xe8</size>
         <input_file_ref idref="fl-1b"/>
      </object_component>
      <object_component id="oc-7d">
         <name>.debug_info</name>
         <load_address>0x39c8a</load_address>
         <run_address>0x39c8a</run_address>
         <size>0x5fb</size>
         <input_file_ref idref="fl-1c"/>
      </object_component>
      <object_component id="oc-83">
         <name>.debug_info</name>
         <load_address>0x3a285</load_address>
         <run_address>0x3a285</run_address>
         <size>0x4cf</size>
         <input_file_ref idref="fl-1d"/>
      </object_component>
      <object_component id="oc-87">
         <name>.debug_info</name>
         <load_address>0x3a754</load_address>
         <run_address>0x3a754</run_address>
         <size>0x534</size>
         <input_file_ref idref="fl-1e"/>
      </object_component>
      <object_component id="oc-8b">
         <name>.debug_info</name>
         <load_address>0x3ac88</load_address>
         <run_address>0x3ac88</run_address>
         <size>0x4cf</size>
         <input_file_ref idref="fl-1f"/>
      </object_component>
      <object_component id="oc-8f">
         <name>.debug_info</name>
         <load_address>0x3b157</load_address>
         <run_address>0x3b157</run_address>
         <size>0x549</size>
         <input_file_ref idref="fl-20"/>
      </object_component>
      <object_component id="oc-94">
         <name>.debug_info</name>
         <load_address>0x3b6a0</load_address>
         <run_address>0x3b6a0</run_address>
         <size>0x59d</size>
         <input_file_ref idref="fl-21"/>
      </object_component>
      <object_component id="oc-98">
         <name>.debug_info</name>
         <load_address>0x3bc3d</load_address>
         <run_address>0x3bc3d</run_address>
         <size>0x55b</size>
         <input_file_ref idref="fl-22"/>
      </object_component>
      <object_component id="oc-9c">
         <name>.debug_info</name>
         <load_address>0x3c198</load_address>
         <run_address>0x3c198</run_address>
         <size>0x76c</size>
         <input_file_ref idref="fl-23"/>
      </object_component>
      <object_component id="oc-a0">
         <name>.debug_info</name>
         <load_address>0x3c904</load_address>
         <run_address>0x3c904</run_address>
         <size>0xbc</size>
         <input_file_ref idref="fl-24"/>
      </object_component>
      <object_component id="oc-a5">
         <name>.debug_info</name>
         <load_address>0x3c9c0</load_address>
         <run_address>0x3c9c0</run_address>
         <size>0x5bc</size>
         <input_file_ref idref="fl-25"/>
      </object_component>
      <object_component id="oc-aa">
         <name>.debug_info</name>
         <load_address>0x3cf7c</load_address>
         <run_address>0x3cf7c</run_address>
         <size>0x27bd</size>
         <input_file_ref idref="fl-26"/>
      </object_component>
      <object_component id="oc-b0">
         <name>.debug_info</name>
         <load_address>0x3f739</load_address>
         <run_address>0x3f739</run_address>
         <size>0x586</size>
         <input_file_ref idref="fl-27"/>
      </object_component>
      <object_component id="oc-b4">
         <name>.debug_info</name>
         <load_address>0x3fcbf</load_address>
         <run_address>0x3fcbf</run_address>
         <size>0x5a4</size>
         <input_file_ref idref="fl-28"/>
      </object_component>
      <object_component id="oc-b8">
         <name>.debug_info</name>
         <load_address>0x40263</load_address>
         <run_address>0x40263</run_address>
         <size>0xcd</size>
         <input_file_ref idref="fl-29"/>
      </object_component>
      <object_component id="oc-bc">
         <name>.debug_info</name>
         <load_address>0x40330</load_address>
         <run_address>0x40330</run_address>
         <size>0x81f</size>
         <input_file_ref idref="fl-2a"/>
      </object_component>
      <object_component id="oc-bf">
         <name>.debug_info</name>
         <load_address>0x40b4f</load_address>
         <run_address>0x40b4f</run_address>
         <size>0x498</size>
         <input_file_ref idref="fl-2b"/>
      </object_component>
      <object_component id="oc-c2">
         <name>.debug_info</name>
         <load_address>0x40fe7</load_address>
         <run_address>0x40fe7</run_address>
         <size>0x57e</size>
         <input_file_ref idref="fl-2c"/>
      </object_component>
      <object_component id="oc-c6">
         <name>.debug_info</name>
         <load_address>0x41565</load_address>
         <run_address>0x41565</run_address>
         <size>0x7e8</size>
         <input_file_ref idref="fl-2d"/>
      </object_component>
      <object_component id="oc-ca">
         <name>.debug_info</name>
         <load_address>0x41d4d</load_address>
         <run_address>0x41d4d</run_address>
         <size>0x534</size>
         <input_file_ref idref="fl-2e"/>
      </object_component>
      <object_component id="oc-ce">
         <name>.debug_info</name>
         <load_address>0x42281</load_address>
         <run_address>0x42281</run_address>
         <size>0x6aa</size>
         <input_file_ref idref="fl-2f"/>
      </object_component>
      <object_component id="oc-d2">
         <name>.debug_info</name>
         <load_address>0x4292b</load_address>
         <run_address>0x4292b</run_address>
         <size>0x942</size>
         <input_file_ref idref="fl-30"/>
      </object_component>
      <object_component id="oc-d7">
         <name>.debug_info</name>
         <load_address>0x4326d</load_address>
         <run_address>0x4326d</run_address>
         <size>0x4d2</size>
         <input_file_ref idref="fl-31"/>
      </object_component>
      <object_component id="oc-db">
         <name>.debug_info</name>
         <load_address>0x4373f</load_address>
         <run_address>0x4373f</run_address>
         <size>0x53e</size>
         <input_file_ref idref="fl-32"/>
      </object_component>
      <object_component id="oc-df">
         <name>.debug_info</name>
         <load_address>0x43c7d</load_address>
         <run_address>0x43c7d</run_address>
         <size>0x680</size>
         <input_file_ref idref="fl-33"/>
      </object_component>
      <object_component id="oc-e3">
         <name>.debug_info</name>
         <load_address>0x442fd</load_address>
         <run_address>0x442fd</run_address>
         <size>0x7d4</size>
         <input_file_ref idref="fl-34"/>
      </object_component>
      <object_component id="oc-e7">
         <name>.debug_info</name>
         <load_address>0x44ad1</load_address>
         <run_address>0x44ad1</run_address>
         <size>0xbd</size>
         <input_file_ref idref="fl-35"/>
      </object_component>
      <object_component id="oc-ec">
         <name>.debug_info</name>
         <load_address>0x44b8e</load_address>
         <run_address>0x44b8e</run_address>
         <size>0x144b</size>
         <input_file_ref idref="fl-36"/>
      </object_component>
      <object_component id="oc-f1">
         <name>.debug_info</name>
         <load_address>0x45fd9</load_address>
         <run_address>0x45fd9</run_address>
         <size>0x5ad</size>
         <input_file_ref idref="fl-37"/>
      </object_component>
      <object_component id="oc-f5">
         <name>.debug_info</name>
         <load_address>0x46586</load_address>
         <run_address>0x46586</run_address>
         <size>0x574</size>
         <input_file_ref idref="fl-38"/>
      </object_component>
      <object_component id="oc-f9">
         <name>.debug_info</name>
         <load_address>0x46afa</load_address>
         <run_address>0x46afa</run_address>
         <size>0xd1</size>
         <input_file_ref idref="fl-39"/>
      </object_component>
      <object_component id="oc-fd">
         <name>.debug_info</name>
         <load_address>0x46bcb</load_address>
         <run_address>0x46bcb</run_address>
         <size>0x4b7</size>
         <input_file_ref idref="fl-3a"/>
      </object_component>
      <object_component id="oc-101">
         <name>.debug_info</name>
         <load_address>0x47082</load_address>
         <run_address>0x47082</run_address>
         <size>0x4f2</size>
         <input_file_ref idref="fl-3b"/>
      </object_component>
      <object_component id="oc-105">
         <name>.debug_info</name>
         <load_address>0x47574</load_address>
         <run_address>0x47574</run_address>
         <size>0x534</size>
         <input_file_ref idref="fl-3c"/>
      </object_component>
      <object_component id="oc-109">
         <name>.debug_info</name>
         <load_address>0x47aa8</load_address>
         <run_address>0x47aa8</run_address>
         <size>0x4de</size>
         <input_file_ref idref="fl-3d"/>
      </object_component>
      <object_component id="oc-10e">
         <name>.debug_info</name>
         <load_address>0x47f86</load_address>
         <run_address>0x47f86</run_address>
         <size>0xed4</size>
         <input_file_ref idref="fl-3e"/>
      </object_component>
      <object_component id="oc-112">
         <name>.debug_info</name>
         <load_address>0x48e5a</load_address>
         <run_address>0x48e5a</run_address>
         <size>0x744</size>
         <input_file_ref idref="fl-3f"/>
      </object_component>
      <object_component id="oc-118">
         <name>.debug_info</name>
         <load_address>0x4959e</load_address>
         <run_address>0x4959e</run_address>
         <size>0xef</size>
         <input_file_ref idref="fl-40"/>
      </object_component>
      <object_component id="oc-11c">
         <name>.debug_info</name>
         <load_address>0x4968d</load_address>
         <run_address>0x4968d</run_address>
         <size>0x662</size>
         <input_file_ref idref="fl-41"/>
      </object_component>
      <object_component id="oc-120">
         <name>.debug_info</name>
         <load_address>0x49cef</load_address>
         <run_address>0x49cef</run_address>
         <size>0x5ab</size>
         <input_file_ref idref="fl-42"/>
      </object_component>
      <object_component id="oc-124">
         <name>.debug_info</name>
         <load_address>0x4a29a</load_address>
         <run_address>0x4a29a</run_address>
         <size>0x4f2</size>
         <input_file_ref idref="fl-43"/>
      </object_component>
      <object_component id="oc-128">
         <name>.debug_info</name>
         <load_address>0x4a78c</load_address>
         <run_address>0x4a78c</run_address>
         <size>0x706</size>
         <input_file_ref idref="fl-44"/>
      </object_component>
      <object_component id="oc-12c">
         <name>.debug_info</name>
         <load_address>0x4ae92</load_address>
         <run_address>0x4ae92</run_address>
         <size>0x5f7</size>
         <input_file_ref idref="fl-45"/>
      </object_component>
      <object_component id="oc-130">
         <name>.debug_info</name>
         <load_address>0x4b489</load_address>
         <run_address>0x4b489</run_address>
         <size>0x64a</size>
         <input_file_ref idref="fl-46"/>
      </object_component>
      <object_component id="oc-135">
         <name>.debug_info</name>
         <load_address>0x4bad3</load_address>
         <run_address>0x4bad3</run_address>
         <size>0xa1c</size>
         <input_file_ref idref="fl-47"/>
      </object_component>
      <object_component id="oc-13b">
         <name>.debug_info</name>
         <load_address>0x4c4ef</load_address>
         <run_address>0x4c4ef</run_address>
         <size>0xb97</size>
         <input_file_ref idref="fl-48"/>
      </object_component>
      <object_component id="oc-141">
         <name>.debug_info</name>
         <load_address>0x4d086</load_address>
         <run_address>0x4d086</run_address>
         <size>0x64f</size>
         <input_file_ref idref="fl-49"/>
      </object_component>
      <object_component id="oc-145">
         <name>.debug_info</name>
         <load_address>0x4d6d5</load_address>
         <run_address>0x4d6d5</run_address>
         <size>0x510</size>
         <input_file_ref idref="fl-4a"/>
      </object_component>
      <object_component id="oc-149">
         <name>.debug_info</name>
         <load_address>0x4dbe5</load_address>
         <run_address>0x4dbe5</run_address>
         <size>0x6ebb</size>
         <input_file_ref idref="fl-4b"/>
      </object_component>
      <object_component id="oc-14f">
         <name>.debug_info</name>
         <load_address>0x54aa0</load_address>
         <run_address>0x54aa0</run_address>
         <size>0x7424</size>
         <input_file_ref idref="fl-4c"/>
      </object_component>
      <object_component id="oc-154">
         <name>.debug_info</name>
         <load_address>0x5bec4</load_address>
         <run_address>0x5bec4</run_address>
         <size>0x6ced</size>
         <input_file_ref idref="fl-4d"/>
      </object_component>
      <object_component id="oc-17d">
         <name>.debug_info</name>
         <load_address>0x62bb1</load_address>
         <run_address>0x62bb1</run_address>
         <size>0x6e</size>
      </object_component>
      <object_component id="oc-15">
         <name>.debug_frame</name>
         <load_address>0x0</load_address>
         <run_address>0x0</run_address>
         <size>0x171</size>
         <input_file_ref idref="fl-2"/>
      </object_component>
      <object_component id="oc-1b">
         <name>.debug_frame</name>
         <load_address>0x171</load_address>
         <run_address>0x171</run_address>
         <size>0x121</size>
         <input_file_ref idref="fl-3"/>
      </object_component>
      <object_component id="oc-22">
         <name>.debug_frame</name>
         <load_address>0x292</load_address>
         <run_address>0x292</run_address>
         <size>0x16a</size>
         <input_file_ref idref="fl-4"/>
      </object_component>
      <object_component id="oc-27">
         <name>.debug_frame</name>
         <load_address>0x3fc</load_address>
         <run_address>0x3fc</run_address>
         <size>0x102</size>
         <input_file_ref idref="fl-5"/>
      </object_component>
      <object_component id="oc-30">
         <name>.debug_frame</name>
         <load_address>0x4fe</load_address>
         <run_address>0x4fe</run_address>
         <size>0xed</size>
         <input_file_ref idref="fl-6"/>
      </object_component>
      <object_component id="oc-36">
         <name>.debug_frame</name>
         <load_address>0x5eb</load_address>
         <run_address>0x5eb</run_address>
         <size>0x13b</size>
         <input_file_ref idref="fl-7"/>
      </object_component>
      <object_component id="oc-3c">
         <name>.debug_frame</name>
         <load_address>0x726</load_address>
         <run_address>0x726</run_address>
         <size>0x158</size>
         <input_file_ref idref="fl-8"/>
      </object_component>
      <object_component id="oc-4b">
         <name>.debug_frame</name>
         <load_address>0x87e</load_address>
         <run_address>0x87e</run_address>
         <size>0x2a1</size>
         <input_file_ref idref="fl-13"/>
      </object_component>
      <object_component id="oc-52">
         <name>.debug_frame</name>
         <load_address>0xb1f</load_address>
         <run_address>0xb1f</run_address>
         <size>0x197</size>
         <input_file_ref idref="fl-14"/>
      </object_component>
      <object_component id="oc-59">
         <name>.debug_frame</name>
         <load_address>0xcb6</load_address>
         <run_address>0xcb6</run_address>
         <size>0x102</size>
         <input_file_ref idref="fl-15"/>
      </object_component>
      <object_component id="oc-5e">
         <name>.debug_frame</name>
         <load_address>0xdb8</load_address>
         <run_address>0xdb8</run_address>
         <size>0x13a</size>
         <input_file_ref idref="fl-16"/>
      </object_component>
      <object_component id="oc-64">
         <name>.debug_frame</name>
         <load_address>0xef2</load_address>
         <run_address>0xef2</run_address>
         <size>0x171</size>
         <input_file_ref idref="fl-17"/>
      </object_component>
      <object_component id="oc-69">
         <name>.debug_frame</name>
         <load_address>0x1063</load_address>
         <run_address>0x1063</run_address>
         <size>0x138</size>
         <input_file_ref idref="fl-18"/>
      </object_component>
      <object_component id="oc-6f">
         <name>.debug_frame</name>
         <load_address>0x119b</load_address>
         <run_address>0x119b</run_address>
         <size>0x138</size>
         <input_file_ref idref="fl-19"/>
      </object_component>
      <object_component id="oc-74">
         <name>.debug_frame</name>
         <load_address>0x12d3</load_address>
         <run_address>0x12d3</run_address>
         <size>0x116</size>
         <input_file_ref idref="fl-1a"/>
      </object_component>
      <object_component id="oc-14a">
         <name>.debug_frame</name>
         <load_address>0x13e9</load_address>
         <run_address>0x13e9</run_address>
         <size>0x272</size>
         <input_file_ref idref="fl-4b"/>
      </object_component>
      <object_component id="oc-150">
         <name>.debug_frame</name>
         <load_address>0x165b</load_address>
         <run_address>0x165b</run_address>
         <size>0x1ef</size>
         <input_file_ref idref="fl-4c"/>
      </object_component>
      <object_component id="oc-155">
         <name>.debug_frame</name>
         <load_address>0x184a</load_address>
         <run_address>0x184a</run_address>
         <size>0x224</size>
         <input_file_ref idref="fl-4d"/>
      </object_component>
      <object_component id="oc-16">
         <name>.debug_line</name>
         <load_address>0x0</load_address>
         <run_address>0x0</run_address>
         <size>0xd0</size>
         <input_file_ref idref="fl-2"/>
      </object_component>
      <object_component id="oc-1c">
         <name>.debug_line</name>
         <load_address>0xd0</load_address>
         <run_address>0xd0</run_address>
         <size>0x253</size>
         <input_file_ref idref="fl-3"/>
      </object_component>
      <object_component id="oc-23">
         <name>.debug_line</name>
         <load_address>0x323</load_address>
         <run_address>0x323</run_address>
         <size>0x198</size>
         <input_file_ref idref="fl-4"/>
      </object_component>
      <object_component id="oc-28">
         <name>.debug_line</name>
         <load_address>0x4bb</load_address>
         <run_address>0x4bb</run_address>
         <size>0x6e</size>
         <input_file_ref idref="fl-5"/>
      </object_component>
      <object_component id="oc-31">
         <name>.debug_line</name>
         <load_address>0x529</load_address>
         <run_address>0x529</run_address>
         <size>0x101</size>
         <input_file_ref idref="fl-6"/>
      </object_component>
      <object_component id="oc-37">
         <name>.debug_line</name>
         <load_address>0x62a</load_address>
         <run_address>0x62a</run_address>
         <size>0x1d6</size>
         <input_file_ref idref="fl-7"/>
      </object_component>
      <object_component id="oc-3d">
         <name>.debug_line</name>
         <load_address>0x800</load_address>
         <run_address>0x800</run_address>
         <size>0x11a</size>
         <input_file_ref idref="fl-8"/>
      </object_component>
      <object_component id="oc-42">
         <name>.debug_line</name>
         <load_address>0x91a</load_address>
         <run_address>0x91a</run_address>
         <size>0xa8</size>
         <input_file_ref idref="fl-11"/>
      </object_component>
      <object_component id="oc-46">
         <name>.debug_line</name>
         <load_address>0x9c2</load_address>
         <run_address>0x9c2</run_address>
         <size>0xab</size>
         <input_file_ref idref="fl-12"/>
      </object_component>
      <object_component id="oc-4c">
         <name>.debug_line</name>
         <load_address>0xa6d</load_address>
         <run_address>0xa6d</run_address>
         <size>0x83c</size>
         <input_file_ref idref="fl-13"/>
      </object_component>
      <object_component id="oc-53">
         <name>.debug_line</name>
         <load_address>0x12a9</load_address>
         <run_address>0x12a9</run_address>
         <size>0x94c</size>
         <input_file_ref idref="fl-14"/>
      </object_component>
      <object_component id="oc-5a">
         <name>.debug_line</name>
         <load_address>0x1bf5</load_address>
         <run_address>0x1bf5</run_address>
         <size>0x66e</size>
         <input_file_ref idref="fl-15"/>
      </object_component>
      <object_component id="oc-5f">
         <name>.debug_line</name>
         <load_address>0x2263</load_address>
         <run_address>0x2263</run_address>
         <size>0x6ca</size>
         <input_file_ref idref="fl-16"/>
      </object_component>
      <object_component id="oc-65">
         <name>.debug_line</name>
         <load_address>0x292d</load_address>
         <run_address>0x292d</run_address>
         <size>0x69c</size>
         <input_file_ref idref="fl-17"/>
      </object_component>
      <object_component id="oc-6a">
         <name>.debug_line</name>
         <load_address>0x2fc9</load_address>
         <run_address>0x2fc9</run_address>
         <size>0x659</size>
         <input_file_ref idref="fl-18"/>
      </object_component>
      <object_component id="oc-70">
         <name>.debug_line</name>
         <load_address>0x3622</load_address>
         <run_address>0x3622</run_address>
         <size>0x653</size>
         <input_file_ref idref="fl-19"/>
      </object_component>
      <object_component id="oc-75">
         <name>.debug_line</name>
         <load_address>0x3c75</load_address>
         <run_address>0x3c75</run_address>
         <size>0x59c</size>
         <input_file_ref idref="fl-1a"/>
      </object_component>
      <object_component id="oc-79">
         <name>.debug_line</name>
         <load_address>0x4211</load_address>
         <run_address>0x4211</run_address>
         <size>0x54</size>
         <input_file_ref idref="fl-1b"/>
      </object_component>
      <object_component id="oc-80">
         <name>.debug_line</name>
         <load_address>0x4265</load_address>
         <run_address>0x4265</run_address>
         <size>0x51</size>
         <input_file_ref idref="fl-1c"/>
      </object_component>
      <object_component id="oc-84">
         <name>.debug_line</name>
         <load_address>0x42b6</load_address>
         <run_address>0x42b6</run_address>
         <size>0x3d</size>
         <input_file_ref idref="fl-1d"/>
      </object_component>
      <object_component id="oc-88">
         <name>.debug_line</name>
         <load_address>0x42f3</load_address>
         <run_address>0x42f3</run_address>
         <size>0x3d</size>
         <input_file_ref idref="fl-1e"/>
      </object_component>
      <object_component id="oc-8c">
         <name>.debug_line</name>
         <load_address>0x4330</load_address>
         <run_address>0x4330</run_address>
         <size>0x3d</size>
         <input_file_ref idref="fl-1f"/>
      </object_component>
      <object_component id="oc-91">
         <name>.debug_line</name>
         <load_address>0x436d</load_address>
         <run_address>0x436d</run_address>
         <size>0x44</size>
         <input_file_ref idref="fl-20"/>
      </object_component>
      <object_component id="oc-95">
         <name>.debug_line</name>
         <load_address>0x43b1</load_address>
         <run_address>0x43b1</run_address>
         <size>0x52</size>
         <input_file_ref idref="fl-21"/>
      </object_component>
      <object_component id="oc-99">
         <name>.debug_line</name>
         <load_address>0x4403</load_address>
         <run_address>0x4403</run_address>
         <size>0x3c</size>
         <input_file_ref idref="fl-22"/>
      </object_component>
      <object_component id="oc-9d">
         <name>.debug_line</name>
         <load_address>0x443f</load_address>
         <run_address>0x443f</run_address>
         <size>0x69</size>
         <input_file_ref idref="fl-23"/>
      </object_component>
      <object_component id="oc-a1">
         <name>.debug_line</name>
         <load_address>0x44a8</load_address>
         <run_address>0x44a8</run_address>
         <size>0x37</size>
         <input_file_ref idref="fl-24"/>
      </object_component>
      <object_component id="oc-a7">
         <name>.debug_line</name>
         <load_address>0x44df</load_address>
         <run_address>0x44df</run_address>
         <size>0x57</size>
         <input_file_ref idref="fl-25"/>
      </object_component>
      <object_component id="oc-ad">
         <name>.debug_line</name>
         <load_address>0x4536</load_address>
         <run_address>0x4536</run_address>
         <size>0x328</size>
         <input_file_ref idref="fl-26"/>
      </object_component>
      <object_component id="oc-b1">
         <name>.debug_line</name>
         <load_address>0x485e</load_address>
         <run_address>0x485e</run_address>
         <size>0x41</size>
         <input_file_ref idref="fl-27"/>
      </object_component>
      <object_component id="oc-b5">
         <name>.debug_line</name>
         <load_address>0x489f</load_address>
         <run_address>0x489f</run_address>
         <size>0x46</size>
         <input_file_ref idref="fl-28"/>
      </object_component>
      <object_component id="oc-b9">
         <name>.debug_line</name>
         <load_address>0x48e5</load_address>
         <run_address>0x48e5</run_address>
         <size>0x55</size>
         <input_file_ref idref="fl-29"/>
      </object_component>
      <object_component id="oc-bd">
         <name>.debug_line</name>
         <load_address>0x493a</load_address>
         <run_address>0x493a</run_address>
         <size>0xad</size>
         <input_file_ref idref="fl-2a"/>
      </object_component>
      <object_component id="oc-c7">
         <name>.debug_line</name>
         <load_address>0x49e7</load_address>
         <run_address>0x49e7</run_address>
         <size>0x5b</size>
         <input_file_ref idref="fl-2d"/>
      </object_component>
      <object_component id="oc-cb">
         <name>.debug_line</name>
         <load_address>0x4a42</load_address>
         <run_address>0x4a42</run_address>
         <size>0x44</size>
         <input_file_ref idref="fl-2e"/>
      </object_component>
      <object_component id="oc-cf">
         <name>.debug_line</name>
         <load_address>0x4a86</load_address>
         <run_address>0x4a86</run_address>
         <size>0x56</size>
         <input_file_ref idref="fl-2f"/>
      </object_component>
      <object_component id="oc-d4">
         <name>.debug_line</name>
         <load_address>0x4adc</load_address>
         <run_address>0x4adc</run_address>
         <size>0xa8</size>
         <input_file_ref idref="fl-30"/>
      </object_component>
      <object_component id="oc-d8">
         <name>.debug_line</name>
         <load_address>0x4b84</load_address>
         <run_address>0x4b84</run_address>
         <size>0x3a</size>
         <input_file_ref idref="fl-31"/>
      </object_component>
      <object_component id="oc-dc">
         <name>.debug_line</name>
         <load_address>0x4bbe</load_address>
         <run_address>0x4bbe</run_address>
         <size>0x40</size>
         <input_file_ref idref="fl-32"/>
      </object_component>
      <object_component id="oc-e0">
         <name>.debug_line</name>
         <load_address>0x4bfe</load_address>
         <run_address>0x4bfe</run_address>
         <size>0x38</size>
         <input_file_ref idref="fl-33"/>
      </object_component>
      <object_component id="oc-e4">
         <name>.debug_line</name>
         <load_address>0x4c36</load_address>
         <run_address>0x4c36</run_address>
         <size>0xa8</size>
         <input_file_ref idref="fl-34"/>
      </object_component>
      <object_component id="oc-e8">
         <name>.debug_line</name>
         <load_address>0x4cde</load_address>
         <run_address>0x4cde</run_address>
         <size>0x3c</size>
         <input_file_ref idref="fl-35"/>
      </object_component>
      <object_component id="oc-ee">
         <name>.debug_line</name>
         <load_address>0x4d1a</load_address>
         <run_address>0x4d1a</run_address>
         <size>0x1b0</size>
         <input_file_ref idref="fl-36"/>
      </object_component>
      <object_component id="oc-f2">
         <name>.debug_line</name>
         <load_address>0x4eca</load_address>
         <run_address>0x4eca</run_address>
         <size>0x40</size>
         <input_file_ref idref="fl-37"/>
      </object_component>
      <object_component id="oc-f6">
         <name>.debug_line</name>
         <load_address>0x4f0a</load_address>
         <run_address>0x4f0a</run_address>
         <size>0x3c</size>
         <input_file_ref idref="fl-38"/>
      </object_component>
      <object_component id="oc-fa">
         <name>.debug_line</name>
         <load_address>0x4f46</load_address>
         <run_address>0x4f46</run_address>
         <size>0x4d</size>
         <input_file_ref idref="fl-39"/>
      </object_component>
      <object_component id="oc-fe">
         <name>.debug_line</name>
         <load_address>0x4f93</load_address>
         <run_address>0x4f93</run_address>
         <size>0x37</size>
         <input_file_ref idref="fl-3a"/>
      </object_component>
      <object_component id="oc-102">
         <name>.debug_line</name>
         <load_address>0x4fca</load_address>
         <run_address>0x4fca</run_address>
         <size>0x3c</size>
         <input_file_ref idref="fl-3b"/>
      </object_component>
      <object_component id="oc-106">
         <name>.debug_line</name>
         <load_address>0x5006</load_address>
         <run_address>0x5006</run_address>
         <size>0x44</size>
         <input_file_ref idref="fl-3c"/>
      </object_component>
      <object_component id="oc-10a">
         <name>.debug_line</name>
         <load_address>0x504a</load_address>
         <run_address>0x504a</run_address>
         <size>0x37</size>
         <input_file_ref idref="fl-3d"/>
      </object_component>
      <object_component id="oc-10f">
         <name>.debug_line</name>
         <load_address>0x5081</load_address>
         <run_address>0x5081</run_address>
         <size>0x15d</size>
         <input_file_ref idref="fl-3e"/>
      </object_component>
      <object_component id="oc-115">
         <name>.debug_line</name>
         <load_address>0x51de</load_address>
         <run_address>0x51de</run_address>
         <size>0x6a</size>
         <input_file_ref idref="fl-3f"/>
      </object_component>
      <object_component id="oc-119">
         <name>.debug_line</name>
         <load_address>0x5248</load_address>
         <run_address>0x5248</run_address>
         <size>0x58</size>
         <input_file_ref idref="fl-40"/>
      </object_component>
      <object_component id="oc-11d">
         <name>.debug_line</name>
         <load_address>0x52a0</load_address>
         <run_address>0x52a0</run_address>
         <size>0x57</size>
         <input_file_ref idref="fl-41"/>
      </object_component>
      <object_component id="oc-121">
         <name>.debug_line</name>
         <load_address>0x52f7</load_address>
         <run_address>0x52f7</run_address>
         <size>0x5c</size>
         <input_file_ref idref="fl-42"/>
      </object_component>
      <object_component id="oc-125">
         <name>.debug_line</name>
         <load_address>0x5353</load_address>
         <run_address>0x5353</run_address>
         <size>0x3c</size>
         <input_file_ref idref="fl-43"/>
      </object_component>
      <object_component id="oc-129">
         <name>.debug_line</name>
         <load_address>0x538f</load_address>
         <run_address>0x538f</run_address>
         <size>0x5b</size>
         <input_file_ref idref="fl-44"/>
      </object_component>
      <object_component id="oc-12d">
         <name>.debug_line</name>
         <load_address>0x53ea</load_address>
         <run_address>0x53ea</run_address>
         <size>0x3c</size>
[...]
      <symbol id="sm-3df">
         <name>__printfi</name>
         <value>0x21362</value>
         <object_component_ref idref="oc-a9"/>
      </symbol>
      <symbol id="sm-3e9">
         <name>__args_main</name>
         <value>0x28484</value>
         <object_component_ref idref="oc-af"/>
      </symbol>
      <symbol id="sm-3ea">
         <name>__TI_args_main</name>
         <value>0x1</value>
      </symbol>
      <symbol id="sm-3f4">
         <name>_atoi</name>
         <value>0x28337</value>
         <object_component_ref idref="oc-b3"/>
      </symbol>
      <symbol id="sm-3fc">
         <name>_auto_init</name>
         <value>0x28437</value>
         <object_component_ref idref="oc-b7"/>
      </symbol>
      <symbol id="sm-406">
         <name>__eqld</name>
         <value>0x26ea5</value>
         <object_component_ref idref="oc-bb"/>
      </symbol>
      <symbol id="sm-407">
         <name>__cmpd</name>
         <value>0x26ed9</value>
         <object_component_ref idref="oc-bb"/>
      </symbol>
      <symbol id="sm-408">
         <name>__neqd</name>
         <value>0x26d47</value>
         <object_component_ref idref="oc-bb"/>
      </symbol>
      <symbol id="sm-409">
         <name>__gtrd</name>
         <value>0x26e10</value>
         <object_component_ref idref="oc-bb"/>
      </symbol>
      <symbol id="sm-40a">
         <name>__geqd</name>
         <value>0x26e5b</value>
         <object_component_ref idref="oc-bb"/>
      </symbol>
      <symbol id="sm-40b">
         <name>__leqd</name>
         <value>0x26dc3</value>
         <object_component_ref idref="oc-bb"/>
      </symbol>
      <symbol id="sm-40c">
         <name>__lssd</name>
         <value>0x26d7b</value>
         <object_component_ref idref="oc-bb"/>
      </symbol>
      <symbol id="sm-414">
         <name>__ctypes_</name>
         <value>0x676c</value>
         <object_component_ref idref="oc-15b"/>
      </symbol>
      <symbol id="sm-41e">
         <name>__tmpnams</name>
         <value>0x5f00</value>
         <object_component_ref idref="oc-c1"/>
      </symbol>
      <symbol id="sm-41f">
         <name>__ft_end</name>
         <value>0x6040</value>
         <object_component_ref idref="oc-c1"/>
      </symbol>
      <symbol id="sm-420">
         <name>__ftable</name>
         <value>0x5e10</value>
         <object_component_ref idref="oc-c1"/>
      </symbol>
      <symbol id="sm-42c">
         <name>__divd</name>
         <value>0x257a1</value>
         <object_component_ref idref="oc-c5"/>
      </symbol>
      <symbol id="sm-437">
         <name>__divul</name>
         <value>0x27c87</value>
         <object_component_ref idref="oc-c9"/>
      </symbol>
      <symbol id="sm-441">
         <name>_putchar</name>
         <value>0x27c78</value>
         <object_component_ref idref="oc-cd"/>
      </symbol>
      <symbol id="sm-442">
         <name>_putc</name>
         <value>0x27be1</value>
         <object_component_ref idref="oc-cd"/>
      </symbol>
      <symbol id="sm-443">
         <name>_fputc</name>
         <value>0x27be1</value>
         <object_component_ref idref="oc-cd"/>
      </symbol>
      <symbol id="sm-451">
         <name>_puts</name>
         <value>0x27372</value>
         <object_component_ref idref="oc-d1"/>
      </symbol>
      <symbol id="sm-452">
         <name>_fputs</name>
         <value>0x2723d</value>
         <object_component_ref idref="oc-d1"/>
      </symbol>
      <symbol id="sm-45c">
         <name>__frcmpyd</name>
         <value>0x27fc1</value>
         <object_component_ref idref="oc-d6"/>
      </symbol>
      <symbol id="sm-466">
         <name>__frcmpyd_div</name>
         <value>0x28037</value>
         <object_component_ref idref="oc-da"/>
      </symbol>
      <symbol id="sm-470">
         <name>___isinf</name>
         <value>0x2868a</value>
         <object_component_ref idref="oc-de"/>
      </symbol>
      <symbol id="sm-47a">
         <name>__divull</name>
         <value>0x26774</value>
         <object_component_ref idref="oc-e2"/>
      </symbol>
      <symbol id="sm-47b">
         <name>__mpylli</name>
         <value>0x266bc</value>
         <object_component_ref idref="oc-e2"/>
      </symbol>
      <symbol id="sm-47c">
         <name>__remlli</name>
         <value>0x2668d</value>
         <object_component_ref idref="oc-e2"/>
      </symbol>
      <symbol id="sm-47d">
         <name>__divlli</name>
         <value>0x26868</value>
         <object_component_ref idref="oc-e2"/>
      </symbol>
      <symbol id="sm-47e">
         <name>__remull</name>
         <value>0x2663f</value>
         <object_component_ref idref="oc-e2"/>
      </symbol>
      <symbol id="sm-486">
         <name>__mpyli</name>
         <value>0x286b8</value>
         <object_component_ref idref="oc-e6"/>
      </symbol>
      <symbol id="sm-487">
         <name>I$$LMPY</name>
         <value>0x286b8</value>
         <object_component_ref idref="oc-e6"/>
      </symbol>
      <symbol id="sm-499">
         <name>_add_device</name>
         <value>0x24cd4</value>
         <object_component_ref idref="oc-ea"/>
      </symbol>
      <symbol id="sm-49a">
         <name>_rename</name>
         <value>0x249f6</value>
         <object_component_ref idref="oc-ea"/>
      </symbol>
      <symbol id="sm-49b">
         <name>_read</name>
         <value>0x24a85</value>
         <object_component_ref idref="oc-ea"/>
      </symbol>
      <symbol id="sm-49c">
         <name>_unlink</name>
         <value>0x249c3</value>
         <object_component_ref idref="oc-ea"/>
      </symbol>
      <symbol id="sm-49d">
         <name>_remove_device</name>
         <value>0x24a4f</value>
         <object_component_ref idref="oc-ea"/>
      </symbol>
      <symbol id="sm-49e">
         <name>_open</name>
         <value>0x24b33</value>
         <object_component_ref idref="oc-ea"/>
      </symbol>
      <symbol id="sm-49f">
         <name>_find_registered_device</name>
         <value>0x24c58</value>
         <object_component_ref idref="oc-ea"/>
      </symbol>
      <symbol id="sm-4a0">
         <name>_lseek</name>
         <value>0x24bf2</value>
         <object_component_ref idref="oc-ea"/>
      </symbol>
      <symbol id="sm-4a1">
         <name>_close</name>
         <value>0x24c61</value>
         <object_component_ref idref="oc-ea"/>
      </symbol>
      <symbol id="sm-4a2">
         <name>_write</name>
         <value>0x24881</value>
         <object_component_ref idref="oc-ea"/>
      </symbol>
      <symbol id="sm-4ac">
         <name>_ltoa</name>
         <value>0x27ec9</value>
         <object_component_ref idref="oc-f0"/>
      </symbol>
      <symbol id="sm-4b7">
         <name>_memccpy</name>
         <value>0x28667</value>
         <object_component_ref idref="oc-f4"/>
      </symbol>
      <symbol id="sm-4bf">
         <name>_memcpy</name>
         <value>0x28562</value>
         <object_component_ref idref="oc-f8"/>
      </symbol>
      <symbol id="sm-4c9">
         <name>__negd</name>
         <value>0x286ee</value>
         <object_component_ref idref="oc-fc"/>
      </symbol>
      <symbol id="sm-4d3">
         <name>__remli</name>
         <value>0x284cf</value>
         <object_component_ref idref="oc-100"/>
      </symbol>
      <symbol id="sm-4de">
         <name>__remul</name>
         <value>0x280aa</value>
         <object_component_ref idref="oc-104"/>
      </symbol>
      <symbol id="sm-4e8">
         <name>__subd</name>
         <value>0x286a4</value>
         <object_component_ref idref="oc-108"/>
      </symbol>
      <symbol id="sm-4f4">
         <name>_HOSTopen</name>
         <value>0x250cf</value>
         <object_component_ref idref="oc-10c"/>
      </symbol>
      <symbol id="sm-4f5">
         <name>_HOSTread</name>
         <value>0x25042</value>
         <object_component_ref idref="oc-10c"/>
      </symbol>
      <symbol id="sm-4f6">
         <name>_HOSTtime</name>
         <value>0x24f36</value>
         <object_component_ref idref="oc-10c"/>
      </symbol>
      <symbol id="sm-4f7">
         <name>_getenv</name>
         <value>0x24dc4</value>
         <object_component_ref idref="oc-10c"/>
      </symbol>
      <symbol id="sm-4f8">
         <name>_HOSTrename</name>
         <value>0x24f94</value>
         <object_component_ref idref="oc-10c"/>
      </symbol>
      <symbol id="sm-4f9">
         <name>_HOSTclock</name>
         <value>0x2528e</value>
         <object_component_ref idref="oc-10c"/>
      </symbol>
      <symbol id="sm-4fa">
         <name>_HOSTwrite</name>
         <value>0x24e3f</value>
         <object_component_ref idref="oc-10c"/>
      </symbol>
      <symbol id="sm-4fb">
         <name>_HOSTlseek</name>
         <value>0x2516e</value>
         <object_component_ref idref="oc-10c"/>
      </symbol>
      <symbol id="sm-4fc">
         <name>_HOSTunlink</name>
         <value>0x24ecc</value>
         <object_component_ref idref="oc-10c"/>
      </symbol>
      <symbol id="sm-4fd">
         <name>_HOSTclose</name>
         <value>0x25223</value>
         <object_component_ref idref="oc-10c"/>
      </symbol>
      <symbol id="sm-50f">
         <name>C$$IO$$</name>
         <value>0x27bdc</value>
         <object_component_ref idref="oc-114"/>
      </symbol>
      <symbol id="sm-510">
         <name>__CIOBUF_</name>
         <value>0x40000</value>
         <object_component_ref idref="oc-113"/>
      </symbol>
      <symbol id="sm-511">
         <name>_readmsg</name>
         <value>0x281f8</value>
         <object_component_ref idref="oc-111"/>
      </symbol>
      <symbol id="sm-512">
         <name>_writemsg</name>
         <value>0x27b27</value>
         <object_component_ref idref="oc-114"/>
      </symbol>
      <symbol id="sm-51a">
         <name>__remu</name>
         <value>0x28652</value>
         <object_component_ref idref="oc-117"/>
      </symbol>
      <symbol id="sm-51b">
         <name>__divu</name>
         <value>0x2863d</value>
         <object_component_ref idref="oc-117"/>
      </symbol>
      <symbol id="sm-51c">
         <name>I$$UMOD</name>
         <value>0x28652</value>
         <object_component_ref idref="oc-117"/>
      </symbol>
      <symbol id="sm-51d">
         <name>I$$UDIV</name>
         <value>0x2863d</value>
         <object_component_ref idref="oc-117"/>
      </symbol>
      <symbol id="sm-527">
         <name>__rd_ok</name>
         <value>0x27879</value>
         <object_component_ref idref="oc-11b"/>
      </symbol>
      <symbol id="sm-528">
         <name>__wrt_ok</name>
         <value>0x277f9</value>
         <object_component_ref idref="oc-11b"/>
      </symbol>
      <symbol id="sm-532">
         <name>__addd</name>
         <value>0x2689d</value>
         <object_component_ref idref="oc-11f"/>
      </symbol>
      <symbol id="sm-53c">
         <name>__divli</name>
         <value>0x2851a</value>
         <object_component_ref idref="oc-123"/>
      </symbol>
      <symbol id="sm-546">
         <name>__doflush</name>
         <value>0x27a65</value>
         <object_component_ref idref="oc-127"/>
      </symbol>
      <symbol id="sm-547">
         <name>_fflush</name>
         <value>0x27ace</value>
         <object_component_ref idref="oc-127"/>
      </symbol>
      <symbol id="sm-551">
         <name>_fseek</name>
         <value>0x28265</value>
         <object_component_ref idref="oc-12b"/>
      </symbol>
      <symbol id="sm-55b">
         <name>_setvbuf</name>
         <value>0x27713</value>
         <object_component_ref idref="oc-12f"/>
      </symbol>
      <symbol id="sm-56a">
         <name>__cleanup</name>
         <value>0x2627b</value>
         <object_component_ref idref="oc-133"/>
      </symbol>
      <symbol id="sm-56b">
         <name>_fopen</name>
         <value>0x2639e</value>
         <object_component_ref idref="oc-133"/>
      </symbol>
      <symbol id="sm-56c">
         <name>_freopen</name>
         <value>0x262d5</value>
         <object_component_ref idref="oc-133"/>
      </symbol>
      <symbol id="sm-57c">
         <name>__sys_memory</name>
         <value>0x30c0</value>
         <object_component_ref idref="oc-13d"/>
      </symbol>
      <symbol id="sm-57d">
         <name>_chkheap</name>
         <value>0x25773</value>
         <object_component_ref idref="oc-139"/>
      </symbol>
      <symbol id="sm-57e">
         <name>_realloc</name>
         <value>0x25512</value>
         <object_component_ref idref="oc-139"/>
      </symbol>
      <symbol id="sm-57f">
         <name>_free_memory</name>
         <value>0x2571d</value>
         <object_component_ref idref="oc-139"/>
      </symbol>
      <symbol id="sm-580">
         <name>_max_free</name>
         <value>0x256c3</value>
         <object_component_ref idref="oc-139"/>
      </symbol>
      <symbol id="sm-581">
         <name>_free</name>
         <value>0x252ec</value>
         <object_component_ref idref="oc-139"/>
      </symbol>
      <symbol id="sm-582">
         <name>_calloc</name>
         <value>0x2577b</value>
         <object_component_ref idref="oc-139"/>
      </symbol>
      <symbol id="sm-583">
         <name>_malloc</name>
         <value>0x2541d</value>
         <object_component_ref idref="oc-139"/>
      </symbol>
      <symbol id="sm-584">
         <name>_minit</name>
         <value>0x253b8</value>
         <object_component_ref idref="oc-139"/>
      </symbol>
      <symbol id="sm-58e">
         <name>_fclose</name>
         <value>0x27f46</value>
         <object_component_ref idref="oc-140"/>
      </symbol>
      <symbol id="sm-598">
         <name>_remove</name>
         <value>0x2870a</value>
         <object_component_ref idref="oc-144"/>
      </symbol>
      <symbol id="sm-5e4">
         <name>_SAR_chanSetup</name>
         <value>0x22446</value>
         <object_component_ref idref="oc-148"/>
      </symbol>
      <symbol id="sm-5e5">
         <name>_SAR_stopConversion</name>
         <value>0x226db</value>
         <object_component_ref idref="oc-148"/>
      </symbol>
      <symbol id="sm-5e6">
         <name>_SAR_deInit</name>
         <value>0x2223d</value>
         <object_component_ref idref="oc-148"/>
      </symbol>
      <symbol id="sm-5e7">
         <name>_SAR_chanOpen</name>
         <value>0x22278</value>
         <object_component_ref idref="oc-148"/>
      </symbol>
      <symbol id="sm-5e8">
         <name>_SAR_GPODirSet</name>
         <value>0x22bdd</value>
         <object_component_ref idref="oc-148"/>
      </symbol>
      <symbol id="sm-5e9">
         <name>_SAR_init</name>
         <value>0x221e0</value>
         <object_component_ref idref="oc-148"/>
      </symbol>
      <symbol id="sm-5ea">
         <name>_SAR_getStatus</name>
         <value>0x22cb9</value>
         <object_component_ref idref="oc-148"/>
      </symbol>
      <symbol id="sm-5eb">
         <name>_SAR_readData</name>
         <value>0x22722</value>
         <object_component_ref idref="oc-148"/>
      </symbol>
      <symbol id="sm-5ec">
         <name>_SAR_chanConfig</name>
         <value>0x2235e</value>
         <object_component_ref idref="oc-148"/>
      </symbol>
      <symbol id="sm-5ed">
         <name>_SAR_A2DMeasParamSet</name>
         <value>0x22763</value>
         <object_component_ref idref="oc-148"/>
      </symbol>
      <symbol id="sm-5ee">
         <name>_SAR_chanClose</name>
         <value>0x222da</value>
         <object_component_ref idref="oc-148"/>
      </symbol>
      <symbol id="sm-5ef">
         <name>_SAR_chanCycSet</name>
         <value>0x2265a</value>
         <object_component_ref idref="oc-148"/>
      </symbol>
      <symbol id="sm-5f0">
         <name>_SAR_getConfig</name>
         <value>0x223d4</value>
         <object_component_ref idref="oc-148"/>
      </symbol>
      <symbol id="sm-5f1">
         <name>_SAR_startConversion</name>
         <value>0x226a9</value>
         <object_component_ref idref="oc-148"/>
      </symbol>
      <symbol id="sm-5f2">
         <name>_SAR_chanInit</name>
         <value>0x2225d</value>
         <object_component_ref idref="oc-148"/>
      </symbol>
      <symbol id="sm-66f">
         <name>_I2C_eventEnable</name>
         <value>0x21ee4</value>
         <object_component_ref idref="oc-14d"/>
      </symbol>
      <symbol id="sm-670">
         <name>_I2C_setCallback</name>
         <value>0x22137</value>
         <object_component_ref idref="oc-14d"/>
      </symbol>
      <symbol id="sm-671">
         <name>_I2C_init</name>
         <value>0x215a4</value>
         <object_component_ref idref="oc-14d"/>
      </symbol>
      <symbol id="sm-672">
         <name>_I2C_config</name>
         <value>0x2164d</value>
         <object_component_ref idref="oc-14d"/>
      </symbol>
      <symbol id="sm-673">
         <name>_gI2cObj</name>
         <value>0x6424</value>
         <object_component_ref idref="oc-14e"/>
      </symbol>
      <symbol id="sm-674">
         <name>_I2C_getConfig</name>
         <value>0x217b2</value>
         <object_component_ref idref="oc-14d"/>
      </symbol>
      <symbol id="sm-675">
         <name>_I2C_setup</name>
         <value>0x21888</value>
         <object_component_ref idref="oc-14d"/>
      </symbol>
      <symbol id="sm-676">
         <name>_I2C_write</name>
         <value>0x21a82</value>
         <object_component_ref idref="oc-14d"/>
      </symbol>
      <symbol id="sm-677">
         <name>_I2C_read</name>
         <value>0x21cc6</value>
         <object_component_ref idref="oc-14d"/>
      </symbol>
      <symbol id="sm-678">
         <name>_I2C_eventDisable</name>
         <value>0x22018</value>
         <object_component_ref idref="oc-14d"/>
      </symbol>
      <symbol id="sm-679">
         <name>_I2C_getEventId</name>
         <value>0x221c4</value>
         <object_component_ref idref="oc-14d"/>
      </symbol>
      <symbol id="sm-67a">
         <name>_i2cHandle</name>
         <value>0x6444</value>
         <object_component_ref idref="oc-14e"/>
      </symbol>
      <symbol id="sm-6bf">
         <name>_GPIO_write</name>
         <value>0x238e3</value>
         <object_component_ref idref="oc-153"/>
      </symbol>
      <symbol id="sm-6c0">
         <name>_GPIO_read</name>
         <value>0x23860</value>
         <object_component_ref idref="oc-153"/>
      </symbol>
      <symbol id="sm-6c1">
         <name>_GPIO_close</name>
         <value>0x2372f</value>
         <object_component_ref idref="oc-153"/>
      </symbol>
      <symbol id="sm-6c2">
         <name>_GPIO_enableInt</name>
         <value>0x23b4c</value>
         <object_component_ref idref="oc-153"/>
      </symbol>
      <symbol id="sm-6c3">
         <name>_GPIO_clearInt</name>
         <value>0x23bd6</value>
         <object_component_ref idref="oc-153"/>
      </symbol>
      <symbol id="sm-6c4">
         <name>_GPIO_statusBit</name>
         <value>0x23c62</value>
         <object_component_ref idref="oc-153"/>
      </symbol>
      <symbol id="sm-6c5">
         <name>_GPIO_configBit</name>
         <value>0x23986</value>
         <object_component_ref idref="oc-153"/>
      </symbol>
      <symbol id="sm-6c6">
         <name>_GPIO_reset</name>
         <value>0x23ce9</value>
         <object_component_ref idref="oc-153"/>
      </symbol>
      <symbol id="sm-6c7">
         <name>_GPIO_getConfig</name>
         <value>0x237d8</value>
         <object_component_ref idref="oc-153"/>
      </symbol>
      <symbol id="sm-6c8">
         <name>_GPIO_disableInt</name>
         <value>0x23ace</value>
         <object_component_ref idref="oc-153"/>
      </symbol>
      <symbol id="sm-6c9">
         <name>_GPIO_config</name>
         <value>0x23753</value>
         <object_component_ref idref="oc-153"/>
      </symbol>
      <symbol id="sm-6ca">
         <name>_GPIO_open</name>
         <value>0x236eb</value>
         <object_component_ref idref="oc-153"/>
      </symbol>
   </symbol_table>
</link_info>
