******************************************************************************
              TMS320C55x Linker PC v4.4.1                      
******************************************************************************
>> Linked Wed Apr 04 14:09:20 2018

OUTPUT FILE NAME:   <EQ sim.out>
ENTRY POINT SYMBOL: "_c_int00"  address: 00024df8


MEMORY CONFIGURATION

         name            origin    length      used     unused   attr    fill
                        (bytes)   (bytes)    (bytes)   (bytes)
----------------------  --------  ---------  --------  --------  ----  --------
PAGE 0:
  MMR                   00000000   000000c0  00000000  000000c0  RWIX
  DARAM0                000000c0   0000ff40  000066ae  00009892  RWIX
  SARAM0                00010000   00010000  00000000  00010000  RWIX
  SARAM1                00020000   00020000  00004f35  0001b0cb  RWIX
  SARAM2                00040000   0000fe00  00000364  0000fa9c  RWIX
  VECS                  0004fe00   00000200  00000100  00000100  RWIX
  PDROM                 00ff8000   00008000  00000000  00008000  R IX

PAGE 2:
  IOPORT                00000000   00020000  00000000  00020000  RWI 


SECTION ALLOCATION MAP
(Addresses surrounded by []'s are displayed for convenience only!)

output                                                          attributes/
section   page  orgn(bytes) orgn(words) len(bytes) len(words)   input sections
--------  ----  ----------- ----------- ---------- ----------   --------------
.pinit       0   [ 00040000 ]  00020000          *   00000000   UNINITIALIZED

.stack       0   [ 000000c0 ]  00000060          *   00001000   UNINITIALIZED
                 [ 000000c0 ]  00000060          *   00001000   --HOLE--

.data        0   [ 000000c0 ]  00000060          *   00000000   UNINITIALIZED

.sysstack 
*            0   [ 000020c0 ]  00001060          *   00000800   UNINITIALIZED
                 [ 000020c0 ]  00001060          *   00000800   --HOLE--

.sysmem      0   [ 000030c0 ]  00001860          *   00001000   UNINITIALIZED
                 [ 000030c0 ]  00001860          *   00001000   --HOLE--

.bss.1       0   [ 000050c0 ]  00002860          *   000008fb   UNINITIALIZED
                 [ 000050c0 ]  00002860          *   00000400   ezdsp5535_aic3204_dma.obj (.bss)
                 [ 000058c0 ]  00002c60          *   000002a0   main.obj (.bss)
                 [ 00005e00 ]  00002f00          *   00000119   rts55x.lib : defs.obj (.bss)
                 [ 00006032 ]  00003019          *   000000d0              : trgdrv.obj (.bss)
                 [ 000061d2 ]  000030e9          *   00000001              : fopen.obj (.bss)
                 [ 000061d4 ]  000030ea          *   00000071              : lowlev.obj (.bss)

.bss.2       0   [ 000062b8 ]  0000315c          *   0000000b   UNINITIALIZED
                 [ 000062b8 ]  0000315c          *   00000006   rts55x.lib : memory.obj (.bss)
                 [ 000062c4 ]  00003162          *   00000005   aic3204.obj (.bss)

.bss.3       0   [ 000062d0 ]  00003168          *   0000000c   UNINITIALIZED
                 [ 000062d0 ]  00003168          *   00000004   aic3204_init.obj (.bss)
                 [ 000062d8 ]  0000316c          *   00000004   rts55x.lib : _lock.obj (.bss)
                 [ 000062e0 ]  00003170          *   00000004              : exit.obj (.bss)

.const.1     0   [ 000062e8 ]  00003174          *   00000199   
                 [ 000062e8 ]  00003174          *   00000101   rts55x.lib : ctype.obj (.const:__ctypes_)
                 [ 000064ea ]  00003275          *   00000001   print_number.obj (.const)
                 [ 000064ec ]  00003276          *   00000097   aic3204_init.obj (.const:.string)

.const.2     0   [ 0000661c ]  0000330e          *   00000041   
                 [ 0000661c ]  0000330e          *   00000041   main.obj (.const:.string)

.const.3     0   [ 000066a0 ]  00003350          *   00000039   
                 [ 000066a0 ]  00003350          *   00000024   rts55x.lib : _printfi.obj (.const:.string)
                 [ 000066e8 ]  00003374          *   00000015   print_number.obj (.const:.string)

.const.4     0   [ 00006714 ]  0000338a          *   00000032   
                 [ 00006714 ]  0000338a          *   0000000c   main.obj (.const)
                 [ 0000672c ]  00003396          *   0000000c   rts55x.lib : _printfi.obj (.const)
                 [ 00006744 ]  000033a2          *   0000000a   processing.obj (.const)
                 [ 00006758 ]  000033ac          *   00000008   rts55x.lib : divd.obj (.const:_initial_approx$1)
                 [ 00006768 ]  000033b4          *   00000004   main.obj (.const:_$P$T0$1)
                 [ 00006770 ]  000033b8          *   00000002   rts55x.lib : fputs.obj (.const:.string)
                 [ 00006774 ]  000033ba          *   00000002              : fltlid.obj (.const)

.text        0     00020000  [ 00010000 ] 00004f35          *   
                   00020000  [ 00010000 ] 000015a4          *   rts55x.lib : _printfi.obj (.text)
                   000215a4  [ 00010ad2 ] 00000543          *              : lowlev.obj (.text)
                   00021ae7  [ 00010d73+] 00000528          *              : trgdrv.obj (.text)
                   0002200f  [ 00011007+] 000004b5          *              : memory.obj (.text)
                   000224c4  [ 00011262 ] 000003cc          *              : divd.obj (.text)
                   00022890  [ 00011448 ] 0000035f          *   main.obj (.text)
                   00022bef  [ 000115f7+] 00000288          *   processing.obj (.text)
                   00022e77  [ 0001173b+] 0000027f          *   rts55x.lib : fopen.obj (.text)
                   000230f6  [ 0001187b ] 0000025e          *              : llmpy.obj (.text)
                   00023354  [ 000119aa ] 0000025a          *              : addd.obj (.text)
                   000235ae  [ 00011ad7 ] 000001ee          *              : fwrite.obj (.text)
                   0002379c  [ 00011bce ] 000001ea          *              : cmpd.obj (.text)
                   00023986  [ 00011cc3 ] 00000163          *              : fputs.obj (.text)
                   00023ae9  [ 00011d74+] 00000152          *   ezdsp5535_aic3204_dma.obj (.text)
                   00023c3b  [ 00011e1d+] 0000014c          *   rts55x.lib : mpyd.obj (.text)
                   00023d87  [ 00011ec3+] 00000120          *   iir.obj (.text)
                   00023ea7  [ 00011f53+] 0000010f          *   rts55x.lib : fread.obj (.text)
                   00023fb6  [ 00011fdb ] 000000f6          *   aic3204_init.obj (.text)
                   000240ac  [ 00012056 ] 000000f2          *   aic3204.obj (.text)
                   0002419e  [ 000120cf ] 000000e6          *   rts55x.lib : setvbuf.obj (.text)
                   00024284  [ 00012142 ] 000000dd          *              : _io_perm.obj (.text)
                   00024361  [ 000121b0+] 000000c2          *              : fflush.obj (.text)
                   00024423  [ 00012211+] 000000ba          *              : trgmsg.obj (.text:CIO_breakpoint)
                   000244dd  [ 0001226e+] 000000ae          *              : _bufread.obj (.text)
                   0002458b  [ 000122c5+] 000000a6          *              : fputc.obj (.text)
                   00024631  [ 00012318+] 000000a1          *              : divul.obj (.text)
                   000246d2  [ 00012369 ] 0000007d          *              : ltoa.obj (.text)
                   0002474f  [ 000123a7+] 0000007b          *              : fclose.obj (.text)
                   000247ca  [ 000123e5 ] 00000076          *              : frcmpyd.obj (.text)
                   00024840  [ 00012420 ] 00000073          *              : frcmpyd_div.obj (.text)
                   000248b3  [ 00012459+] 00000072          *              : remul.obj (.text)
                   00024925  [ 00012492+] 0000006f          *              : fixdli.obj (.text)
                   00024994  [ 000124ca ] 0000006d          *              : trgmsg.obj (.text)
                   00024a01  [ 00012500+] 0000006b          *              : fseek.obj (.text)
                   00024a6c  [ 00012536 ] 00000067          *              : fltlid.obj (.text)
                   00024ad3  [ 00012569+] 0000005c          *              : atoi.obj (.text)
                   00024b2f  [ 00012597+] 00000054          *   ezdsp5535bsl.lib : ezdsp5535.obj (.text)
                   00024b83  [ 000125c1+] 00000050          *   rts55x.lib : printf.obj (.text)
                   00024bd3  [ 000125e9+] 0000004d          *              : autoinit.obj (.text)
                   00024c20  [ 00012610 ] 0000004b          *              : args_main.obj (.text)
                   00024c6b  [ 00012635+] 0000004b          *              : remli.obj (.text)
                   00024cb6  [ 0001265b ] 00000048          *              : divli.obj (.text)
                   00024cfe  [ 0001267f ] 00000041          *   print_number.obj (.text)
                   00024d3f  [ 0001269f+] 0000003f          *   rts55x.lib : memcpy.obj (.text)
                   00024d7e  [ 000126bf ] 0000003e          *              : exit.obj (.text)
                   00024dbc  [ 000126de ] 0000003c          *              : idiv.obj (.text)
                   00024df8  [ 000126fc ] 00000034          *              : boot.obj (.text)
                   00024e2c  [ 00012716 ] 0000002a          *              : fixdi.obj (.text)
                   00024e56  [ 0001272b ] 0000002a          *              : udiv.obj (.text)
                   00024e80  [ 00012740 ] 00000023          *              : memccpy.obj (.text)
                   00024ea3  [ 00012751+] 0000001a          *              : isinf.obj (.text)
                   00024ebd  [ 0001275e+] 00000014          *              : subd.obj (.text)
                   00024ed1  [ 00012768+] 00000013          *              : lmpy.obj (.text)
                   00024ee4  [ 00012772 ] 00000012          *              : _lock.obj (.text)
                   00024ef6  [ 0001277b ] 00000011          *              : memset.obj (.text)
                   00024f07  [ 00012783+] 00000010          *              : negd.obj (.text)
                   00024f17  [ 0001278b+] 0000000a          *   EZDSP5535_SAR_sim.obj (.text)
                   00024f21  [ 00012790+] 0000000a          *   rts55x.lib : remove.obj (.text)
                   00024f2b  [ 00012795+] 00000007          *              : exit.obj (.text:CIO_breakpoint)
                   00024f32  [ 00012799 ] 00000002          *              : vectors.obj (.text)
                   00024f34  [ 0001279a ] 00000001          *   --HOLE-- [fill = 20]

.cio         0   [ 00040000 ]  00020000          *   00000120   UNINITIALIZED
                 [ 00040000 ]  00020000          *   00000120   rts55x.lib : trgmsg.obj (.cio)

.cinit       0   [ 00040240 ]  00020120          *   00000092   
                 [ 00040240 ]  00020120          *   0000002d   rts55x.lib : lowlev.obj (.cinit)
                 [ 0004029a ]  0002014d          *   0000002a              : defs.obj (.cinit)
                 [ 000402ee ]  00020177          *   00000010   main.obj (.cinit)
                 [ 0004030e ]  00020187          *   0000000a   aic3204_init.obj (.cinit)
                 [ 00040322 ]  00020191          *   0000000a   rts55x.lib : _lock.obj (.cinit)
                 [ 00040336 ]  0002019b          *   0000000a              : exit.obj (.cinit)
                 [ 0004034a ]  000201a5          *   00000004   aic3204.obj (.cinit)
                 [ 00040352 ]  000201a9          *   00000004   rts55x.lib : fopen.obj (.cinit)
                 [ 0004035a ]  000201ad          *   00000004              : memory.obj (.cinit)
                 [ 00040362 ]  000201b1          *   00000001   --HOLE-- [fill = 0]

vectors      0     0004fe00  [ 00027f00 ] 00000100          *   
                   0004fe00  [ 00027f00 ] 00000100          *   rts55x.lib : vectors.obj (vectors)


GLOBAL SYMBOLS: SORTED ALPHABETICALLY BY Name 

abs. value/
byte addr   word addr   name
---------   ---------   ----
00000002                $TI_capability$C5500$CallingConvention
00000002                $TI_capability$C5500$MemoryModel
00000001                $TI_capability_requires_rev3
ffffffff                .bss
ffffffff                .data
ffffffff                .text
00024f2c                C$$EXIT
000244d8                C$$IO$$
00024dbc                I$$DIV
00024ed1                I$$LMPY
00024ddb                I$$MOD
00024e56                I$$UDIV
00024e6b                I$$UMOD
00024f1b                _EZDSP5535_SAR_getKey
00024f17                _EZDSP5535_SAR_init
00024b75                _EZDSP5535_init
00024b2f                _EZDSP5535_wait
00024b63                _EZDSP5535_waitusec
00021fb1                _HOSTclock
00021f46                _HOSTclose
00021e91                _HOSTlseek
00021df2                _HOSTopen
00021d65                _HOSTread
00021cb7                _HOSTrename
00021c59                _HOSTtime
00021bef                _HOSTunlink
00021b62                _HOSTwrite
0004fe00                _Reset
            00002860    _SimulatorInput
            00002a60    _SimulatorOutput
            00020000    __CIOBUF_
            00001060    __STACK_END
00002000                __STACK_SIZE
00002000                __SYSMEM_SIZE
00001000                __SYSSTACK_SIZE
00000001                __TI_args_main
ffffffff                ___binit__
ffffffff                ___bss__
ffffffff                ___c_args__
            00020120    ___cinit__
ffffffff                ___data__
ffffffff                ___edata__
ffffffff                ___end__
ffffffff                ___etext__
00024ea3                ___isinf
ffffffff                ___pinit__
ffffffff                ___text__
00023354                __addd
00024c20                __args_main
000244dd                __buff_read
00022f98                __cleanup
            00003170    __cleanup_ptr
0002392e                __cmpd
            00003174    __ctypes_
000224c4                __divd
00024dbc                __divi
00024cb6                __divli
0002331f                __divlli
00024e56                __divu
00024631                __divul
0002322b                __divull
00024361                __doflush
            00003172    __dtors_ptr
000238fa                __eqld
00024e2c                __fixdi
00024925                __fixdli
00024a6c                __fltlid
000247ca                __frcmpyd
00024840                __frcmpyd_div
            00003018    __ft_end
            00002f00    __ftable
000238b0                __geqd
00023865                __gtrd
00023818                __leqd
            0000316c    __lock
000237d0                __lssd
00023c3b                __mpyd
00024ed1                __mpyli
00023173                __mpylli
00024f07                __negd
0002379c                __neqd
00024ef4                __nop
00021362                __printfi
00024304                __rd_ok
00024eec                __register_lock
00024ee4                __register_unlock
00024ddb                __remi
00024c6b                __remli
00023144                __remlli
00024e6b                __remu
000248b3                __remul
000230f6                __remull
            00000060    __stack
00024ebd                __subd
            00001860    __sys_memory
            00001060    __sysstack
            00002f78    __tmpnams
            0000316e    __unlock
00024284                __wrt_ok
00024f2b                _abort
000219f7                _add_device
000240e2                _aic3204_codec_read
00024152                _aic3204_codec_write
000240ae                _aic3204_disable
00023ae9                _aic3204_dma_init
            00003166    _aic3204_enabled
000240ac                _aic3204_hardware_init
00023fda                _aic3204_init
00023aeb                _aic3204_read_block
00023fb6                _aic3204_set_input_filename
00023fc8                _aic3204_set_output_filename
00023b9c                _aic3204_write_block
00024ad3                _atoi
00024bd3                _auto_init
00024df8                _c_int00
00022c32                _calculatePeekCoeff
00022bef                _calculateShelvingCoeff
0002249e                _calloc
00022496                _chkheap
00024d00                _clearLCD
00021984                _close
            00002d64    _coeff4HP
            00002d60    _coeff4LP
            00002d68    _coeff6Peek1
            00002d6e    _coeff6Peek2
00024d7e                _exit
0002474f                _fclose
000243ca                _fflush
0002197b                _find_registered_device
00023d87                _first_order_IIR
000230bb                _fopen
0002458b                _fputc
00023986                _fputs
00023ea7                _fread
0002200f                _free
00022440                _free_memory
00022ff2                _freopen
00024a01                _fseek
000235ae                _fwrite
00021ae7                _getenv
00024cfe                _initPrintNumber
            00003162    _input_file
00021915                _lseek
000246d2                _ltoa
00022890                _main
00022140                _malloc
000223e6                _max_free
00024e80                _memccpy
00024d3f                _memcpy
00024ef6                _memset
000220db                _minit
00021856                _open
            00002d80    _output1
            00002e00    _output2
            00002e80    _output3
            00003164    _output_file
00024d26                _printChar
00024b83                _printf
0002458b                _putc
00024622                _putchar
00023abb                _puts
000217a8                _read
00024994                _readmsg
00022235                _realloc
00024f21                _remove
00021772                _remove_device
00021719                _rename
            00002c60    _sampleBufferL
            00002ce0    _sampleBufferR
00023dee                _second_order_IIR
00024d13                _setWritePointerToFirstChar
0002409f                _set_sampling_frequency_and_gain
0002419e                _setvbuf
00022cdc                _shelvingHP
00022d65                _shelvingLP
00022dee                _shelvingPeek
            00003275    _sign_width
000216e6                _unlink
000215a4                _write
00024423                _writemsg
            00002d76    _x_hHP
            00002d74    _x_hLP
            00002d78    _x_hPeek1
            00002d7c    _x_hPeek2
            00002d77    _y_hHP
            00002d75    _y_hLP
            00002d7a    _y_hPeek1
            00002d7e    _y_hPeek2
ffffffff                binit
            00020120    cinit
ffffffff                edata
ffffffff                end
ffffffff                etext
ffffffff                pinit


GLOBAL SYMBOLS: SORTED BY Symbol Address 

abs. value/
byte addr   word addr   name
---------   ---------   ----
00000001                $TI_capability_requires_rev3
00000001                __TI_args_main
00000002                $TI_capability$C5500$CallingConvention
00000002                $TI_capability$C5500$MemoryModel
            00000060    __stack
00001000                __SYSSTACK_SIZE
00002000                __STACK_SIZE
00002000                __SYSMEM_SIZE
            00001060    __STACK_END
            00001060    __sysstack
            00001860    __sys_memory
            00002860    _SimulatorInput
            00002a60    _SimulatorOutput
            00002c60    _sampleBufferL
            00002ce0    _sampleBufferR
            00002d60    _coeff4LP
            00002d64    _coeff4HP
            00002d68    _coeff6Peek1
            00002d6e    _coeff6Peek2
            00002d74    _x_hLP
            00002d75    _y_hLP
            00002d76    _x_hHP
            00002d77    _y_hHP
            00002d78    _x_hPeek1
            00002d7a    _y_hPeek1
            00002d7c    _x_hPeek2
            00002d7e    _y_hPeek2
            00002d80    _output1
            00002e00    _output2
            00002e80    _output3
            00002f00    __ftable
            00002f78    __tmpnams
            00003018    __ft_end
            00003162    _input_file
            00003164    _output_file
            00003166    _aic3204_enabled
            0000316c    __lock
            0000316e    __unlock
            00003170    __cleanup_ptr
            00003172    __dtors_ptr
            00003174    __ctypes_
            00003275    _sign_width
00021362                __printfi
000215a4                _write
000216e6                _unlink
00021719                _rename
00021772                _remove_device
000217a8                _read
00021856                _open
00021915                _lseek
0002197b                _find_registered_device
00021984                _close
000219f7                _add_device
00021ae7                _getenv
00021b62                _HOSTwrite
00021bef                _HOSTunlink
00021c59                _HOSTtime
00021cb7                _HOSTrename
00021d65                _HOSTread
00021df2                _HOSTopen
00021e91                _HOSTlseek
00021f46                _HOSTclose
00021fb1                _HOSTclock
0002200f                _free
000220db                _minit
00022140                _malloc
00022235                _realloc
000223e6                _max_free
00022440                _free_memory
00022496                _chkheap
0002249e                _calloc
000224c4                __divd
00022890                _main
00022bef                _calculateShelvingCoeff
00022c32                _calculatePeekCoeff
00022cdc                _shelvingHP
00022d65                _shelvingLP
00022dee                _shelvingPeek
00022f98                __cleanup
00022ff2                _freopen
000230bb                _fopen
000230f6                __remull
00023144                __remlli
00023173                __mpylli
0002322b                __divull
0002331f                __divlli
00023354                __addd
000235ae                _fwrite
0002379c                __neqd
000237d0                __lssd
00023818                __leqd
00023865                __gtrd
000238b0                __geqd
000238fa                __eqld
0002392e                __cmpd
00023986                _fputs
00023abb                _puts
00023ae9                _aic3204_dma_init
00023aeb                _aic3204_read_block
00023b9c                _aic3204_write_block
00023c3b                __mpyd
00023d87                _first_order_IIR
00023dee                _second_order_IIR
00023ea7                _fread
00023fb6                _aic3204_set_input_filename
00023fc8                _aic3204_set_output_filename
00023fda                _aic3204_init
0002409f                _set_sampling_frequency_and_gain
000240ac                _aic3204_hardware_init
000240ae                _aic3204_disable
000240e2                _aic3204_codec_read
00024152                _aic3204_codec_write
0002419e                _setvbuf
00024284                __wrt_ok
00024304                __rd_ok
00024361                __doflush
000243ca                _fflush
00024423                _writemsg
000244d8                C$$IO$$
000244dd                __buff_read
0002458b                _fputc
0002458b                _putc
00024622                _putchar
00024631                __divul
000246d2                _ltoa
0002474f                _fclose
000247ca                __frcmpyd
00024840                __frcmpyd_div
000248b3                __remul
00024925                __fixdli
00024994                _readmsg
00024a01                _fseek
00024a6c                __fltlid
00024ad3                _atoi
00024b2f                _EZDSP5535_wait
00024b63                _EZDSP5535_waitusec
00024b75                _EZDSP5535_init
00024b83                _printf
00024bd3                _auto_init
00024c20                __args_main
00024c6b                __remli
00024cb6                __divli
00024cfe                _initPrintNumber
00024d00                _clearLCD
00024d13                _setWritePointerToFirstChar
00024d26                _printChar
00024d3f                _memcpy
00024d7e                _exit
00024dbc                I$$DIV
00024dbc                __divi
00024ddb                I$$MOD
00024ddb                __remi
00024df8                _c_int00
00024e2c                __fixdi
00024e56                I$$UDIV
00024e56                __divu
00024e6b                I$$UMOD
00024e6b                __remu
00024e80                _memccpy
00024ea3                ___isinf
00024ebd                __subd
00024ed1                I$$LMPY
00024ed1                __mpyli
00024ee4                __register_unlock
00024eec                __register_lock
00024ef4                __nop
00024ef6                _memset
00024f07                __negd
00024f17                _EZDSP5535_SAR_init
00024f1b                _EZDSP5535_SAR_getKey
00024f21                _remove
00024f2b                _abort
00024f2c                C$$EXIT
            00020000    __CIOBUF_
            00020120    ___cinit__
            00020120    cinit
0004fe00                _Reset
ffffffff                .bss
ffffffff                .data
ffffffff                .text
ffffffff                ___binit__
ffffffff                ___bss__
ffffffff                ___c_args__
ffffffff                ___data__
ffffffff                ___edata__
ffffffff                ___end__
ffffffff                ___etext__
ffffffff                ___pinit__
ffffffff                ___text__
ffffffff                binit
ffffffff                edata
ffffffff                end
ffffffff                etext
ffffffff                pinit

[194 symbols]
