<?xml version="1.0"?>
<link_info>
   <banner>TMS320C55x Linker PC v4.4.1</banner>
   <copyright>Copyright (c) 1996-2012 Texas Instruments Incorporated</copyright>
   <link_time>0x5ac4c070</link_time>
   <output_file>EQ sim.out</output_file>
   <entry_point>
      <name>_c_int00</name>
      <address>0x24df8</address>
   </entry_point>
   <input_file_list>
      <input_file id="fl-2">
         <path>.\</path>
         <kind>object</kind>
         <file>EZDSP5535_SAR_sim.obj</file>
         <name>EZDSP5535_SAR_sim.obj</name>
      </input_file>
      <input_file id="fl-3">
         <path>.\</path>
         <kind>object</kind>
         <file>aic3204.obj</file>
         <name>aic3204.obj</name>
      </input_file>
      <input_file id="fl-4">
         <path>.\</path>
         <kind>object</kind>
         <file>aic3204_init.obj</file>
         <name>aic3204_init.obj</name>
      </input_file>
      <input_file id="fl-5">
         <path>.\</path>
         <kind>object</kind>
         <file>ezdsp5535_aic3204_dma.obj</file>
         <name>ezdsp5535_aic3204_dma.obj</name>
      </input_file>
      <input_file id="fl-6">
         <path>.\</path>
         <kind>object</kind>
         <file>iir.obj</file>
         <name>iir.obj</name>
      </input_file>
      <input_file id="fl-7">
         <path>.\</path>
         <kind>object</kind>
         <file>main.obj</file>
         <name>main.obj</name>
      </input_file>
      <input_file id="fl-8">
         <path>.\</path>
         <kind>object</kind>
         <file>print_number.obj</file>
         <name>print_number.obj</name>
      </input_file>
      <input_file id="fl-9">
         <path>.\</path>
         <kind>object</kind>
         <file>processing.obj</file>
         <name>processing.obj</name>
      </input_file>
      <input_file id="fl-13">
         <path>..\lib\</path>
         <kind>archive</kind>
         <file>ezdsp5535bsl.lib</file>
         <name>ezdsp5535.obj</name>
      </input_file>
      <input_file id="fl-27">
         <path>C:\ti\ccs620\ccsv6\tools\compiler\c5500_4.4.1\lib\</path>
         <kind>archive</kind>
         <file>rts55x.lib</file>
         <name>addd.obj</name>
      </input_file>
      <input_file id="fl-28">
         <path>C:\ti\ccs620\ccsv6\tools\compiler\c5500_4.4.1\lib\</path>
         <kind>archive</kind>
         <file>rts55x.lib</file>
         <name>boot.obj</name>
      </input_file>
      <input_file id="fl-29">
         <path>C:\ti\ccs620\ccsv6\tools\compiler\c5500_4.4.1\lib\</path>
         <kind>archive</kind>
         <file>rts55x.lib</file>
         <name>exit.obj</name>
      </input_file>
      <input_file id="fl-2a">
         <path>C:\ti\ccs620\ccsv6\tools\compiler\c5500_4.4.1\lib\</path>
         <kind>archive</kind>
         <file>rts55x.lib</file>
         <name>fclose.obj</name>
      </input_file>
      <input_file id="fl-2b">
         <path>C:\ti\ccs620\ccsv6\tools\compiler\c5500_4.4.1\lib\</path>
         <kind>archive</kind>
         <file>rts55x.lib</file>
         <name>fflush.obj</name>
      </input_file>
      <input_file id="fl-2c">
         <path>C:\ti\ccs620\ccsv6\tools\compiler\c5500_4.4.1\lib\</path>
         <kind>archive</kind>
         <file>rts55x.lib</file>
         <name>fixdi.obj</name>
      </input_file>
      <input_file id="fl-2d">
         <path>C:\ti\ccs620\ccsv6\tools\compiler\c5500_4.4.1\lib\</path>
         <kind>archive</kind>
         <file>rts55x.lib</file>
         <name>fixdli.obj</name>
      </input_file>
      <input_file id="fl-2e">
         <path>C:\ti\ccs620\ccsv6\tools\compiler\c5500_4.4.1\lib\</path>
         <kind>archive</kind>
         <file>rts55x.lib</file>
         <name>fopen.obj</name>
      </input_file>
      <input_file id="fl-2f">
         <path>C:\ti\ccs620\ccsv6\tools\compiler\c5500_4.4.1\lib\</path>
         <kind>archive</kind>
         <file>rts55x.lib</file>
         <name>fread.obj</name>
      </input_file>
      <input_file id="fl-30">
         <path>C:\ti\ccs620\ccsv6\tools\compiler\c5500_4.4.1\lib\</path>
         <kind>archive</kind>
         <file>rts55x.lib</file>
         <name>fwrite.obj</name>
      </input_file>
      <input_file id="fl-31">
         <path>C:\ti\ccs620\ccsv6\tools\compiler\c5500_4.4.1\lib\</path>
         <kind>archive</kind>
         <file>rts55x.lib</file>
         <name>idiv.obj</name>
      </input_file>
      <input_file id="fl-32">
         <path>C:\ti\ccs620\ccsv6\tools\compiler\c5500_4.4.1\lib\</path>
         <kind>archive</kind>
         <file>rts55x.lib</file>
         <name>lowlev.obj</name>
      </input_file>
      <input_file id="fl-33">
         <path>C:\ti\ccs620\ccsv6\tools\compiler\c5500_4.4.1\lib\</path>
         <kind>archive</kind>
         <file>rts55x.lib</file>
         <name>memcpy.obj</name>
      </input_file>
      <input_file id="fl-34">
         <path>C:\ti\ccs620\ccsv6\tools\compiler\c5500_4.4.1\lib\</path>
         <kind>archive</kind>
         <file>rts55x.lib</file>
         <name>memory.obj</name>
      </input_file>
      <input_file id="fl-35">
         <path>C:\ti\ccs620\ccsv6\tools\compiler\c5500_4.4.1\lib\</path>
         <kind>archive</kind>
         <file>rts55x.lib</file>
         <name>memset.obj</name>
      </input_file>
      <input_file id="fl-36">
         <path>C:\ti\ccs620\ccsv6\tools\compiler\c5500_4.4.1\lib\</path>
         <kind>archive</kind>
         <file>rts55x.lib</file>
         <name>mpyd.obj</name>
      </input_file>
      <input_file id="fl-37">
         <path>C:\ti\ccs620\ccsv6\tools\compiler\c5500_4.4.1\lib\</path>
         <kind>archive</kind>
         <file>rts55x.lib</file>
         <name>negd.obj</name>
      </input_file>
      <input_file id="fl-38">
         <path>C:\ti\ccs620\ccsv6\tools\compiler\c5500_4.4.1\lib\</path>
         <kind>archive</kind>
         <file>rts55x.lib</file>
         <name>printf.obj</name>
      </input_file>
      <input_file id="fl-39">
         <path>C:\ti\ccs620\ccsv6\tools\compiler\c5500_4.4.1\lib\</path>
         <kind>archive</kind>
         <file>rts55x.lib</file>
         <name>remove.obj</name>
      </input_file>
      <input_file id="fl-3a">
         <path>C:\ti\ccs620\ccsv6\tools\compiler\c5500_4.4.1\lib\</path>
         <kind>archive</kind>
         <file>rts55x.lib</file>
         <name>trgdrv.obj</name>
      </input_file>
      <input_file id="fl-3b">
         <path>C:\ti\ccs620\ccsv6\tools\compiler\c5500_4.4.1\lib\</path>
         <kind>archive</kind>
         <file>rts55x.lib</file>
         <name>trgmsg.obj</name>
      </input_file>
      <input_file id="fl-3c">
         <path>C:\ti\ccs620\ccsv6\tools\compiler\c5500_4.4.1\lib\</path>
         <kind>archive</kind>
         <file>rts55x.lib</file>
         <name>udiv.obj</name>
      </input_file>
      <input_file id="fl-3d">
         <path>C:\ti\ccs620\ccsv6\tools\compiler\c5500_4.4.1\lib\</path>
         <kind>archive</kind>
         <file>rts55x.lib</file>
         <name>vectors.obj</name>
      </input_file>
      <input_file id="fl-3e">
         <path>C:\ti\ccs620\ccsv6\tools\compiler\c5500_4.4.1\lib\</path>
         <kind>archive</kind>
         <file>rts55x.lib</file>
         <name>_bufread.obj</name>
      </input_file>
      <input_file id="fl-3f">
         <path>C:\ti\ccs620\ccsv6\tools\compiler\c5500_4.4.1\lib\</path>
         <kind>archive</kind>
         <file>rts55x.lib</file>
         <name>_io_perm.obj</name>
      </input_file>
      <input_file id="fl-40">
         <path>C:\ti\ccs620\ccsv6\tools\compiler\c5500_4.4.1\lib\</path>
         <kind>archive</kind>
         <file>rts55x.lib</file>
         <name>_lock.obj</name>
      </input_file>
      <input_file id="fl-41">
         <path>C:\ti\ccs620\ccsv6\tools\compiler\c5500_4.4.1\lib\</path>
         <kind>archive</kind>
         <file>rts55x.lib</file>
         <name>_printfi.obj</name>
      </input_file>
      <input_file id="fl-42">
         <path>C:\ti\ccs620\ccsv6\tools\compiler\c5500_4.4.1\lib\</path>
         <kind>archive</kind>
         <file>rts55x.lib</file>
         <name>args_main.obj</name>
      </input_file>
      <input_file id="fl-43">
         <path>C:\ti\ccs620\ccsv6\tools\compiler\c5500_4.4.1\lib\</path>
         <kind>archive</kind>
         <file>rts55x.lib</file>
         <name>atoi.obj</name>
      </input_file>
      <input_file id="fl-44">
         <path>C:\ti\ccs620\ccsv6\tools\compiler\c5500_4.4.1\lib\</path>
         <kind>archive</kind>
         <file>rts55x.lib</file>
         <name>autoinit.obj</name>
      </input_file>
      <input_file id="fl-45">
         <path>C:\ti\ccs620\ccsv6\tools\compiler\c5500_4.4.1\lib\</path>
         <kind>archive</kind>
         <file>rts55x.lib</file>
         <name>cmpd.obj</name>
      </input_file>
      <input_file id="fl-46">
         <path>C:\ti\ccs620\ccsv6\tools\compiler\c5500_4.4.1\lib\</path>
         <kind>archive</kind>
         <file>rts55x.lib</file>
         <name>ctype.obj</name>
      </input_file>
      <input_file id="fl-47">
         <path>C:\ti\ccs620\ccsv6\tools\compiler\c5500_4.4.1\lib\</path>
         <kind>archive</kind>
         <file>rts55x.lib</file>
         <name>defs.obj</name>
      </input_file>
      <input_file id="fl-48">
         <path>C:\ti\ccs620\ccsv6\tools\compiler\c5500_4.4.1\lib\</path>
         <kind>archive</kind>
         <file>rts55x.lib</file>
         <name>divd.obj</name>
      </input_file>
      <input_file id="fl-49">
         <path>C:\ti\ccs620\ccsv6\tools\compiler\c5500_4.4.1\lib\</path>
         <kind>archive</kind>
         <file>rts55x.lib</file>
         <name>divul.obj</name>
      </input_file>
      <input_file id="fl-4a">
         <path>C:\ti\ccs620\ccsv6\tools\compiler\c5500_4.4.1\lib\</path>
         <kind>archive</kind>
         <file>rts55x.lib</file>
         <name>fltlid.obj</name>
      </input_file>
      <input_file id="fl-4b">
         <path>C:\ti\ccs620\ccsv6\tools\compiler\c5500_4.4.1\lib\</path>
         <kind>archive</kind>
         <file>rts55x.lib</file>
         <name>fputc.obj</name>
      </input_file>
      <input_file id="fl-4c">
         <path>C:\ti\ccs620\ccsv6\tools\compiler\c5500_4.4.1\lib\</path>
         <kind>archive</kind>
         <file>rts55x.lib</file>
         <name>fputs.obj</name>
      </input_file>
      <input_file id="fl-4d">
         <path>C:\ti\ccs620\ccsv6\tools\compiler\c5500_4.4.1\lib\</path>
         <kind>archive</kind>
         <file>rts55x.lib</file>
         <name>frcmpyd.obj</name>
      </input_file>
      <input_file id="fl-4e">
         <path>C:\ti\ccs620\ccsv6\tools\compiler\c5500_4.4.1\lib\</path>
         <kind>archive</kind>
         <file>rts55x.lib</file>
         <name>frcmpyd_div.obj</name>
      </input_file>
      <input_file id="fl-4f">
         <path>C:\ti\ccs620\ccsv6\tools\compiler\c5500_4.4.1\lib\</path>
         <kind>archive</kind>
         <file>rts55x.lib</file>
         <name>fseek.obj</name>
      </input_file>
      <input_file id="fl-50">
         <path>C:\ti\ccs620\ccsv6\tools\compiler\c5500_4.4.1\lib\</path>
         <kind>archive</kind>
         <file>rts55x.lib</file>
         <name>isinf.obj</name>
      </input_file>
      <input_file id="fl-51">
         <path>C:\ti\ccs620\ccsv6\tools\compiler\c5500_4.4.1\lib\</path>
         <kind>archive</kind>
         <file>rts55x.lib</file>
         <name>llmpy.obj</name>
      </input_file>
      <input_file id="fl-52">
         <path>C:\ti\ccs620\ccsv6\tools\compiler\c5500_4.4.1\lib\</path>
         <kind>archive</kind>
         <file>rts55x.lib</file>
         <name>lmpy.obj</name>
      </input_file>
      <input_file id="fl-53">
         <path>C:\ti\ccs620\ccsv6\tools\compiler\c5500_4.4.1\lib\</path>
         <kind>archive</kind>
         <file>rts55x.lib</file>
         <name>ltoa.obj</name>
      </input_file>
      <input_file id="fl-54">
         <path>C:\ti\ccs620\ccsv6\tools\compiler\c5500_4.4.1\lib\</path>
         <kind>archive</kind>
         <file>rts55x.lib</file>
         <name>memccpy.obj</name>
      </input_file>
      <input_file id="fl-55">
         <path>C:\ti\ccs620\ccsv6\tools\compiler\c5500_4.4.1\lib\</path>
         <kind>archive</kind>
         <file>rts55x.lib</file>
         <name>remli.obj</name>
      </input_file>
      <input_file id="fl-56">
         <path>C:\ti\ccs620\ccsv6\tools\compiler\c5500_4.4.1\lib\</path>
         <kind>archive</kind>
         <file>rts55x.lib</file>
         <name>remul.obj</name>
      </input_file>
      <input_file id="fl-57">
         <path>C:\ti\ccs620\ccsv6\tools\compiler\c5500_4.4.1\lib\</path>
         <kind>archive</kind>
         <file>rts55x.lib</file>
         <name>setvbuf.obj</name>
      </input_file>
      <input_file id="fl-58">
         <path>C:\ti\ccs620\ccsv6\tools\compiler\c5500_4.4.1\lib\</path>
         <kind>archive</kind>
         <file>rts55x.lib</file>
         <name>subd.obj</name>
      </input_file>
      <input_file id="fl-59">
         <path>C:\ti\ccs620\ccsv6\tools\compiler\c5500_4.4.1\lib\</path>
         <kind>archive</kind>
         <file>rts55x.lib</file>
         <name>divli.obj</name>
      </input_file>
   </input_file_list>
   <object_component_list>
      <object_component id="oc-c4">
         <name>.text</name>
         <load_address>0x20000</load_address>
         <run_address>0x20000</run_address>
         <size>0x15a4</size>
         <input_file_ref idref="fl-41"/>
      </object_component>
      <object_component id="oc-7e">
         <name>.text</name>
         <load_address>0x215a4</load_address>
         <run_address>0x215a4</run_address>
         <size>0x543</size>
         <input_file_ref idref="fl-32"/>
      </object_component>
      <object_component id="oc-a3">
         <name>.text</name>
         <load_address>0x21ae7</load_address>
         <run_address>0x21ae7</run_address>
         <size>0x528</size>
         <input_file_ref idref="fl-3a"/>
      </object_component>
      <object_component id="oc-88">
         <name>.text</name>
         <load_address>0x2200f</load_address>
         <run_address>0x2200f</run_address>
         <size>0x4b5</size>
         <input_file_ref idref="fl-34"/>
      </object_component>
      <object_component id="oc-e0">
         <name>.text</name>
         <load_address>0x224c4</load_address>
         <run_address>0x224c4</run_address>
         <size>0x3cc</size>
         <input_file_ref idref="fl-48"/>
      </object_component>
      <object_component id="oc-32">
         <name>.text</name>
         <load_address>0x22890</load_address>
         <run_address>0x22890</run_address>
         <size>0x35f</size>
         <input_file_ref idref="fl-7"/>
      </object_component>
      <object_component id="oc-42">
         <name>.text</name>
         <load_address>0x22bef</load_address>
         <run_address>0x22bef</run_address>
         <size>0x288</size>
         <input_file_ref idref="fl-9"/>
      </object_component>
      <object_component id="oc-6c">
         <name>.text</name>
         <load_address>0x22e77</load_address>
         <run_address>0x22e77</run_address>
         <size>0x27f</size>
         <input_file_ref idref="fl-2e"/>
      </object_component>
      <object_component id="oc-106">
         <name>.text</name>
         <load_address>0x230f6</load_address>
         <run_address>0x230f6</run_address>
         <size>0x25e</size>
         <input_file_ref idref="fl-51"/>
      </object_component>
      <object_component id="oc-4d">
         <name>.text</name>
         <load_address>0x23354</load_address>
         <run_address>0x23354</run_address>
         <size>0x25a</size>
         <input_file_ref idref="fl-27"/>
      </object_component>
      <object_component id="oc-76">
         <name>.text</name>
         <load_address>0x235ae</load_address>
         <run_address>0x235ae</run_address>
         <size>0x1ee</size>
         <input_file_ref idref="fl-30"/>
      </object_component>
      <object_component id="oc-d6">
         <name>.text</name>
         <load_address>0x2379c</load_address>
         <run_address>0x2379c</run_address>
         <size>0x1ea</size>
         <input_file_ref idref="fl-45"/>
      </object_component>
      <object_component id="oc-f1">
         <name>.text</name>
         <load_address>0x23986</load_address>
         <run_address>0x23986</run_address>
         <size>0x163</size>
         <input_file_ref idref="fl-4c"/>
      </object_component>
      <object_component id="oc-27">
         <name>.text</name>
         <load_address>0x23ae9</load_address>
         <run_address>0x23ae9</run_address>
         <size>0x152</size>
         <input_file_ref idref="fl-5"/>
      </object_component>
      <object_component id="oc-93">
         <name>.text</name>
         <load_address>0x23c3b</load_address>
         <run_address>0x23c3b</run_address>
         <size>0x14c</size>
         <input_file_ref idref="fl-36"/>
      </object_component>
      <object_component id="oc-2d">
         <name>.text</name>
         <load_address>0x23d87</load_address>
         <run_address>0x23d87</run_address>
         <size>0x120</size>
         <input_file_ref idref="fl-6"/>
      </object_component>
      <object_component id="oc-72">
         <name>.text</name>
         <load_address>0x23ea7</load_address>
         <run_address>0x23ea7</run_address>
         <size>0x10f</size>
         <input_file_ref idref="fl-2f"/>
      </object_component>
      <object_component id="oc-1f">
         <name>.text</name>
         <load_address>0x23fb6</load_address>
         <run_address>0x23fb6</run_address>
         <size>0xf6</size>
         <input_file_ref idref="fl-4"/>
      </object_component>
      <object_component id="oc-18">
         <name>.text</name>
         <load_address>0x240ac</load_address>
         <run_address>0x240ac</run_address>
         <size>0xf2</size>
         <input_file_ref idref="fl-3"/>
      </object_component>
      <object_component id="oc-11e">
         <name>.text</name>
         <load_address>0x2419e</load_address>
         <run_address>0x2419e</run_address>
         <size>0xe6</size>
         <input_file_ref idref="fl-57"/>
      </object_component>
      <object_component id="oc-ba">
         <name>.text</name>
         <load_address>0x24284</load_address>
         <run_address>0x24284</run_address>
         <size>0xdd</size>
         <input_file_ref idref="fl-3f"/>
      </object_component>
      <object_component id="oc-60">
         <name>.text</name>
         <load_address>0x24361</load_address>
         <run_address>0x24361</run_address>
         <size>0xc2</size>
         <input_file_ref idref="fl-2b"/>
      </object_component>
      <object_component id="oc-ab">
         <name>.text:CIO_breakpoint</name>
         <load_address>0x24423</load_address>
         <run_address>0x24423</run_address>
         <size>0xba</size>
         <input_file_ref idref="fl-3b"/>
      </object_component>
      <object_component id="oc-b6">
         <name>.text</name>
         <load_address>0x244dd</load_address>
         <run_address>0x244dd</run_address>
         <size>0xae</size>
         <input_file_ref idref="fl-3e"/>
      </object_component>
      <object_component id="oc-ed">
         <name>.text</name>
         <load_address>0x2458b</load_address>
         <run_address>0x2458b</run_address>
         <size>0xa6</size>
         <input_file_ref idref="fl-4b"/>
      </object_component>
      <object_component id="oc-e4">
         <name>.text</name>
         <load_address>0x24631</load_address>
         <run_address>0x24631</run_address>
         <size>0xa1</size>
         <input_file_ref idref="fl-49"/>
      </object_component>
      <object_component id="oc-10e">
         <name>.text</name>
         <load_address>0x246d2</load_address>
         <run_address>0x246d2</run_address>
         <size>0x7d</size>
         <input_file_ref idref="fl-53"/>
      </object_component>
      <object_component id="oc-5c">
         <name>.text</name>
         <load_address>0x2474f</load_address>
         <run_address>0x2474f</run_address>
         <size>0x7b</size>
         <input_file_ref idref="fl-2a"/>
      </object_component>
      <object_component id="oc-f6">
         <name>.text</name>
         <load_address>0x247ca</load_address>
         <run_address>0x247ca</run_address>
         <size>0x76</size>
         <input_file_ref idref="fl-4d"/>
      </object_component>
      <object_component id="oc-fa">
         <name>.text</name>
         <load_address>0x24840</load_address>
         <run_address>0x24840</run_address>
         <size>0x73</size>
         <input_file_ref idref="fl-4e"/>
      </object_component>
      <object_component id="oc-11a">
         <name>.text</name>
         <load_address>0x248b3</load_address>
         <run_address>0x248b3</run_address>
         <size>0x72</size>
         <input_file_ref idref="fl-56"/>
      </object_component>
      <object_component id="oc-68">
         <name>.text</name>
         <load_address>0x24925</load_address>
         <run_address>0x24925</run_address>
         <size>0x6f</size>
         <input_file_ref idref="fl-2d"/>
      </object_component>
      <object_component id="oc-a8">
         <name>.text</name>
         <load_address>0x24994</load_address>
         <run_address>0x24994</run_address>
         <size>0x6d</size>
         <input_file_ref idref="fl-3b"/>
      </object_component>
      <object_component id="oc-fe">
         <name>.text</name>
         <load_address>0x24a01</load_address>
         <run_address>0x24a01</run_address>
         <size>0x6b</size>
         <input_file_ref idref="fl-4f"/>
      </object_component>
      <object_component id="oc-e8">
         <name>.text</name>
         <load_address>0x24a6c</load_address>
         <run_address>0x24a6c</run_address>
         <size>0x67</size>
         <input_file_ref idref="fl-4a"/>
      </object_component>
      <object_component id="oc-ce">
         <name>.text</name>
         <load_address>0x24ad3</load_address>
         <run_address>0x24ad3</run_address>
         <size>0x5c</size>
         <input_file_ref idref="fl-43"/>
      </object_component>
      <object_component id="oc-48">
         <name>.text</name>
         <load_address>0x24b2f</load_address>
         <run_address>0x24b2f</run_address>
         <size>0x54</size>
         <input_file_ref idref="fl-13"/>
      </object_component>
      <object_component id="oc-9b">
         <name>.text</name>
         <load_address>0x24b83</load_address>
         <run_address>0x24b83</run_address>
         <size>0x50</size>
         <input_file_ref idref="fl-38"/>
      </object_component>
      <object_component id="oc-d2">
         <name>.text</name>
         <load_address>0x24bd3</load_address>
         <run_address>0x24bd3</run_address>
         <size>0x4d</size>
         <input_file_ref idref="fl-44"/>
      </object_component>
      <object_component id="oc-ca">
         <name>.text</name>
         <load_address>0x24c20</load_address>
         <run_address>0x24c20</run_address>
         <size>0x4b</size>
         <input_file_ref idref="fl-42"/>
      </object_component>
      <object_component id="oc-116">
         <name>.text</name>
         <load_address>0x24c6b</load_address>
         <run_address>0x24c6b</run_address>
         <size>0x4b</size>
         <input_file_ref idref="fl-55"/>
      </object_component>
      <object_component id="oc-126">
         <name>.text</name>
         <load_address>0x24cb6</load_address>
         <run_address>0x24cb6</run_address>
         <size>0x48</size>
         <input_file_ref idref="fl-59"/>
      </object_component>
      <object_component id="oc-3b">
         <name>.text</name>
         <load_address>0x24cfe</load_address>
         <run_address>0x24cfe</run_address>
         <size>0x41</size>
         <input_file_ref idref="fl-8"/>
      </object_component>
      <object_component id="oc-84">
         <name>.text</name>
         <load_address>0x24d3f</load_address>
         <run_address>0x24d3f</run_address>
         <size>0x3f</size>
         <input_file_ref idref="fl-33"/>
      </object_component>
      <object_component id="oc-55">
         <name>.text</name>
         <load_address>0x24d7e</load_address>
         <run_address>0x24d7e</run_address>
         <size>0x3e</size>
         <input_file_ref idref="fl-29"/>
      </object_component>
      <object_component id="oc-7a">
         <name>.text</name>
         <load_address>0x24dbc</load_address>
         <run_address>0x24dbc</run_address>
         <size>0x3c</size>
         <input_file_ref idref="fl-31"/>
      </object_component>
      <object_component id="oc-11">
         <name>.text</name>
         <load_address>0x24df8</load_address>
         <run_address>0x24df8</run_address>
         <size>0x34</size>
         <input_file_ref idref="fl-28"/>
      </object_component>
      <object_component id="oc-64">
         <name>.text</name>
         <load_address>0x24e2c</load_address>
         <run_address>0x24e2c</run_address>
         <size>0x2a</size>
         <input_file_ref idref="fl-2c"/>
      </object_component>
      <object_component id="oc-ae">
         <name>.text</name>
         <load_address>0x24e56</load_address>
         <run_address>0x24e56</run_address>
         <size>0x2a</size>
         <input_file_ref idref="fl-3c"/>
      </object_component>
      <object_component id="oc-112">
         <name>.text</name>
         <load_address>0x24e80</load_address>
         <run_address>0x24e80</run_address>
         <size>0x23</size>
         <input_file_ref idref="fl-54"/>
      </object_component>
      <object_component id="oc-102">
         <name>.text</name>
         <load_address>0x24ea3</load_address>
         <run_address>0x24ea3</run_address>
         <size>0x1a</size>
         <input_file_ref idref="fl-50"/>
      </object_component>
      <object_component id="oc-122">
         <name>.text</name>
         <load_address>0x24ebd</load_address>
         <run_address>0x24ebd</run_address>
         <size>0x14</size>
         <input_file_ref idref="fl-58"/>
      </object_component>
      <object_component id="oc-10a">
         <name>.text</name>
         <load_address>0x24ed1</load_address>
         <run_address>0x24ed1</run_address>
         <size>0x13</size>
         <input_file_ref idref="fl-52"/>
      </object_component>
      <object_component id="oc-be">
         <name>.text</name>
         <load_address>0x24ee4</load_address>
         <run_address>0x24ee4</run_address>
         <size>0x12</size>
         <input_file_ref idref="fl-40"/>
      </object_component>
      <object_component id="oc-8f">
         <name>.text</name>
         <load_address>0x24ef6</load_address>
         <run_address>0x24ef6</run_address>
         <size>0x11</size>
         <input_file_ref idref="fl-35"/>
      </object_component>
      <object_component id="oc-97">
         <name>.text</name>
         <load_address>0x24f07</load_address>
         <run_address>0x24f07</run_address>
         <size>0x10</size>
         <input_file_ref idref="fl-37"/>
      </object_component>
      <object_component id="oc-13">
         <name>.text</name>
         <load_address>0x24f17</load_address>
         <run_address>0x24f17</run_address>
         <size>0xa</size>
         <input_file_ref idref="fl-2"/>
      </object_component>
      <object_component id="oc-9f">
         <name>.text</name>
         <load_address>0x24f21</load_address>
         <run_address>0x24f21</run_address>
         <size>0xa</size>
         <input_file_ref idref="fl-39"/>
      </object_component>
      <object_component id="oc-59">
         <name>.text:CIO_breakpoint</name>
         <load_address>0x24f2b</load_address>
         <run_address>0x24f2b</run_address>
         <size>0x7</size>
         <input_file_ref idref="fl-29"/>
      </object_component>
      <object_component id="oc-b2">
         <name>.text</name>
         <load_address>0x24f32</load_address>
         <run_address>0x24f32</run_address>
         <size>0x2</size>
         <input_file_ref idref="fl-3d"/>
      </object_component>
      <object_component id="oc-51">
         <name>.stack</name>
         <uninitialized>true</uninitialized>
         <run_address>0xc0</run_address>
         <size>0x0</size>
         <input_file_ref idref="fl-28"/>
      </object_component>
      <object_component id="oc-146">
         <name>.stack</name>
         <uninitialized>true</uninitialized>
         <run_address>0xc0</run_address>
         <size>0x0</size>
      </object_component>
      <object_component id="oc-12a">
         <name>.sysstack</name>
         <uninitialized>true</uninitialized>
         <run_address>0x20c0</run_address>
         <size>0x0</size>
         <input_file_ref idref="fl-28"/>
      </object_component>
      <object_component id="oc-148">
         <name>.sysstack</name>
         <uninitialized>true</uninitialized>
         <run_address>0x20c0</run_address>
         <size>0x0</size>
      </object_component>
      <object_component id="oc-28">
         <name>.bss</name>
         <uninitialized>true</uninitialized>
         <run_address>0x50c0</run_address>
         <size>0x800</size>
         <input_file_ref idref="fl-5"/>
      </object_component>
      <object_component id="oc-33">
         <name>.bss</name>
         <uninitialized>true</uninitialized>
         <run_address>0x58c0</run_address>
         <size>0x540</size>
         <input_file_ref idref="fl-7"/>
      </object_component>
      <object_component id="oc-dc">
         <name>.bss</name>
         <uninitialized>true</uninitialized>
         <run_address>0x5e00</run_address>
         <size>0x232</size>
         <input_file_ref idref="fl-47"/>
      </object_component>
      <object_component id="oc-a4">
         <name>.bss</name>
         <uninitialized>true</uninitialized>
         <run_address>0x6032</run_address>
         <size>0x1a0</size>
         <input_file_ref idref="fl-3a"/>
      </object_component>
      <object_component id="oc-6d">
         <name>.bss</name>
         <uninitialized>true</uninitialized>
         <run_address>0x61d2</run_address>
         <size>0x2</size>
         <input_file_ref idref="fl-2e"/>
      </object_component>
      <object_component id="oc-7f">
         <name>.bss</name>
         <uninitialized>true</uninitialized>
         <run_address>0x61d4</run_address>
         <size>0xe2</size>
         <input_file_ref idref="fl-32"/>
      </object_component>
      <object_component id="oc-89">
         <name>.bss</name>
         <uninitialized>true</uninitialized>
         <run_address>0x62b8</run_address>
         <size>0xc</size>
         <input_file_ref idref="fl-34"/>
      </object_component>
      <object_component id="oc-19">
         <name>.bss</name>
         <uninitialized>true</uninitialized>
         <run_address>0x62c4</run_address>
         <size>0xa</size>
         <input_file_ref idref="fl-3"/>
      </object_component>
      <object_component id="oc-20">
         <name>.bss</name>
         <uninitialized>true</uninitialized>
         <run_address>0x62d0</run_address>
         <size>0x8</size>
         <input_file_ref idref="fl-4"/>
      </object_component>
      <object_component id="oc-bf">
         <name>.bss</name>
         <uninitialized>true</uninitialized>
         <run_address>0x62d8</run_address>
         <size>0x8</size>
         <input_file_ref idref="fl-40"/>
      </object_component>
      <object_component id="oc-56">
         <name>.bss</name>
         <uninitialized>true</uninitialized>
         <run_address>0x62e0</run_address>
         <size>0x8</size>
         <input_file_ref idref="fl-29"/>
      </object_component>
      <object_component id="oc-12c">
         <name>.const:__ctypes_</name>
         <load_address>0x62e8</load_address>
         <run_address>0x62e8</run_address>
         <size>0x202</size>
         <input_file_ref idref="fl-46"/>
      </object_component>
      <object_component id="oc-3d">
         <name>.const</name>
         <load_address>0x64ea</load_address>
         <run_address>0x64ea</run_address>
         <size>0x2</size>
         <input_file_ref idref="fl-8"/>
      </object_component>
      <object_component id="oc-23">
         <name>.const:.string</name>
         <load_address>0x64ec</load_address>
         <run_address>0x64ec</run_address>
         <size>0x12e</size>
         <input_file_ref idref="fl-4"/>
      </object_component>
      <object_component id="oc-37">
         <name>.const:.string</name>
         <load_address>0x661c</load_address>
         <run_address>0x661c</run_address>
         <size>0x82</size>
         <input_file_ref idref="fl-7"/>
      </object_component>
      <object_component id="oc-c7">
         <name>.const:.string</name>
         <load_address>0x66a0</load_address>
         <run_address>0x66a0</run_address>
         <size>0x48</size>
         <input_file_ref idref="fl-41"/>
      </object_component>
      <object_component id="oc-3e">
         <name>.const:.string</name>
         <load_address>0x66e8</load_address>
         <run_address>0x66e8</run_address>
         <size>0x2a</size>
         <input_file_ref idref="fl-8"/>
      </object_component>
      <object_component id="oc-36">
         <name>.const</name>
         <load_address>0x6714</load_address>
         <run_address>0x6714</run_address>
         <size>0x18</size>
         <input_file_ref idref="fl-7"/>
      </object_component>
      <object_component id="oc-c6">
         <name>.const</name>
         <load_address>0x672c</load_address>
         <run_address>0x672c</run_address>
         <size>0x18</size>
         <input_file_ref idref="fl-41"/>
      </object_component>
      <object_component id="oc-44">
         <name>.const</name>
         <load_address>0x6744</load_address>
         <run_address>0x6744</run_address>
         <size>0x14</size>
         <input_file_ref idref="fl-9"/>
      </object_component>
      <object_component id="oc-12d">
         <name>.const:_initial_approx$1</name>
         <load_address>0x6758</load_address>
         <run_address>0x6758</run_address>
         <size>0x10</size>
         <input_file_ref idref="fl-48"/>
      </object_component>
      <object_component id="oc-12b">
         <name>.const:_$P$T0$1</name>
         <load_address>0x6768</load_address>
         <run_address>0x6768</run_address>
         <size>0x8</size>
         <input_file_ref idref="fl-7"/>
      </object_component>
      <object_component id="oc-f3">
         <name>.const:.string</name>
         <load_address>0x6770</load_address>
         <run_address>0x6770</run_address>
         <size>0x4</size>
         <input_file_ref idref="fl-4c"/>
      </object_component>
      <object_component id="oc-ea">
         <name>.const</name>
         <load_address>0x6774</load_address>
         <run_address>0x6774</run_address>
         <size>0x4</size>
         <input_file_ref idref="fl-4a"/>
      </object_component>
      <object_component id="oc-8c">
         <name>.sysmem</name>
         <uninitialized>true</uninitialized>
         <run_address>0x30c0</run_address>
         <size>0x0</size>
         <input_file_ref idref="fl-34"/>
      </object_component>
      <object_component id="oc-147">
         <name>.sysmem</name>
         <uninitialized>true</uninitialized>
         <run_address>0x30c0</run_address>
         <size>0x0</size>
      </object_component>
      <object_component id="oc-81">
         <name>.cinit</name>
         <load_address>0x40240</load_address>
         <run_address>0x40240</run_address>
         <size>0x5a</size>
         <input_file_ref idref="fl-32"/>
      </object_component>
      <object_component id="oc-de">
         <name>.cinit</name>
         <load_address>0x4029a</load_address>
         <run_address>0x4029a</run_address>
         <size>0x54</size>
         <input_file_ref idref="fl-47"/>
      </object_component>
      <object_component id="oc-35">
         <name>.cinit</name>
         <load_address>0x402ee</load_address>
         <run_address>0x402ee</run_address>
         <size>0x20</size>
         <input_file_ref idref="fl-7"/>
      </object_component>
      <object_component id="oc-22">
         <name>.cinit</name>
         <load_address>0x4030e</load_address>
         <run_address>0x4030e</run_address>
         <size>0x14</size>
         <input_file_ref idref="fl-4"/>
      </object_component>
      <object_component id="oc-c1">
         <name>.cinit</name>
         <load_address>0x40322</load_address>
         <run_address>0x40322</run_address>
         <size>0x14</size>
         <input_file_ref idref="fl-40"/>
      </object_component>
      <object_component id="oc-58">
         <name>.cinit</name>
         <load_address>0x40336</load_address>
         <run_address>0x40336</run_address>
         <size>0x14</size>
         <input_file_ref idref="fl-29"/>
      </object_component>
      <object_component id="oc-1b">
         <name>.cinit</name>
         <load_address>0x4034a</load_address>
         <run_address>0x4034a</run_address>
         <size>0x8</size>
         <input_file_ref idref="fl-3"/>
      </object_component>
      <object_component id="oc-6f">
         <name>.cinit</name>
         <load_address>0x40352</load_address>
         <run_address>0x40352</run_address>
         <size>0x8</size>
         <input_file_ref idref="fl-2e"/>
      </object_component>
      <object_component id="oc-8b">
         <name>.cinit</name>
         <load_address>0x4035a</load_address>
         <run_address>0x4035a</run_address>
         <size>0x8</size>
         <input_file_ref idref="fl-34"/>
      </object_component>
      <object_component id="oc-aa">
         <name>.cio</name>
         <uninitialized>true</uninitialized>
         <run_address>0x40000</run_address>
         <size>0x240</size>
         <input_file_ref idref="fl-3b"/>
      </object_component>
      <object_component id="oc-12">
         <name>vectors</name>
         <load_address>0x4fe00</load_address>
         <run_address>0x4fe00</run_address>
         <size>0x100</size>
         <input_file_ref idref="fl-3d"/>
      </object_component>
      <object_component id="oc-14">
         <name>.debug_info</name>
         <load_address>0x0</load_address>
         <run_address>0x0</run_address>
         <size>0x59a</size>
         <input_file_ref idref="fl-2"/>
      </object_component>
      <object_component id="oc-1a">
         <name>.debug_info</name>
         <load_address>0x59a</load_address>
         <run_address>0x59a</run_address>
         <size>0x939</size>
         <input_file_ref idref="fl-3"/>
      </object_component>
      <object_component id="oc-21">
         <name>.debug_info</name>
         <load_address>0xed3</load_address>
         <run_address>0xed3</run_address>
         <size>0x94b</size>
         <input_file_ref idref="fl-4"/>
      </object_component>
      <object_component id="oc-29">
         <name>.debug_info</name>
         <load_address>0x181e</load_address>
         <run_address>0x181e</run_address>
         <size>0xa03</size>
         <input_file_ref idref="fl-5"/>
      </object_component>
      <object_component id="oc-2e">
         <name>.debug_info</name>
         <load_address>0x2221</load_address>
         <run_address>0x2221</run_address>
         <size>0x787</size>
         <input_file_ref idref="fl-6"/>
      </object_component>
      <object_component id="oc-34">
         <name>.debug_info</name>
         <load_address>0x29a8</load_address>
         <run_address>0x29a8</run_address>
         <size>0x11db</size>
         <input_file_ref idref="fl-7"/>
      </object_component>
      <object_component id="oc-3c">
         <name>.debug_info</name>
         <load_address>0x3b83</load_address>
         <run_address>0x3b83</run_address>
         <size>0x6c5</size>
         <input_file_ref idref="fl-8"/>
      </object_component>
      <object_component id="oc-43">
         <name>.debug_info</name>
         <load_address>0x4248</load_address>
         <run_address>0x4248</run_address>
         <size>0xdcb</size>
         <input_file_ref idref="fl-9"/>
      </object_component>
      <object_component id="oc-49">
         <name>.debug_info</name>
         <load_address>0x5013</load_address>
         <run_address>0x5013</run_address>
         <size>0x5896</size>
         <input_file_ref idref="fl-13"/>
      </object_component>
      <object_component id="oc-4e">
         <name>.debug_info</name>
         <load_address>0xa8a9</load_address>
         <run_address>0xa8a9</run_address>
         <size>0x5ab</size>
         <input_file_ref idref="fl-27"/>
      </object_component>
      <object_component id="oc-52">
         <name>.debug_info</name>
         <load_address>0xae54</load_address>
         <run_address>0xae54</run_address>
         <size>0xe8</size>
         <input_file_ref idref="fl-28"/>
      </object_component>
      <object_component id="oc-57">
         <name>.debug_info</name>
         <load_address>0xaf3c</load_address>
         <run_address>0xaf3c</run_address>
         <size>0x5fb</size>
         <input_file_ref idref="fl-29"/>
      </object_component>
      <object_component id="oc-5d">
         <name>.debug_info</name>
         <load_address>0xb537</load_address>
         <run_address>0xb537</run_address>
         <size>0x64f</size>
         <input_file_ref idref="fl-2a"/>
      </object_component>
      <object_component id="oc-61">
         <name>.debug_info</name>
         <load_address>0xbb86</load_address>
         <run_address>0xbb86</run_address>
         <size>0x706</size>
         <input_file_ref idref="fl-2b"/>
      </object_component>
      <object_component id="oc-65">
         <name>.debug_info</name>
         <load_address>0xc28c</load_address>
         <run_address>0xc28c</run_address>
         <size>0x4cf</size>
         <input_file_ref idref="fl-2c"/>
      </object_component>
      <object_component id="oc-69">
         <name>.debug_info</name>
         <load_address>0xc75b</load_address>
         <run_address>0xc75b</run_address>
         <size>0x534</size>
         <input_file_ref idref="fl-2d"/>
      </object_component>
      <object_component id="oc-6e">
         <name>.debug_info</name>
         <load_address>0xcc8f</load_address>
         <run_address>0xcc8f</run_address>
         <size>0xa1c</size>
         <input_file_ref idref="fl-2e"/>
      </object_component>
      <object_component id="oc-73">
         <name>.debug_info</name>
         <load_address>0xd6ab</load_address>
         <run_address>0xd6ab</run_address>
         <size>0x762</size>
         <input_file_ref idref="fl-2f"/>
      </object_component>
      <object_component id="oc-77">
         <name>.debug_info</name>
         <load_address>0xde0d</load_address>
         <run_address>0xde0d</run_address>
         <size>0x8f7</size>
         <input_file_ref idref="fl-30"/>
      </object_component>
      <object_component id="oc-7b">
         <name>.debug_info</name>
         <load_address>0xe704</load_address>
         <run_address>0xe704</run_address>
         <size>0xeb</size>
         <input_file_ref idref="fl-31"/>
      </object_component>
      <object_component id="oc-80">
         <name>.debug_info</name>
         <load_address>0xe7ef</load_address>
         <run_address>0xe7ef</run_address>
         <size>0x144b</size>
         <input_file_ref idref="fl-32"/>
      </object_component>
      <object_component id="oc-85">
         <name>.debug_info</name>
         <load_address>0xfc3a</load_address>
         <run_address>0xfc3a</run_address>
         <size>0xd1</size>
         <input_file_ref idref="fl-33"/>
      </object_component>
      <object_component id="oc-8a">
         <name>.debug_info</name>
         <load_address>0xfd0b</load_address>
         <run_address>0xfd0b</run_address>
         <size>0xb97</size>
         <input_file_ref idref="fl-34"/>
      </object_component>
      <object_component id="oc-90">
         <name>.debug_info</name>
         <load_address>0x108a2</load_address>
         <run_address>0x108a2</run_address>
         <size>0x59d</size>
         <input_file_ref idref="fl-35"/>
      </object_component>
      <object_component id="oc-94">
         <name>.debug_info</name>
         <load_address>0x10e3f</load_address>
         <run_address>0x10e3f</run_address>
         <size>0x55b</size>
         <input_file_ref idref="fl-36"/>
      </object_component>
      <object_component id="oc-98">
         <name>.debug_info</name>
         <load_address>0x1139a</load_address>
         <run_address>0x1139a</run_address>
         <size>0x4b7</size>
         <input_file_ref idref="fl-37"/>
      </object_component>
      <object_component id="oc-9c">
         <name>.debug_info</name>
         <load_address>0x11851</load_address>
         <run_address>0x11851</run_address>
         <size>0x76c</size>
         <input_file_ref idref="fl-38"/>
      </object_component>
      <object_component id="oc-a0">
         <name>.debug_info</name>
         <load_address>0x11fbd</load_address>
         <run_address>0x11fbd</run_address>
         <size>0x510</size>
         <input_file_ref idref="fl-39"/>
      </object_component>
      <object_component id="oc-a5">
         <name>.debug_info</name>
         <load_address>0x124cd</load_address>
         <run_address>0x124cd</run_address>
         <size>0xed4</size>
         <input_file_ref idref="fl-3a"/>
      </object_component>
      <object_component id="oc-a9">
         <name>.debug_info</name>
         <load_address>0x133a1</load_address>
         <run_address>0x133a1</run_address>
         <size>0x744</size>
         <input_file_ref idref="fl-3b"/>
      </object_component>
      <object_component id="oc-af">
         <name>.debug_info</name>
         <load_address>0x13ae5</load_address>
         <run_address>0x13ae5</run_address>
         <size>0xef</size>
         <input_file_ref idref="fl-3c"/>
      </object_component>
      <object_component id="oc-b3">
         <name>.debug_info</name>
         <load_address>0x13bd4</load_address>
         <run_address>0x13bd4</run_address>
         <size>0xbc</size>
         <input_file_ref idref="fl-3d"/>
      </object_component>
      <object_component id="oc-b7">
         <name>.debug_info</name>
         <load_address>0x13c90</load_address>
         <run_address>0x13c90</run_address>
         <size>0x6b8</size>
         <input_file_ref idref="fl-3e"/>
      </object_component>
      <object_component id="oc-bb">
         <name>.debug_info</name>
         <load_address>0x14348</load_address>
         <run_address>0x14348</run_address>
         <size>0x662</size>
         <input_file_ref idref="fl-3f"/>
      </object_component>
      <object_component id="oc-c0">
         <name>.debug_info</name>
         <load_address>0x149aa</load_address>
         <run_address>0x149aa</run_address>
         <size>0x5bc</size>
         <input_file_ref idref="fl-40"/>
      </object_component>
      <object_component id="oc-c5">
         <name>.debug_info</name>
         <load_address>0x14f66</load_address>
         <run_address>0x14f66</run_address>
         <size>0x27bd</size>
         <input_file_ref idref="fl-41"/>
      </object_component>
      <object_component id="oc-cb">
         <name>.debug_info</name>
         <load_address>0x17723</load_address>
         <run_address>0x17723</run_address>
         <size>0x586</size>
         <input_file_ref idref="fl-42"/>
      </object_component>
      <object_component id="oc-cf">
         <name>.debug_info</name>
         <load_address>0x17ca9</load_address>
         <run_address>0x17ca9</run_address>
         <size>0x5a4</size>
         <input_file_ref idref="fl-43"/>
      </object_component>
      <object_component id="oc-d3">
         <name>.debug_info</name>
         <load_address>0x1824d</load_address>
         <run_address>0x1824d</run_address>
         <size>0xcd</size>
         <input_file_ref idref="fl-44"/>
      </object_component>
      <object_component id="oc-d7">
         <name>.debug_info</name>
         <load_address>0x1831a</load_address>
         <run_address>0x1831a</run_address>
         <size>0x81f</size>
         <input_file_ref idref="fl-45"/>
      </object_component>
      <object_component id="oc-da">
         <name>.debug_info</name>
         <load_address>0x18b39</load_address>
         <run_address>0x18b39</run_address>
         <size>0x498</size>
         <input_file_ref idref="fl-46"/>
      </object_component>
      <object_component id="oc-dd">
         <name>.debug_info</name>
         <load_address>0x18fd1</load_address>
         <run_address>0x18fd1</run_address>
         <size>0x57e</size>
         <input_file_ref idref="fl-47"/>
      </object_component>
      <object_component id="oc-e1">
         <name>.debug_info</name>
         <load_address>0x1954f</load_address>
         <run_address>0x1954f</run_address>
         <size>0x7e8</size>
         <input_file_ref idref="fl-48"/>
      </object_component>
      <object_component id="oc-e5">
         <name>.debug_info</name>
         <load_address>0x19d37</load_address>
         <run_address>0x19d37</run_address>
         <size>0x534</size>
         <input_file_ref idref="fl-49"/>
      </object_component>
      <object_component id="oc-e9">
         <name>.debug_info</name>
         <load_address>0x1a26b</load_address>
         <run_address>0x1a26b</run_address>
         <size>0x549</size>
         <input_file_ref idref="fl-4a"/>
      </object_component>
      <object_component id="oc-ee">
         <name>.debug_info</name>
         <load_address>0x1a7b4</load_address>
         <run_address>0x1a7b4</run_address>
         <size>0x6aa</size>
         <input_file_ref idref="fl-4b"/>
      </object_component>
      <object_component id="oc-f2">
         <name>.debug_info</name>
         <load_address>0x1ae5e</load_address>
         <run_address>0x1ae5e</run_address>
         <size>0x942</size>
         <input_file_ref idref="fl-4c"/>
      </object_component>
      <object_component id="oc-f7">
         <name>.debug_info</name>
         <load_address>0x1b7a0</load_address>
         <run_address>0x1b7a0</run_address>
         <size>0x4d2</size>
         <input_file_ref idref="fl-4d"/>
      </object_component>
      <object_component id="oc-fb">
         <name>.debug_info</name>
         <load_address>0x1bc72</load_address>
         <run_address>0x1bc72</run_address>
         <size>0x53e</size>
         <input_file_ref idref="fl-4e"/>
      </object_component>
      <object_component id="oc-ff">
         <name>.debug_info</name>
         <load_address>0x1c1b0</load_address>
         <run_address>0x1c1b0</run_address>
         <size>0x5f7</size>
         <input_file_ref idref="fl-4f"/>
      </object_component>
      <object_component id="oc-103">
         <name>.debug_info</name>
         <load_address>0x1c7a7</load_address>
         <run_address>0x1c7a7</run_address>
         <size>0x680</size>
         <input_file_ref idref="fl-50"/>
      </object_component>
      <object_component id="oc-107">
         <name>.debug_info</name>
         <load_address>0x1ce27</load_address>
         <run_address>0x1ce27</run_address>
         <size>0x7d4</size>
         <input_file_ref idref="fl-51"/>
      </object_component>
      <object_component id="oc-10b">
         <name>.debug_info</name>
         <load_address>0x1d5fb</load_address>
         <run_address>0x1d5fb</run_address>
         <size>0xbd</size>
         <input_file_ref idref="fl-52"/>
      </object_component>
      <object_component id="oc-10f">
         <name>.debug_info</name>
         <load_address>0x1d6b8</load_address>
         <run_address>0x1d6b8</run_address>
         <size>0x5ad</size>
         <input_file_ref idref="fl-53"/>
      </object_component>
      <object_component id="oc-113">
         <name>.debug_info</name>
         <load_address>0x1dc65</load_address>
         <run_address>0x1dc65</run_address>
         <size>0x574</size>
         <input_file_ref idref="fl-54"/>
      </object_component>
      <object_component id="oc-117">
         <name>.debug_info</name>
         <load_address>0x1e1d9</load_address>
         <run_address>0x1e1d9</run_address>
         <size>0x4f2</size>
         <input_file_ref idref="fl-55"/>
      </object_component>
      <object_component id="oc-11b">
         <name>.debug_info</name>
         <load_address>0x1e6cb</load_address>
         <run_address>0x1e6cb</run_address>
         <size>0x534</size>
         <input_file_ref idref="fl-56"/>
      </object_component>
      <object_component id="oc-11f">
         <name>.debug_info</name>
         <load_address>0x1ebff</load_address>
         <run_address>0x1ebff</run_address>
         <size>0x64a</size>
         <input_file_ref idref="fl-57"/>
      </object_component>
      <object_component id="oc-123">
         <name>.debug_info</name>
         <load_address>0x1f249</load_address>
         <run_address>0x1f249</run_address>
         <size>0x4de</size>
         <input_file_ref idref="fl-58"/>
      </object_component>
      <object_component id="oc-127">
         <name>.debug_info</name>
         <load_address>0x1f727</load_address>
         <run_address>0x1f727</run_address>
         <size>0x4f2</size>
         <input_file_ref idref="fl-59"/>
      </object_component>
      <object_component id="oc-152">
         <name>.debug_info</name>
         <load_address>0x1fc19</load_address>
         <run_address>0x1fc19</run_address>
         <size>0x6e</size>
      </object_component>
      <object_component id="oc-15">
         <name>.debug_frame</name>
         <load_address>0x0</load_address>
         <run_address>0x0</run_address>
         <size>0xf4</size>
         <input_file_ref idref="fl-2"/>
      </object_component>
      <object_component id="oc-1c">
         <name>.debug_frame</name>
         <load_address>0xf4</load_address>
         <run_address>0xf4</run_address>
         <size>0x132</size>
         <input_file_ref idref="fl-3"/>
      </object_component>
      <object_component id="oc-24">
         <name>.debug_frame</name>
         <load_address>0x226</load_address>
         <run_address>0x226</run_address>
         <size>0x139</size>
         <input_file_ref idref="fl-4"/>
      </object_component>
      <object_component id="oc-2a">
         <name>.debug_frame</name>
         <load_address>0x35f</load_address>
         <run_address>0x35f</run_address>
         <size>0x118</size>
         <input_file_ref idref="fl-5"/>
      </object_component>
      <object_component id="oc-2f">
         <name>.debug_frame</name>
         <load_address>0x477</load_address>
         <run_address>0x477</run_address>
         <size>0x102</size>
         <input_file_ref idref="fl-6"/>
      </object_component>
      <object_component id="oc-38">
         <name>.debug_frame</name>
         <load_address>0x579</load_address>
         <run_address>0x579</run_address>
         <size>0xed</size>
         <input_file_ref idref="fl-7"/>
      </object_component>
      <object_component id="oc-3f">
         <name>.debug_frame</name>
         <load_address>0x666</load_address>
         <run_address>0x666</run_address>
         <size>0x132</size>
         <input_file_ref idref="fl-8"/>
      </object_component>
      <object_component id="oc-45">
         <name>.debug_frame</name>
         <load_address>0x798</load_address>
         <run_address>0x798</run_address>
         <size>0x158</size>
         <input_file_ref idref="fl-9"/>
      </object_component>
      <object_component id="oc-4a">
         <name>.debug_frame</name>
         <load_address>0x8f0</load_address>
         <run_address>0x8f0</run_address>
         <size>0x116</size>
         <input_file_ref idref="fl-13"/>
      </object_component>
      <object_component id="oc-16">
         <name>.debug_line</name>
         <load_address>0x0</load_address>
         <run_address>0x0</run_address>
         <size>0x60</size>
         <input_file_ref idref="fl-2"/>
      </object_component>
      <object_component id="oc-1d">
         <name>.debug_line</name>
         <load_address>0x60</load_address>
         <run_address>0x60</run_address>
         <size>0xac</size>
         <input_file_ref idref="fl-3"/>
      </object_component>
      <object_component id="oc-25">
         <name>.debug_line</name>
         <load_address>0x10c</load_address>
         <run_address>0x10c</run_address>
         <size>0xb8</size>
         <input_file_ref idref="fl-4"/>
      </object_component>
      <object_component id="oc-2b">
         <name>.debug_line</name>
         <load_address>0x1c4</load_address>
         <run_address>0x1c4</run_address>
         <size>0xbe</size>
         <input_file_ref idref="fl-5"/>
      </object_component>
      <object_component id="oc-30">
         <name>.debug_line</name>
         <load_address>0x282</load_address>
         <run_address>0x282</run_address>
         <size>0x6e</size>
         <input_file_ref idref="fl-6"/>
      </object_component>
      <object_component id="oc-39">
         <name>.debug_line</name>
         <load_address>0x2f0</load_address>
         <run_address>0x2f0</run_address>
         <size>0x14e</size>
         <input_file_ref idref="fl-7"/>
      </object_component>
      <object_component id="oc-40">
         <name>.debug_line</name>
         <load_address>0x43e</load_address>
         <run_address>0x43e</run_address>
         <size>0x86</size>
         <input_file_ref idref="fl-8"/>
      </object_component>
      <object_component id="oc-46">
         <name>.debug_line</name>
         <load_address>0x4c4</load_address>
         <run_address>0x4c4</run_address>
         <size>0x10e</size>
         <input_file_ref idref="fl-9"/>
      </object_component>
      <object_component id="oc-4b">
         <name>.debug_line</name>
         <load_address>0x5d2</load_address>
         <run_address>0x5d2</run_address>
         <size>0x59c</size>
         <input_file_ref idref="fl-13"/>
      </object_component>
      <object_component id="oc-4f">
         <name>.debug_line</name>
         <load_address>0xb6e</load_address>
         <run_address>0xb6e</run_address>
         <size>0x5c</size>
         <input_file_ref idref="fl-27"/>
      </object_component>
      <object_component id="oc-53">
         <name>.debug_line</name>
         <load_address>0xbca</load_address>
         <run_address>0xbca</run_address>
         <size>0x54</size>
         <input_file_ref idref="fl-28"/>
      </object_component>
      <object_component id="oc-5a">
         <name>.debug_line</name>
         <load_address>0xc1e</load_address>
         <run_address>0xc1e</run_address>
         <size>0x51</size>
         <input_file_ref idref="fl-29"/>
      </object_component>
      <object_component id="oc-5e">
         <name>.debug_line</name>
         <load_address>0xc6f</load_address>
         <run_address>0xc6f</run_address>
         <size>0x3d</size>
         <input_file_ref idref="fl-2a"/>
      </object_component>
      <object_component id="oc-62">
         <name>.debug_line</name>
         <load_address>0xcac</load_address>
         <run_address>0xcac</run_address>
         <size>0x5b</size>
         <input_file_ref idref="fl-2b"/>
      </object_component>
      <object_component id="oc-66">
         <name>.debug_line</name>
         <load_address>0xd07</load_address>
         <run_address>0xd07</run_address>
         <size>0x3d</size>
         <input_file_ref idref="fl-2c"/>
      </object_component>
      <object_component id="oc-6a">
         <name>.debug_line</name>
         <load_address>0xd44</load_address>
         <run_address>0xd44</run_address>
         <size>0x3d</size>
         <input_file_ref idref="fl-2d"/>
      </object_component>
      <object_component id="oc-70">
         <name>.debug_line</name>
         <load_address>0xd81</load_address>
         <run_address>0xd81</run_address>
         <size>0xd7</size>
         <input_file_ref idref="fl-2e"/>
      </object_component>
      <object_component id="oc-74">
         <name>.debug_line</name>
         <load_address>0xe58</load_address>
         <run_address>0xe58</run_address>
         <size>0x4d</size>
         <input_file_ref idref="fl-2f"/>
      </object_component>
      <object_component id="oc-78">
         <name>.debug_line</name>
         <load_address>0xea5</load_address>
         <run_address>0xea5</run_address>
         <size>0x97</size>
         <input_file_ref idref="fl-30"/>
      </object_component>
      <object_component id="oc-7c">
         <name>.debug_line</name>
         <load_address>0xf3c</load_address>
         <run_address>0xf3c</run_address>
         <size>0x5c</size>
         <input_file_ref idref="fl-31"/>
      </object_component>
      <object_component id="oc-82">
         <name>.debug_line</name>
         <load_address>0xf98</load_address>
         <run_address>0xf98</run_address>
         <size>0x1b0</size>
         <input_file_ref idref="fl-32"/>
      </object_component>
      <object_component id="oc-86">
         <name>.debug_line</name>
         <load_address>0x1148</load_address>
         <run_address>0x1148</run_address>
         <size>0x4d</size>
         <input_file_ref idref="fl-33"/>
      </object_component>
      <object_component id="oc-8d">
         <name>.debug_line</name>
         <load_address>0x1195</load_address>
         <run_address>0x1195</run_address>
         <size>0x112</size>
         <input_file_ref idref="fl-34"/>
      </object_component>
      <object_component id="oc-91">
         <name>.debug_line</name>
         <load_address>0x12a7</load_address>
         <run_address>0x12a7</run_address>
         <size>0x52</size>
         <input_file_ref idref="fl-35"/>
      </object_component>
      <object_component id="oc-95">
         <name>.debug_line</name>
         <load_address>0x12f9</load_address>
         <run_address>0x12f9</run_address>
         <size>0x3c</size>
         <input_file_ref idref="fl-36"/>
      </object_component>
      <object_component id="oc-99">
         <name>.debug_line</name>
         <load_address>0x1335</load_address>
         <run_address>0x1335</run_address>
         <size>0x37</size>
         <input_file_ref idref="fl-37"/>
      </object_component>
      <object_component id="oc-9d">
         <name>.debug_line</name>
         <load_address>0x136c</load_address>
         <run_address>0x136c</run_address>
         <size>0x69</size>
         <input_file_ref idref="fl-38"/>
      </object_component>
      <object_component id="oc-a1">
         <name>.debug_line</name>
         <load_address>0x13d5</load_address>
         <run_address>0x13d5</run_address>
         <size>0x39</size>
         <input_file_ref idref="fl-39"/>
      </object_component>
      <object_component id="oc-a6">
         <name>.debug_line</name>
         <load_address>0x140e</load_address>
         <run_address>0x140e</run_address>
         <size>0x15d</size>
         <input_file_ref idref="fl-3a"/>
      </object_component>
      <object_component id="oc-ac">
         <name>.debug_line</name>
         <load_address>0x156b</load_address>
         <run_address>0x156b</run_address>
         <size>0x6a</size>
         <input_file_ref idref="fl-3b"/>
      </object_component>
      <object_component id="oc-b0">
         <name>.debug_line</name>
         <load_address>0x15d5</load_address>
         <run_address>0x15d5</run_address>
         <size>0x58</size>
         <input_file_ref idref="fl-3c"/>
      </object_component>
      <object_component id="oc-b4">
         <name>.debug_line</name>
         <load_address>0x162d</load_address>
         <run_address>0x162d</run_address>
         <size>0x37</size>
         <input_file_ref idref="fl-3d"/>
      </object_component>
      <object_component id="oc-b8">
         <name>.debug_line</name>
         <load_address>0x1664</load_address>
         <run_address>0x1664</run_address>
         <size>0x4c</size>
         <input_file_ref idref="fl-3e"/>
      </object_component>
      <object_component id="oc-bc">
         <name>.debug_line</name>
         <load_address>0x16b0</load_address>
         <run_address>0x16b0</run_address>
         <size>0x57</size>
         <input_file_ref idref="fl-3f"/>
      </object_component>
      <object_component id="oc-c2">
         <name>.debug_line</name>
         <load_address>0x1707</load_address>
         <run_address>0x1707</run_address>
         <size>0x57</size>
         <input_file_ref idref="fl-40"/>
      </object_component>
      <object_component id="oc-c8">
         <name>.debug_line</name>
         <load_address>0x175e</load_address>
         <run_address>0x175e</run_address>
         <size>0x328</size>
         <input_file_ref idref="fl-41"/>
      </object_component>
      <object_component id="oc-cc">
         <name>.debug_line</name>
         <load_address>0x1a86</load_address>
         <run_address>0x1a86</run_address>
         <size>0x41</size>
         <input_file_ref idref="fl-42"/>
      </object_component>
      <object_component id="oc-d0">
         <name>.debug_line</name>
         <load_address>0x1ac7</load_address>
         <run_address>0x1ac7</run_address>
         <size>0x46</size>
         <input_file_ref idref="fl-43"/>
      </object_component>
      <object_component id="oc-d4">
         <name>.debug_line</name>
         <load_address>0x1b0d</load_address>
         <run_address>0x1b0d</run_address>
         <size>0x55</size>
         <input_file_ref idref="fl-44"/>
      </object_component>
      <object_component id="oc-d8">
         <name>.debug_line</name>
         <load_address>0x1b62</load_address>
         <run_address>0x1b62</run_address>
         <size>0xad</size>
         <input_file_ref idref="fl-45"/>
      </object_component>
      <object_component id="oc-e2">
         <name>.debug_line</name>
         <load_address>0x1c0f</load_address>
         <run_address>0x1c0f</run_address>
         <size>0x5b</size>
         <input_file_ref idref="fl-48"/>
      </object_component>
      <object_component id="oc-e6">
         <name>.debug_line</name>
         <load_address>0x1c6a</load_address>
         <run_address>0x1c6a</run_address>
         <size>0x44</size>
         <input_file_ref idref="fl-49"/>
      </object_component>
      <object_component id="oc-eb">
         <name>.debug_line</name>
         <load_address>0x1cae</load_address>
         <run_address>0x1cae</run_address>
         <size>0x44</size>
         <input_file_ref idref="fl-4a"/>
      </object_component>
      <object_component id="oc-ef">
         <name>.debug_line</name>
         <load_address>0x1cf2</load_address>
         <run_address>0x1cf2</run_address>
         <size>0x56</size>
         <input_file_ref idref="fl-4b"/>
      </object_component>
      <object_component id="oc-f4">
         <name>.debug_line</name>
         <load_address>0x1d48</load_address>
         <run_address>0x1d48</run_address>
         <size>0xa8</size>
         <input_file_ref idref="fl-4c"/>
      </object_component>
      <object_component id="oc-f8">
         <name>.debug_line</name>
         <load_address>0x1df0</load_address>
         <run_address>0x1df0</run_address>
         <size>0x3a</size>
         <input_file_ref idref="fl-4d"/>
      </object_component>
      <object_component id="oc-fc">
         <name>.debug_line</name>
         <load_address>0x1e2a</load_address>
         <run_address>0x1e2a</run_address>
         <size>0x40</size>
         <input_file_ref idref="fl-4e"/>
      </object_component>
      <object_component id="oc-100">
         <name>.debug_line</name>
         <load_address>0x1e6a</load_address>
         <run_address>0x1e6a</run_address>
         <size>0x3c</size>
         <input_file_ref idref="fl-4f"/>
      </object_component>
      <object_component id="oc-104">
         <name>.debug_line</name>
         <load_address>0x1ea6</load_address>
         <run_address>0x1ea6</run_address>
         <size>0x38</size>
         <input_file_ref idref="fl-50"/>
      </object_component>
      <object_component id="oc-108">
         <name>.debug_line</name>
         <load_address>0x1ede</load_address>
         <run_address>0x1ede</run_address>
         <size>0xa8</size>
         <input_file_ref idref="fl-51"/>
      </object_component>
      <object_component id="oc-10c">
         <name>.debug_line</name>
         <load_address>0x1f86</load_address>
         <run_address>0x1f86</run_address>
         <size>0x3c</size>
         <input_file_ref idref="fl-52"/>
      </object_component>
      <object_component id="oc-110">
         <name>.debug_line</name>
         <load_address>0x1fc2</load_address>
         <run_address>0x1fc2</run_address>
         <size>0x40</size>
         <input_file_ref idref="fl-53"/>
      </object_component>
      <object_component id="oc-114">
         <name>.debug_line</name>
         <load_address>0x2002</load_address>
         <run_address>0x2002</run_address>
         <size>0x3c</size>
         <input_file_ref idref="fl-54"/>
      </object_component>
      <object_component id="oc-118">
         <name>.debug_line</name>
         <load_address>0x203e</load_address>
         <run_address>0x203e</run_address>
         <size>0x3c</size>
         <input_file_ref idref="fl-55"/>
      </object_component>
      <object_component id="oc-11c">
         <name>.debug_line</name>
         <load_address>0x207a</load_address>
         <run_address>0x207a</run_address>
         <size>0x44</size>
         <input_file_ref idref="fl-56"/>
      </object_component>
      <object_component id="oc-120">
         <name>.debug_line</name>
         <load_address>0x20be</load_address>
         <run_address>0x20be</run_address>
         <size>0x3f</size>
         <input_file_ref idref="fl-57"/>
      </object_component>
      <object_component id="oc-124">
         <name>.debug_line</name>
         <load_address>0x20fd</load_address>
         <run_address>0x20fd</run_address>
         <size>0x37</size>
         <input_file_ref idref="fl-58"/>
      </object_component>
      <object_component id="oc-128">
         <name>.debug_line</name>
         <load_address>0x2134</load_address>
         <run_address>0x2134</run_address>
         <size>0x3c</size>
         <input_file_ref idref="fl-59"/>
      </object_component>
      <object_component id="oc-17">
         <name>.debug_abbrev</name>
         <load_address>0x0</load_address>
         <run_address>0x0</run_address>
         <size>0x76</size>
         <input_file_ref idref="fl-2"/>
      </object_component>
      <object_component id="oc-1e">
         <name>.debug_abbrev</name>
         <load_address>0x76</load_address>
         <run_address>0x76</run_address>
         <size>0x10c</size>
         <input_file_ref idref="fl-3"/>
      </object_component>
      <object_component id="oc-26">
         <name>.debug_abbrev</name>
         <load_address>0x182</load_address>
         <run_address>0x182</run_address>
         <size>0x121</size>
         <input_file_ref idref="fl-4"/>
      </object_component>
      <object_component id="oc-2c">
         <name>.debug_abbrev</name>
         <load_address>0x2a3</load_address>
         <run_address>0x2a3</run_address>
         <size>0x139</size>
         <input_file_ref idref="fl-5"/>
      </object_component>
      <object_component id="oc-31">
         <name>.debug_abbrev</name>
         <load_address>0x3dc</load_address>
         <run_address>0x3dc</run_address>
         <size>0xb2</size>
         <input_file_ref idref="fl-6"/>
      </object_component>
      <object_component id="oc-3a">
         <name>.debug_abbrev</name>
         <load_address>0x48e</load_address>
         <run_address>0x48e</run_address>
         <size>0x12b</size>
         <input_file_ref idref="fl-7"/>
      </object_component>
      <object_component id="oc-41">
         <name>.debug_abbrev</name>
         <load_address>0x5b9</load_address>
         <run_address>0x5b9</run_address>
         <size>0xf5</size>
         <input_file_ref idref="fl-8"/>
      </object_component>
      <object_component id="oc-47">
         <name>.debug_abbrev</name>
         <load_address>0x6ae</load_address>
         <run_address>0x6ae</run_address>
         <size>0xe5</size>
         <input_file_ref idref="fl-9"/>
      </object_component>
      <object_component id="oc-4c">
         <name>.debug_abbrev</name>
         <load_address>0x793</load_address>
         <run_address>0x793</run_address>
         <size>0x198</size>
         <input_file_ref idref="fl-13"/>
      </object_component>
      <object_component id="oc-50">
         <name>.debug_abbrev</name>
         <load_address>0x92b</load_address>
         <run_address>0x92b</run_address>
         <size>0xd4</size>
         <input_file_ref idref="fl-27"/>
      </object_component>
      <object_component id="oc-54">
         <name>.debug_abbrev</name>
         <load_address>0x9ff</load_address>
         <run_address>0x9ff</run_address>
         <size>0x3a</size>
         <input_file_ref idref="fl-28"/>
      </object_component>
      <object_component id="oc-5b">
         <name>.debug_abbrev</name>
         <load_address>0xa39</load_address>
         <run_address>0xa39</run_address>
         <size>0xf7</size>
         <input_file_ref idref="fl-29"/>
      </object_component>
      <object_component id="oc-5f">
         <name>.debug_abbrev</name>
         <load_address>0xb30</load_address>
         <run_address>0xb30</run_address>
         <size>0x118</size>
         <input_file_ref idref="fl-2a"/>
      </object_component>
      <object_component id="oc-63">
         <name>.debug_abbrev</name>
         <load_address>0xc48</load_address>
         <run_address>0xc48</run_address>
         <size>0x136</size>
         <input_file_ref idref="fl-2b"/>
      </object_component>
      <object_component id="oc-67">
         <name>.debug_abbrev</name>
         <load_address>0xd7e</load_address>
         <run_address>0xd7e</run_address>
         <size>0x8f</size>
         <input_file_ref idref="fl-2c"/>
      </object_component>
      <object_component id="oc-6b">
         <name>.debug_abbrev</name>
         <load_address>0xe0d</load_address>
         <run_address>0xe0d</run_address>
         <size>0xb7</size>
         <input_file_ref idref="fl-2d"/>
      </object_component>
      <object_component id="oc-71">
         <name>.debug_abbrev</name>
         <load_address>0xec4</load_address>
         <run_address>0xec4</run_address>
         <size>0x1a2</size>
         <input_file_ref idref="fl-2e"/>
      </object_component>
      <object_component id="oc-75">
         <name>.debug_abbrev</name>
         <load_address>0x1066</load_address>
         <run_address>0x1066</run_address>
         <size>0x111</size>
         <input_file_ref idref="fl-2f"/>
      </object_component>
      <object_component id="oc-79">
         <name>.debug_abbrev</name>
         <load_address>0x1177</load_address>
         <run_address>0x1177</run_address>
         <size>0x11e</size>
         <input_file_ref idref="fl-30"/>
      </object_component>
      <object_component id="oc-7d">
         <name>.debug_abbrev</name>
         <load_address>0x1295</load_address>
         <run_address>0x1295</run_address>
         <size>0x38</size>
         <input_file_ref idref="fl-31"/>
      </object_component>
      <object_component id="oc-83">
         <name>.debug_abbrev</name>
         <load_address>0x12cd</load_address>
         <run_address>0x12cd</run_address>
         <size>0x225</size>
         <input_file_ref idref="fl-32"/>
      </object_component>
      <object_component id="oc-87">
         <name>.debug_abbrev</name>
         <load_address>0x14f2</load_address>
         <run_address>0x14f2</run_address>
         <size>0x38</size>
         <input_file_ref idref="fl-33"/>
      </object_component>
      <object_component id="oc-8e">
         <name>.debug_abbrev</name>
         <load_address>0x152a</load_address>
         <run_address>0x152a</run_address>
         <size>0x1de</size>
         <input_file_ref idref="fl-34"/>
      </object_component>
      <object_component id="oc-92">
         <name>.debug_abbrev</name>
         <load_address>0x1708</load_address>
         <run_address>0x1708</run_address>
         <size>0xb0</size>
         <input_file_ref idref="fl-35"/>
      </object_component>
      <object_component id="oc-96">
         <name>.debug_abbrev</name>
         <load_address>0x17b8</load_address>
         <run_address>0x17b8</run_address>
         <size>0xdc</size>
         <input_file_ref idref="fl-36"/>
      </object_component>
      <object_component id="oc-9a">
         <name>.debug_abbrev</name>
         <load_address>0x1894</load_address>
         <run_address>0x1894</run_address>
         <size>0x81</size>
         <input_file_ref idref="fl-37"/>
      </object_component>
      <object_component id="oc-9e">
         <name>.debug_abbrev</name>
         <load_address>0x1915</load_address>
         <run_address>0x1915</run_address>
         <size>0x145</size>
         <input_file_ref idref="fl-38"/>
      </object_component>
      <object_component id="oc-a2">
         <name>.debug_abbrev</name>
         <load_address>0x1a5a</load_address>
         <run_address>0x1a5a</run_address>
         <size>0xbf</size>
         <input_file_ref idref="fl-39"/>
      </object_component>
      <object_component id="oc-a7">
         <name>.debug_abbrev</name>
         <load_address>0x1b19</load_address>
         <run_address>0x1b19</run_address>
         <size>0x15a</size>
         <input_file_ref idref="fl-3a"/>
      </object_component>
      <object_component id="oc-ad">
         <name>.debug_abbrev</name>
         <load_address>0x1c73</load_address>
         <run_address>0x1c73</run_address>
         <size>0xde</size>
         <input_file_ref idref="fl-3b"/>
      </object_component>
      <object_component id="oc-b1">
         <name>.debug_abbrev</name>
         <load_address>0x1d51</load_address>
         <run_address>0x1d51</run_address>
         <size>0x38</size>
         <input_file_ref idref="fl-3c"/>
      </object_component>
      <object_component id="oc-b5">
         <name>.debug_abbrev</name>
         <load_address>0x1d89</load_address>
         <run_address>0x1d89</run_address>
         <size>0x26</size>
         <input_file_ref idref="fl-3d"/>
      </object_component>
      <object_component id="oc-b9">
         <name>.debug_abbrev</name>
         <load_address>0x1daf</load_address>
         <run_address>0x1daf</run_address>
         <size>0x124</size>
         <input_file_ref idref="fl-3e"/>
      </object_component>
      <object_component id="oc-bd">
         <name>.debug_abbrev</name>
         <load_address>0x1ed3</load_address>
         <run_address>0x1ed3</run_address>
         <size>0xd1</size>
         <input_file_ref idref="fl-3f"/>
      </object_component>
      <object_component id="oc-c3">
         <name>.debug_abbrev</name>
         <load_address>0x1fa4</load_address>
         <run_address>0x1fa4</run_address>
         <size>0x9f</size>
         <input_file_ref idref="fl-40"/>
      </object_component>
      <object_component id="oc-c9">
         <name>.debug_abbrev</name>
         <load_address>0x2043</load_address>
         <run_address>0x2043</run_address>
         <size>0x1f8</size>
         <input_file_ref idref="fl-41"/>
      </object_component>
      <object_component id="oc-cd">
         <name>.debug_abbrev</name>
         <load_address>0x223b</load_address>
         <run_address>0x223b</run_address>
         <size>0xec</size>
         <input_file_ref idref="fl-42"/>
      </object_component>
      <object_component id="oc-d1">
         <name>.debug_abbrev</name>
         <load_address>0x2327</load_address>
         <run_address>0x2327</run_address>
         <size>0xd5</size>
[...]
      </symbol>
      <symbol id="sm-134">
         <name>_setWritePointerToFirstChar</name>
         <value>0x24d13</value>
         <object_component_ref idref="oc-3b"/>
      </symbol>
      <symbol id="sm-135">
         <name>_clearLCD</name>
         <value>0x24d00</value>
         <object_component_ref idref="oc-3b"/>
      </symbol>
      <symbol id="sm-136">
         <name>_initPrintNumber</name>
         <value>0x24cfe</value>
         <object_component_ref idref="oc-3b"/>
      </symbol>
      <symbol id="sm-137">
         <name>_sign_width</name>
         <value>0x64ea</value>
         <object_component_ref idref="oc-3d"/>
      </symbol>
      <symbol id="sm-138">
         <name>_printChar</name>
         <value>0x24d26</value>
         <object_component_ref idref="oc-3b"/>
      </symbol>
      <symbol id="sm-152">
         <name>_shelvingPeek</name>
         <value>0x22dee</value>
         <object_component_ref idref="oc-42"/>
      </symbol>
      <symbol id="sm-153">
         <name>_calculatePeekCoeff</name>
         <value>0x22c32</value>
         <object_component_ref idref="oc-42"/>
      </symbol>
      <symbol id="sm-154">
         <name>_shelvingLP</name>
         <value>0x22d65</value>
         <object_component_ref idref="oc-42"/>
      </symbol>
      <symbol id="sm-155">
         <name>_shelvingHP</name>
         <value>0x22cdc</value>
         <object_component_ref idref="oc-42"/>
      </symbol>
      <symbol id="sm-156">
         <name>_calculateShelvingCoeff</name>
         <value>0x22bef</value>
         <object_component_ref idref="oc-42"/>
      </symbol>
      <symbol id="sm-164">
         <name>_EZDSP5535_waitusec</name>
         <value>0x24b63</value>
         <object_component_ref idref="oc-48"/>
      </symbol>
      <symbol id="sm-165">
         <name>_EZDSP5535_init</name>
         <value>0x24b75</value>
         <object_component_ref idref="oc-48"/>
      </symbol>
      <symbol id="sm-166">
         <name>_EZDSP5535_wait</name>
         <value>0x24b2f</value>
         <object_component_ref idref="oc-48"/>
      </symbol>
      <symbol id="sm-170">
         <name>__addd</name>
         <value>0x23354</value>
         <object_component_ref idref="oc-4d"/>
      </symbol>
      <symbol id="sm-17c">
         <name>__sysstack</name>
         <value>0x20c0</value>
         <object_component_ref idref="oc-12a"/>
      </symbol>
      <symbol id="sm-17d">
         <name>_c_int00</name>
         <value>0x24df8</value>
         <object_component_ref idref="oc-11"/>
      </symbol>
      <symbol id="sm-17e">
         <name>__stack</name>
         <value>0xc0</value>
         <object_component_ref idref="oc-51"/>
      </symbol>
      <symbol id="sm-18e">
         <name>C$$EXIT</name>
         <value>0x24f2c</value>
         <object_component_ref idref="oc-59"/>
      </symbol>
      <symbol id="sm-18f">
         <name>_exit</name>
         <value>0x24d7e</value>
         <object_component_ref idref="oc-55"/>
      </symbol>
      <symbol id="sm-190">
         <name>_abort</name>
         <value>0x24f2b</value>
         <object_component_ref idref="oc-59"/>
      </symbol>
      <symbol id="sm-191">
         <name>__cleanup_ptr</name>
         <value>0x62e0</value>
         <object_component_ref idref="oc-56"/>
      </symbol>
      <symbol id="sm-192">
         <name>__dtors_ptr</name>
         <value>0x62e4</value>
         <object_component_ref idref="oc-56"/>
      </symbol>
      <symbol id="sm-19c">
         <name>_fclose</name>
         <value>0x2474f</value>
         <object_component_ref idref="oc-5c"/>
      </symbol>
      <symbol id="sm-1a6">
         <name>__doflush</name>
         <value>0x24361</value>
         <object_component_ref idref="oc-60"/>
      </symbol>
      <symbol id="sm-1a7">
         <name>_fflush</name>
         <value>0x243ca</value>
         <object_component_ref idref="oc-60"/>
      </symbol>
      <symbol id="sm-1b1">
         <name>__fixdi</name>
         <value>0x24e2c</value>
         <object_component_ref idref="oc-64"/>
      </symbol>
      <symbol id="sm-1bb">
         <name>__fixdli</name>
         <value>0x24925</value>
         <object_component_ref idref="oc-68"/>
      </symbol>
      <symbol id="sm-1ca">
         <name>__cleanup</name>
         <value>0x22f98</value>
         <object_component_ref idref="oc-6c"/>
      </symbol>
      <symbol id="sm-1cb">
         <name>_fopen</name>
         <value>0x230bb</value>
         <object_component_ref idref="oc-6c"/>
      </symbol>
      <symbol id="sm-1cc">
         <name>_freopen</name>
         <value>0x22ff2</value>
         <object_component_ref idref="oc-6c"/>
      </symbol>
      <symbol id="sm-1d6">
         <name>_fread</name>
         <value>0x23ea7</value>
         <object_component_ref idref="oc-72"/>
      </symbol>
      <symbol id="sm-1e2">
         <name>_fwrite</name>
         <value>0x235ae</value>
         <object_component_ref idref="oc-76"/>
      </symbol>
      <symbol id="sm-1ea">
         <name>__remi</name>
         <value>0x24ddb</value>
         <object_component_ref idref="oc-7a"/>
      </symbol>
      <symbol id="sm-1eb">
         <name>__divi</name>
         <value>0x24dbc</value>
         <object_component_ref idref="oc-7a"/>
      </symbol>
      <symbol id="sm-1ec">
         <name>I$$MOD</name>
         <value>0x24ddb</value>
         <object_component_ref idref="oc-7a"/>
      </symbol>
      <symbol id="sm-1ed">
         <name>I$$DIV</name>
         <value>0x24dbc</value>
         <object_component_ref idref="oc-7a"/>
      </symbol>
      <symbol id="sm-1ff">
         <name>_add_device</name>
         <value>0x219f7</value>
         <object_component_ref idref="oc-7e"/>
      </symbol>
      <symbol id="sm-200">
         <name>_rename</name>
         <value>0x21719</value>
         <object_component_ref idref="oc-7e"/>
      </symbol>
      <symbol id="sm-201">
         <name>_read</name>
         <value>0x217a8</value>
         <object_component_ref idref="oc-7e"/>
      </symbol>
      <symbol id="sm-202">
         <name>_unlink</name>
         <value>0x216e6</value>
         <object_component_ref idref="oc-7e"/>
      </symbol>
      <symbol id="sm-203">
         <name>_remove_device</name>
         <value>0x21772</value>
         <object_component_ref idref="oc-7e"/>
      </symbol>
      <symbol id="sm-204">
         <name>_open</name>
         <value>0x21856</value>
         <object_component_ref idref="oc-7e"/>
      </symbol>
      <symbol id="sm-205">
         <name>_find_registered_device</name>
         <value>0x2197b</value>
         <object_component_ref idref="oc-7e"/>
      </symbol>
      <symbol id="sm-206">
         <name>_lseek</name>
         <value>0x21915</value>
         <object_component_ref idref="oc-7e"/>
      </symbol>
      <symbol id="sm-207">
         <name>_close</name>
         <value>0x21984</value>
         <object_component_ref idref="oc-7e"/>
      </symbol>
      <symbol id="sm-208">
         <name>_write</name>
         <value>0x215a4</value>
         <object_component_ref idref="oc-7e"/>
      </symbol>
      <symbol id="sm-210">
         <name>_memcpy</name>
         <value>0x24d3f</value>
         <object_component_ref idref="oc-84"/>
      </symbol>
      <symbol id="sm-220">
         <name>__sys_memory</name>
         <value>0x30c0</value>
         <object_component_ref idref="oc-8c"/>
      </symbol>
      <symbol id="sm-221">
         <name>_chkheap</name>
         <value>0x22496</value>
         <object_component_ref idref="oc-88"/>
      </symbol>
      <symbol id="sm-222">
         <name>_realloc</name>
         <value>0x22235</value>
         <object_component_ref idref="oc-88"/>
      </symbol>
      <symbol id="sm-223">
         <name>_free_memory</name>
         <value>0x22440</value>
         <object_component_ref idref="oc-88"/>
      </symbol>
      <symbol id="sm-224">
         <name>_max_free</name>
         <value>0x223e6</value>
         <object_component_ref idref="oc-88"/>
      </symbol>
      <symbol id="sm-225">
         <name>_free</name>
         <value>0x2200f</value>
         <object_component_ref idref="oc-88"/>
      </symbol>
      <symbol id="sm-226">
         <name>_calloc</name>
         <value>0x2249e</value>
         <object_component_ref idref="oc-88"/>
      </symbol>
      <symbol id="sm-227">
         <name>_malloc</name>
         <value>0x22140</value>
         <object_component_ref idref="oc-88"/>
      </symbol>
      <symbol id="sm-228">
         <name>_minit</name>
         <value>0x220db</value>
         <object_component_ref idref="oc-88"/>
      </symbol>
      <symbol id="sm-232">
         <name>_memset</name>
         <value>0x24ef6</value>
         <object_component_ref idref="oc-8f"/>
      </symbol>
      <symbol id="sm-23c">
         <name>__mpyd</name>
         <value>0x23c3b</value>
         <object_component_ref idref="oc-93"/>
      </symbol>
      <symbol id="sm-246">
         <name>__negd</name>
         <value>0x24f07</value>
         <object_component_ref idref="oc-97"/>
      </symbol>
      <symbol id="sm-250">
         <name>_printf</name>
         <value>0x24b83</value>
         <object_component_ref idref="oc-9b"/>
      </symbol>
      <symbol id="sm-25a">
         <name>_remove</name>
         <value>0x24f21</value>
         <object_component_ref idref="oc-9f"/>
      </symbol>
      <symbol id="sm-266">
         <name>_HOSTopen</name>
         <value>0x21df2</value>
         <object_component_ref idref="oc-a3"/>
      </symbol>
      <symbol id="sm-267">
         <name>_HOSTread</name>
         <value>0x21d65</value>
         <object_component_ref idref="oc-a3"/>
      </symbol>
      <symbol id="sm-268">
         <name>_HOSTtime</name>
         <value>0x21c59</value>
         <object_component_ref idref="oc-a3"/>
      </symbol>
      <symbol id="sm-269">
         <name>_getenv</name>
         <value>0x21ae7</value>
         <object_component_ref idref="oc-a3"/>
      </symbol>
      <symbol id="sm-26a">
         <name>_HOSTrename</name>
         <value>0x21cb7</value>
         <object_component_ref idref="oc-a3"/>
      </symbol>
      <symbol id="sm-26b">
         <name>_HOSTclock</name>
         <value>0x21fb1</value>
         <object_component_ref idref="oc-a3"/>
      </symbol>
      <symbol id="sm-26c">
         <name>_HOSTwrite</name>
         <value>0x21b62</value>
         <object_component_ref idref="oc-a3"/>
      </symbol>
      <symbol id="sm-26d">
         <name>_HOSTlseek</name>
         <value>0x21e91</value>
         <object_component_ref idref="oc-a3"/>
      </symbol>
      <symbol id="sm-26e">
         <name>_HOSTunlink</name>
         <value>0x21bef</value>
         <object_component_ref idref="oc-a3"/>
      </symbol>
      <symbol id="sm-26f">
         <name>_HOSTclose</name>
         <value>0x21f46</value>
         <object_component_ref idref="oc-a3"/>
      </symbol>
      <symbol id="sm-281">
         <name>C$$IO$$</name>
         <value>0x244d8</value>
         <object_component_ref idref="oc-ab"/>
      </symbol>
      <symbol id="sm-282">
         <name>__CIOBUF_</name>
         <value>0x40000</value>
         <object_component_ref idref="oc-aa"/>
      </symbol>
      <symbol id="sm-283">
         <name>_readmsg</name>
         <value>0x24994</value>
         <object_component_ref idref="oc-a8"/>
      </symbol>
      <symbol id="sm-284">
         <name>_writemsg</name>
         <value>0x24423</value>
         <object_component_ref idref="oc-ab"/>
      </symbol>
      <symbol id="sm-28c">
         <name>__remu</name>
         <value>0x24e6b</value>
         <object_component_ref idref="oc-ae"/>
      </symbol>
      <symbol id="sm-28d">
         <name>__divu</name>
         <value>0x24e56</value>
         <object_component_ref idref="oc-ae"/>
      </symbol>
      <symbol id="sm-28e">
         <name>I$$UMOD</name>
         <value>0x24e6b</value>
         <object_component_ref idref="oc-ae"/>
      </symbol>
      <symbol id="sm-28f">
         <name>I$$UDIV</name>
         <value>0x24e56</value>
         <object_component_ref idref="oc-ae"/>
      </symbol>
      <symbol id="sm-299">
         <name>_Reset</name>
         <value>0x4fe00</value>
         <object_component_ref idref="oc-12"/>
      </symbol>
      <symbol id="sm-2a3">
         <name>__buff_read</name>
         <value>0x244dd</value>
         <object_component_ref idref="oc-b6"/>
      </symbol>
      <symbol id="sm-2ad">
         <name>__rd_ok</name>
         <value>0x24304</value>
         <object_component_ref idref="oc-ba"/>
      </symbol>
      <symbol id="sm-2ae">
         <name>__wrt_ok</name>
         <value>0x24284</value>
         <object_component_ref idref="oc-ba"/>
      </symbol>
      <symbol id="sm-2bc">
         <name>__unlock</name>
         <value>0x62dc</value>
         <object_component_ref idref="oc-bf"/>
      </symbol>
      <symbol id="sm-2bd">
         <name>__lock</name>
         <value>0x62d8</value>
         <object_component_ref idref="oc-bf"/>
      </symbol>
      <symbol id="sm-2be">
         <name>__register_lock</name>
         <value>0x24eec</value>
         <object_component_ref idref="oc-be"/>
      </symbol>
      <symbol id="sm-2bf">
         <name>__nop</name>
         <value>0x24ef4</value>
         <object_component_ref idref="oc-be"/>
      </symbol>
      <symbol id="sm-2c0">
         <name>__register_unlock</name>
         <value>0x24ee4</value>
         <object_component_ref idref="oc-be"/>
      </symbol>
      <symbol id="sm-2d2">
         <name>__printfi</name>
         <value>0x21362</value>
         <object_component_ref idref="oc-c4"/>
      </symbol>
      <symbol id="sm-2dc">
         <name>__args_main</name>
         <value>0x24c20</value>
         <object_component_ref idref="oc-ca"/>
      </symbol>
      <symbol id="sm-2dd">
         <name>__TI_args_main</name>
         <value>0x1</value>
      </symbol>
      <symbol id="sm-2e7">
         <name>_atoi</name>
         <value>0x24ad3</value>
         <object_component_ref idref="oc-ce"/>
      </symbol>
      <symbol id="sm-2ef">
         <name>_auto_init</name>
         <value>0x24bd3</value>
         <object_component_ref idref="oc-d2"/>
      </symbol>
      <symbol id="sm-2f9">
         <name>__eqld</name>
         <value>0x238fa</value>
         <object_component_ref idref="oc-d6"/>
      </symbol>
      <symbol id="sm-2fa">
         <name>__cmpd</name>
         <value>0x2392e</value>
         <object_component_ref idref="oc-d6"/>
      </symbol>
      <symbol id="sm-2fb">
         <name>__neqd</name>
         <value>0x2379c</value>
         <object_component_ref idref="oc-d6"/>
      </symbol>
      <symbol id="sm-2fc">
         <name>__gtrd</name>
         <value>0x23865</value>
         <object_component_ref idref="oc-d6"/>
      </symbol>
      <symbol id="sm-2fd">
         <name>__geqd</name>
         <value>0x238b0</value>
         <object_component_ref idref="oc-d6"/>
      </symbol>
      <symbol id="sm-2fe">
         <name>__leqd</name>
         <value>0x23818</value>
         <object_component_ref idref="oc-d6"/>
      </symbol>
      <symbol id="sm-2ff">
         <name>__lssd</name>
         <value>0x237d0</value>
         <object_component_ref idref="oc-d6"/>
      </symbol>
      <symbol id="sm-307">
         <name>__ctypes_</name>
         <value>0x62e8</value>
         <object_component_ref idref="oc-12c"/>
      </symbol>
      <symbol id="sm-311">
         <name>__tmpnams</name>
         <value>0x5ef0</value>
         <object_component_ref idref="oc-dc"/>
      </symbol>
      <symbol id="sm-312">
         <name>__ft_end</name>
         <value>0x6030</value>
         <object_component_ref idref="oc-dc"/>
      </symbol>
      <symbol id="sm-313">
         <name>__ftable</name>
         <value>0x5e00</value>
         <object_component_ref idref="oc-dc"/>
      </symbol>
      <symbol id="sm-31f">
         <name>__divd</name>
         <value>0x224c4</value>
         <object_component_ref idref="oc-e0"/>
      </symbol>
      <symbol id="sm-32a">
         <name>__divul</name>
         <value>0x24631</value>
         <object_component_ref idref="oc-e4"/>
      </symbol>
      <symbol id="sm-336">
         <name>__fltlid</name>
         <value>0x24a6c</value>
         <object_component_ref idref="oc-e8"/>
      </symbol>
      <symbol id="sm-340">
         <name>_putchar</name>
         <value>0x24622</value>
         <object_component_ref idref="oc-ed"/>
      </symbol>
      <symbol id="sm-341">
         <name>_putc</name>
         <value>0x2458b</value>
         <object_component_ref idref="oc-ed"/>
      </symbol>
      <symbol id="sm-342">
         <name>_fputc</name>
         <value>0x2458b</value>
         <object_component_ref idref="oc-ed"/>
      </symbol>
      <symbol id="sm-350">
         <name>_puts</name>
         <value>0x23abb</value>
         <object_component_ref idref="oc-f1"/>
      </symbol>
      <symbol id="sm-351">
         <name>_fputs</name>
         <value>0x23986</value>
         <object_component_ref idref="oc-f1"/>
      </symbol>
      <symbol id="sm-35b">
         <name>__frcmpyd</name>
         <value>0x247ca</value>
         <object_component_ref idref="oc-f6"/>
      </symbol>
      <symbol id="sm-365">
         <name>__frcmpyd_div</name>
         <value>0x24840</value>
         <object_component_ref idref="oc-fa"/>
      </symbol>
      <symbol id="sm-36f">
         <name>_fseek</name>
         <value>0x24a01</value>
         <object_component_ref idref="oc-fe"/>
      </symbol>
      <symbol id="sm-379">
         <name>___isinf</name>
         <value>0x24ea3</value>
         <object_component_ref idref="oc-102"/>
      </symbol>
      <symbol id="sm-383">
         <name>__divull</name>
         <value>0x2322b</value>
         <object_component_ref idref="oc-106"/>
      </symbol>
      <symbol id="sm-384">
         <name>__mpylli</name>
         <value>0x23173</value>
         <object_component_ref idref="oc-106"/>
      </symbol>
      <symbol id="sm-385">
         <name>__remlli</name>
         <value>0x23144</value>
         <object_component_ref idref="oc-106"/>
      </symbol>
      <symbol id="sm-386">
         <name>__divlli</name>
         <value>0x2331f</value>
         <object_component_ref idref="oc-106"/>
      </symbol>
      <symbol id="sm-387">
         <name>__remull</name>
         <value>0x230f6</value>
         <object_component_ref idref="oc-106"/>
      </symbol>
      <symbol id="sm-38f">
         <name>__mpyli</name>
         <value>0x24ed1</value>
         <object_component_ref idref="oc-10a"/>
      </symbol>
      <symbol id="sm-390">
         <name>I$$LMPY</name>
         <value>0x24ed1</value>
         <object_component_ref idref="oc-10a"/>
      </symbol>
      <symbol id="sm-39a">
         <name>_ltoa</name>
         <value>0x246d2</value>
         <object_component_ref idref="oc-10e"/>
      </symbol>
      <symbol id="sm-3a5">
         <name>_memccpy</name>
         <value>0x24e80</value>
         <object_component_ref idref="oc-112"/>
      </symbol>
      <symbol id="sm-3af">
         <name>__remli</name>
         <value>0x24c6b</value>
         <object_component_ref idref="oc-116"/>
      </symbol>
      <symbol id="sm-3ba">
         <name>__remul</name>
         <value>0x248b3</value>
         <object_component_ref idref="oc-11a"/>
      </symbol>
      <symbol id="sm-3c4">
         <name>_setvbuf</name>
         <value>0x2419e</value>
         <object_component_ref idref="oc-11e"/>
      </symbol>
      <symbol id="sm-3ce">
         <name>__subd</name>
         <value>0x24ebd</value>
         <object_component_ref idref="oc-122"/>
      </symbol>
      <symbol id="sm-3d8">
         <name>__divli</name>
         <value>0x24cb6</value>
         <object_component_ref idref="oc-126"/>
      </symbol>
   </symbol_table>
</link_info>
